Product: MDK-ARM Professional 5.10
Component: ARM Compiler 5.04 update 1 (build 49)
Tool: armlink [5040049]

==============================================================================

Section Cross References

    startup_stm32f40_41xxx.o(STACK) refers (Special) to heapauxi.o(.text) for __use_two_region_memory
    startup_stm32f40_41xxx.o(HEAP) refers (Special) to heapauxi.o(.text) for __use_two_region_memory
    startup_stm32f40_41xxx.o(RESET) refers (Special) to heapauxi.o(.text) for __use_two_region_memory
    startup_stm32f40_41xxx.o(RESET) refers to startup_stm32f40_41xxx.o(STACK) for __initial_sp
    startup_stm32f40_41xxx.o(RESET) refers to startup_stm32f40_41xxx.o(.text) for Reset_Handler
    startup_stm32f40_41xxx.o(RESET) refers to stm32f4xx_it.o(.text) for NMI_Handler
    startup_stm32f40_41xxx.o(RESET) refers to stm32_usart.o(.text) for USART1_IRQHandler
    startup_stm32f40_41xxx.o(.text) refers (Special) to heapauxi.o(.text) for __use_two_region_memory
    startup_stm32f40_41xxx.o(.text) refers to system_stm32f4xx.o(.text) for SystemInit
    startup_stm32f40_41xxx.o(.text) refers to __main.o(!!!main) for __main
    startup_stm32f40_41xxx.o(.text) refers to startup_stm32f40_41xxx.o(HEAP) for Heap_Mem
    startup_stm32f40_41xxx.o(.text) refers to startup_stm32f40_41xxx.o(STACK) for Stack_Mem
    stm32f4xx_adc.o(.text) refers to stm32f4xx_rcc.o(.text) for RCC_APB2PeriphResetCmd
    stm32f4xx_can.o(.text) refers to stm32f4xx_rcc.o(.text) for RCC_APB1PeriphResetCmd
    stm32f4xx_cryp.o(.text) refers to stm32f4xx_rcc.o(.text) for RCC_AHB2PeriphResetCmd
    stm32f4xx_cryp_aes.o(.text) refers to stm32f4xx_cryp.o(.text) for CRYP_KeyStructInit
    stm32f4xx_cryp_des.o(.text) refers to stm32f4xx_cryp.o(.text) for CRYP_KeyStructInit
    stm32f4xx_cryp_tdes.o(.text) refers to stm32f4xx_cryp.o(.text) for CRYP_KeyStructInit
    stm32f4xx_dac.o(.text) refers to stm32f4xx_rcc.o(.text) for RCC_APB1PeriphResetCmd
    stm32f4xx_dma2d.o(.text) refers to stm32f4xx_rcc.o(.text) for RCC_AHB1PeriphResetCmd
    stm32f4xx_fsmc.o(.text) refers to stm32f4xx_fsmc.o(.constdata) for FSMC_DefaultTimingStruct
    stm32f4xx_gpio.o(.text) refers to stm32f4xx_rcc.o(.text) for RCC_AHB1PeriphResetCmd
    stm32f4xx_hash.o(.text) refers to stm32f4xx_rcc.o(.text) for RCC_AHB2PeriphResetCmd
    stm32f4xx_hash_md5.o(.text) refers to stm32f4xx_hash.o(.text) for HASH_DeInit
    stm32f4xx_hash_sha1.o(.text) refers to stm32f4xx_hash.o(.text) for HASH_DeInit
    stm32f4xx_i2c.o(.text) refers to stm32f4xx_rcc.o(.text) for RCC_APB1PeriphResetCmd
    stm32f4xx_ltdc.o(.text) refers to stm32f4xx_rcc.o(.text) for RCC_APB2PeriphResetCmd
    stm32f4xx_pwr.o(.text) refers to stm32f4xx_rcc.o(.text) for RCC_APB1PeriphResetCmd
    stm32f4xx_rcc.o(.text) refers to stm32f4xx_rcc.o(.data) for APBAHBPrescTable
    stm32f4xx_rng.o(.text) refers to stm32f4xx_rcc.o(.text) for RCC_AHB2PeriphResetCmd
    stm32f4xx_sai.o(.text) refers to stm32f4xx_rcc.o(.text) for RCC_APB2PeriphResetCmd
    stm32f4xx_sdio.o(.text) refers to stm32f4xx_rcc.o(.text) for RCC_APB2PeriphResetCmd
    stm32f4xx_spi.o(.text) refers to stm32f4xx_rcc.o(.text) for RCC_APB2PeriphResetCmd
    stm32f4xx_syscfg.o(.text) refers to stm32f4xx_rcc.o(.text) for RCC_APB2PeriphResetCmd
    stm32f4xx_tim.o(.text) refers to stm32f4xx_rcc.o(.text) for RCC_APB2PeriphResetCmd
    stm32f4xx_usart.o(.text) refers to stm32f4xx_rcc.o(.text) for RCC_APB2PeriphResetCmd
    stm32f4xx_wwdg.o(.text) refers to stm32f4xx_rcc.o(.text) for RCC_APB1PeriphResetCmd
    system_stm32f4xx.o(.text) refers to system_stm32f4xx.o(.data) for SystemCoreClock
    stm32_delay.o(.text) refers to misc.o(.text) for SysTick_CLKSourceConfig
    stm32_delay.o(.text) refers to stm32_delay.o(.data) for fac_us
    stm32_usart.o(.rev16_text) refers (Special) to use_no_semi_2.o(.text) for __use_no_semihosting
    stm32_usart.o(.revsh_text) refers (Special) to use_no_semi_2.o(.text) for __use_no_semihosting
    stm32_usart.o(.text) refers (Special) to use_no_semi_2.o(.text) for __use_no_semihosting
    stm32_usart.o(.text) refers to stm32f4xx_rcc.o(.text) for RCC_AHB1PeriphClockCmd
    stm32_usart.o(.text) refers to stm32f4xx_gpio.o(.text) for GPIO_PinAFConfig
    stm32_usart.o(.text) refers to stm32f4xx_usart.o(.text) for USART_Init
    stm32_usart.o(.text) refers to misc.o(.text) for NVIC_Init
    stm32_usart.o(.text) refers to stm32_usart.o(.data) for USART_RX_STA
    stm32_usart.o(.text) refers to stm32_usart.o(.bss) for USART_RX_BUF
    stm32_usart.o(.bss) refers (Special) to use_no_semi_2.o(.text) for __use_no_semihosting
    stm32_usart.o(.data) refers (Special) to use_no_semi_2.o(.text) for __use_no_semihosting
    hnit_led.o(.text) refers to stm32f4xx_rcc.o(.text) for RCC_AHB1PeriphClockCmd
    hnit_led.o(.text) refers to stm32f4xx_gpio.o(.text) for GPIO_Init
    hnit_key.o(.text) refers to stm32f4xx_rcc.o(.text) for RCC_AHB1PeriphClockCmd
    hnit_key.o(.text) refers to stm32f4xx_gpio.o(.text) for GPIO_Init
[...]
    .ARM.Collect$$_printf_percent$$00000017  0x0800020e   Section        4  _printf_percent_end.o(.ARM.Collect$$_printf_percent$$00000017)
    .ARM.Collect$$libinit$$00000000          0x08000212   Section        2  libinit.o(.ARM.Collect$$libinit$$00000000)
    .ARM.Collect$$libinit$$00000001          0x08000214   Section        4  libinit2.o(.ARM.Collect$$libinit$$00000001)
    .ARM.Collect$$libinit$$00000008          0x08000218   Section        0  libinit2.o(.ARM.Collect$$libinit$$00000008)
    .ARM.Collect$$libinit$$0000000A          0x08000218   Section        0  libinit2.o(.ARM.Collect$$libinit$$0000000A)
    .ARM.Collect$$libinit$$0000000C          0x08000218   Section        0  libinit2.o(.ARM.Collect$$libinit$$0000000C)
    .ARM.Collect$$libinit$$0000000D          0x08000218   Section        6  libinit2.o(.ARM.Collect$$libinit$$0000000D)
    .ARM.Collect$$libinit$$0000000F          0x0800021e   Section        0  libinit2.o(.ARM.Collect$$libinit$$0000000F)
    .ARM.Collect$$libinit$$00000011          0x0800021e   Section        0  libinit2.o(.ARM.Collect$$libinit$$00000011)
    .ARM.Collect$$libinit$$00000013          0x0800021e   Section        0  libinit2.o(.ARM.Collect$$libinit$$00000013)
    .ARM.Collect$$libinit$$00000014          0x0800021e   Section       10  libinit2.o(.ARM.Collect$$libinit$$00000014)
    .ARM.Collect$$libinit$$00000015          0x08000228   Section        0  libinit2.o(.ARM.Collect$$libinit$$00000015)
    .ARM.Collect$$libinit$$00000017          0x08000228   Section        0  libinit2.o(.ARM.Collect$$libinit$$00000017)
    .ARM.Collect$$libinit$$00000019          0x08000228   Section        0  libinit2.o(.ARM.Collect$$libinit$$00000019)
    .ARM.Collect$$libinit$$0000001B          0x08000228   Section        0  libinit2.o(.ARM.Collect$$libinit$$0000001B)
    .ARM.Collect$$libinit$$0000001D          0x08000228   Section        0  libinit2.o(.ARM.Collect$$libinit$$0000001D)
    .ARM.Collect$$libinit$$0000001F          0x08000228   Section        0  libinit2.o(.ARM.Collect$$libinit$$0000001F)
    .ARM.Collect$$libinit$$00000021          0x08000228   Section        0  libinit2.o(.ARM.Collect$$libinit$$00000021)
    .ARM.Collect$$libinit$$00000023          0x08000228   Section        0  libinit2.o(.ARM.Collect$$libinit$$00000023)
    .ARM.Collect$$libinit$$0000002A          0x08000228   Section        0  libinit2.o(.ARM.Collect$$libinit$$0000002A)
    .ARM.Collect$$libinit$$0000002C          0x08000228   Section        0  libinit2.o(.ARM.Collect$$libinit$$0000002C)
    .ARM.Collect$$libinit$$0000002E          0x08000228   Section        0  libinit2.o(.ARM.Collect$$libinit$$0000002E)
    .ARM.Collect$$libinit$$00000030          0x08000228   Section        0  libinit2.o(.ARM.Collect$$libinit$$00000030)
    .ARM.Collect$$libinit$$00000031          0x08000228   Section        2  libinit2.o(.ARM.Collect$$libinit$$00000031)
    .ARM.Collect$$libshutdown$$00000000      0x0800022a   Section        2  libshutdown.o(.ARM.Collect$$libshutdown$$00000000)
    .ARM.Collect$$libshutdown$$00000003      0x0800022c   Section        0  libshutdown2.o(.ARM.Collect$$libshutdown$$00000003)
    .ARM.Collect$$libshutdown$$00000006      0x0800022c   Section        0  libshutdown2.o(.ARM.Collect$$libshutdown$$00000006)
    .ARM.Collect$$libshutdown$$00000009      0x0800022c   Section        0  libshutdown2.o(.ARM.Collect$$libshutdown$$00000009)
    .ARM.Collect$$libshutdown$$0000000B      0x0800022c   Section        0  libshutdown2.o(.ARM.Collect$$libshutdown$$0000000B)
    .ARM.Collect$$libshutdown$$0000000E      0x0800022c   Section        0  libshutdown2.o(.ARM.Collect$$libshutdown$$0000000E)
    .ARM.Collect$$libshutdown$$0000000F      0x0800022c   Section        2  libshutdown2.o(.ARM.Collect$$libshutdown$$0000000F)
    .ARM.Collect$$rtentry$$00000000          0x0800022e   Section        0  rtentry.o(.ARM.Collect$$rtentry$$00000000)
    .ARM.Collect$$rtentry$$00000002          0x0800022e   Section        0  rtentry2.o(.ARM.Collect$$rtentry$$00000002)
    .ARM.Collect$$rtentry$$00000004          0x0800022e   Section        6  rtentry4.o(.ARM.Collect$$rtentry$$00000004)
    .ARM.Collect$$rtentry$$00000009          0x08000234   Section        0  rtentry2.o(.ARM.Collect$$rtentry$$00000009)
    .ARM.Collect$$rtentry$$0000000A          0x08000234   Section        4  rtentry2.o(.ARM.Collect$$rtentry$$0000000A)
    .ARM.Collect$$rtentry$$0000000C          0x08000238   Section        0  rtentry2.o(.ARM.Collect$$rtentry$$0000000C)
    .ARM.Collect$$rtentry$$0000000D          0x08000238   Section        8  rtentry2.o(.ARM.Collect$$rtentry$$0000000D)
    .ARM.Collect$$rtexit$$00000000           0x08000240   Section        2  rtexit.o(.ARM.Collect$$rtexit$$00000000)
    .ARM.Collect$$rtexit$$00000002           0x08000242   Section        0  rtexit2.o(.ARM.Collect$$rtexit$$00000002)
    .ARM.Collect$$rtexit$$00000003           0x08000242   Section        4  rtexit2.o(.ARM.Collect$$rtexit$$00000003)
    .ARM.Collect$$rtexit$$00000004           0x08000246   Section        6  rtexit2.o(.ARM.Collect$$rtexit$$00000004)
    .text                                    0x0800024c   Section       64  startup_stm32f40_41xxx.o(.text)
    $v0                                      0x0800024c   Number         0  startup_stm32f40_41xxx.o(.text)
    .text                                    0x0800028c   Section        0  misc.o(.text)
    .text                                    0x0800036c   Section        0  stm32f4xx_fsmc.o(.text)
    .text                                    0x08000934   Section        0  stm32f4xx_gpio.o(.text)
    .text                                    0x08000bc8   Section        0  stm32f4xx_rcc.o(.text)
    .text                                    0x08001224   Section        0  stm32f4xx_usart.o(.text)
    .text                                    0x08001678   Section        0  stm32f4xx_it.o(.text)
    .text                                    0x08001694   Section        0  system_stm32f4xx.o(.text)
    SetSysClock                              0x08001695   Thumb Code   220  system_stm32f4xx.o(.text)
    .text                                    0x080018a4   Section        0  stm32_delay.o(.text)
    .text                                    0x080019a8   Section        0  stm32_usart.o(.text)
    .text                                    0x08001afc   Section        0  hnit_led.o(.text)
    .text                                    0x08001b3c   Section        0  hnit_key.o(.text)
    .text                                    0x08001b70   Section        0  hnit_lcd.o(.text)
    .text                                    0x080065a8   Section        0  hnit_sram.o(.text)
    .text                                    0x080068a8   Section        0  main.o(.text)
    .text                                    0x08006914   Section        0  hnit_jpeg.o(.text)
    alpha                                    0x08006b57   Thumb Code    62  hnit_jpeg.o(.text)
    .text                                    0x08007748   Section        2  use_no_semi_2.o(.text)
    .text                                    0x0800774c   Section        0  noretval__2printf.o(.text)
    .text                                    0x08007764   Section        0  __printf.o(.text)
    .text                                    0x080077cc   Section        0  _printf_dec.o(.text)
    .text                                    0x08007840   Section        0  _printf_hex_int.o(.text)
    .text                                    0x08007898   Section       68  rt_memclr.o(.text)
    .text                                    0x080078dc   Section       78  rt_memclr_w.o(.text)
    .text                                    0x0800792a   Section        0  heapauxi.o(.text)
    .text                                    0x08007930   Section        2  use_no_semi.o(.text)
    .text                                    0x08007932   Section        0  _rserrno.o(.text)
    .text                                    0x08007948   Section        0  _printf_intcommon.o(.text)
    .text                                    0x080079fa   Section        0  _printf_fp_dec.o(.text)
    _fp_digits                               0x080079fd   Thumb Code   428  _printf_fp_dec.o(.text)
    .text                                    0x08007e10   Section        0  _printf_char_file.o(.text)
    .text                                    0x08007e34   Section        8  rt_locale_intlibspace.o(.text)
    .text                                    0x08007e3c   Section        8  rt_errno_addr_intlibspace.o(.text)
    .text                                    0x08007e44   Section      138  lludiv10.o(.text)
    .text                                    0x08007ed0   Section        0  _printf_char_common.o(.text)
    _printf_input_char                       0x08007ed1   Thumb Code    10  _printf_char_common.o(.text)
    .text                                    0x08007f00   Section        0  _printf_fp_infnan.o(.text)
    .text                                    0x08007f80   Section        0  bigflt0.o(.text)
    .text                                    0x08008058   Section        0  ferror.o(.text)
    .text                                    0x08008060   Section        8  libspace.o(.text)
    .text                                    0x08008068   Section       74  sys_stackheap_outer.o(.text)
    .text                                    0x080080b2   Section        0  exit.o(.text)
    .text                                    0x080080c0   Section      128  strcmpv7m.o(.text)
    CL$$btod_d2e                             0x08008140   Section       62  btod.o(CL$$btod_d2e)
    CL$$btod_d2e_denorm_low                  0x0800817e   Section       70  btod.o(CL$$btod_d2e_denorm_low)
    CL$$btod_d2e_norm_op1                    0x080081c4   Section       96  btod.o(CL$$btod_d2e_norm_op1)
    CL$$btod_div_common                      0x08008224   Section      824  btod.o(CL$$btod_div_common)
    CL$$btod_e2e                             0x0800855c   Section      198  btod.o(CL$$btod_e2e)
    CL$$btod_ediv                            0x08008622   Section       40  btod.o(CL$$btod_ediv)
    CL$$btod_emul                            0x0800864a   Section       40  btod.o(CL$$btod_emul)
    CL$$btod_mult_common                     0x08008672   Section      580  btod.o(CL$$btod_mult_common)
    i.__ARM_fpclassify                       0x080088b6   Section        0  fpclassify.o(i.__ARM_fpclassify)
    i.__hardfp_cos                           0x080088e8   Section        0  cos.o(i.__hardfp_cos)
    i.__hardfp_sqrt                          0x080089c0   Section        0  sqrt.o(i.__hardfp_sqrt)
    i.__ieee754_rem_pio2                     0x08008a40   Section        0  rred.o(i.__ieee754_rem_pio2)
    i.__kernel_cos                           0x08008e78   Section        0  cos_i.o(i.__kernel_cos)
    i.__kernel_poly                          0x08008fe8   Section        0  poly.o(i.__kernel_poly)
    i.__kernel_sin                           0x080090e0   Section        0  sin_i.o(i.__kernel_sin)
    i.__mathlib_dbl_underflow                0x08009210   Section        0  dunder.o(i.__mathlib_dbl_underflow)
    i.fabs                                   0x08009230   Section        0  fabs.o(i.fabs)
    locale$$code                             0x08009248   Section       44  lc_numeric_c.o(locale$$code)
    x$fpl$basic                              0x08009274   Section       24  basic.o(x$fpl$basic)
    $v0                                      0x08009274   Number         0  basic.o(x$fpl$basic)
    x$fpl$d2f                                0x0800928c   Section       98  d2f.o(x$fpl$d2f)
    $v0                                      0x0800928c   Number         0  d2f.o(x$fpl$d2f)
    x$fpl$dadd                               0x080092f0   Section      336  daddsub_clz.o(x$fpl$dadd)
    $v0                                      0x080092f0   Number         0  daddsub_clz.o(x$fpl$dadd)
    _dadd1                                   0x08009301   Thumb Code     0  daddsub_clz.o(x$fpl$dadd)
    x$fpl$ddiv                               0x08009440   Section      688  ddiv.o(x$fpl$ddiv)
    $v0                                      0x08009440   Number         0  ddiv.o(x$fpl$ddiv)
    ddiv_entry                               0x08009447   Thumb Code     0  ddiv.o(x$fpl$ddiv)
    x$fpl$dfix                               0x080096f0   Section       94  dfix.o(x$fpl$dfix)
    $v0                                      0x080096f0   Number         0  dfix.o(x$fpl$dfix)
    x$fpl$dflt                               0x0800974e   Section       46  dflt_clz.o(x$fpl$dflt)
    $v0                                      0x0800974e   Number         0  dflt_clz.o(x$fpl$dflt)
    x$fpl$dfltu                              0x0800977c   Section       38  dflt_clz.o(x$fpl$dfltu)
    $v0                                      0x0800977c   Number         0  dflt_clz.o(x$fpl$dfltu)
    x$fpl$dmul                               0x080097a4   Section      340  dmul.o(x$fpl$dmul)
    $v0                                      0x080097a4   Number         0  dmul.o(x$fpl$dmul)
    x$fpl$dnaninf                            0x080098f8   Section      156  dnaninf.o(x$fpl$dnaninf)
    $v0                                      0x080098f8   Number         0  dnaninf.o(x$fpl$dnaninf)
    x$fpl$dretinf                            0x08009994   Section       12  dretinf.o(x$fpl$dretinf)
    $v0                                      0x08009994   Number         0  dretinf.o(x$fpl$dretinf)
    x$fpl$drsb                               0x080099a0   Section       22  daddsub_clz.o(x$fpl$drsb)
    $v0                                      0x080099a0   Number         0  daddsub_clz.o(x$fpl$drsb)
    x$fpl$dsqrt                              0x080099b8   Section      408  dsqrt_umaal.o(x$fpl$dsqrt)
    $v0                                      0x080099b8   Number         0  dsqrt_umaal.o(x$fpl$dsqrt)
    x$fpl$dsub                               0x08009b50   Section      468  daddsub_clz.o(x$fpl$dsub)
    $v0                                      0x08009b50   Number         0  daddsub_clz.o(x$fpl$dsub)
    _dsub1                                   0x08009b61   Thumb Code     0  daddsub_clz.o(x$fpl$dsub)
    x$fpl$f2d                                0x08009d24   Section       86  f2d.o(x$fpl$f2d)
    $v0                                      0x08009d24   Number         0  f2d.o(x$fpl$f2d)
    x$fpl$fnaninf                            0x08009d7a   Section      140  fnaninf.o(x$fpl$fnaninf)
    $v0                                      0x08009d7a   Number         0  fnaninf.o(x$fpl$fnaninf)
    x$fpl$fpinit                             0x08009e06   Section       10  fpinit.o(x$fpl$fpinit)
    $v0                                      0x08009e06   Number         0  fpinit.o(x$fpl$fpinit)
    x$fpl$fretinf                            0x08009e10   Section       10  fretinf.o(x$fpl$fretinf)
    $v0                                      0x08009e10   Number         0  fretinf.o(x$fpl$fretinf)
    x$fpl$printf1                            0x08009e1a   Section        4  printf1.o(x$fpl$printf1)
    $v0                                      0x08009e1a   Number         0  printf1.o(x$fpl$printf1)
    x$fpl$usenofp                            0x08009e1e   Section        0  usenofp.o(x$fpl$usenofp)
    .constdata                               0x08009e20   Section       28  stm32f4xx_fsmc.o(.constdata)
    .constdata                               0x08009e3c   Section     6080  hnit_lcd.o(.constdata)
    .constdata                               0x0800b5fc   Section    158068  hnit_jpeg.o(.constdata)
    .constdata                               0x08031f70   Section       40  _printf_hex_int.o(.constdata)
    uc_hextab                                0x08031f70   Data          20  _printf_hex_int.o(.constdata)
    lc_hextab                                0x08031f84   Data          20  _printf_hex_int.o(.constdata)
    .constdata                               0x08031f98   Section       48  cos_i.o(.constdata)
    C                                        0x08031f98   Data          48  cos_i.o(.constdata)
    .constdata                               0x08031fc8   Section      200  rred.o(.constdata)
    pio2s                                    0x08031fc8   Data          48  rred.o(.constdata)
    twooverpi                                0x08031ff8   Data         152  rred.o(.constdata)
    .constdata                               0x08032090   Section       40  sin_i.o(.constdata)
    S                                        0x08032090   Data          40  sin_i.o(.constdata)
    .constdata                               0x080320b8   Section      148  bigflt0.o(.constdata)
    tenpwrs_x                                0x080320b8   Data          60  bigflt0.o(.constdata)
    tenpwrs_i                                0x080320f4   Data          64  bigflt0.o(.constdata)
    locale$$data                             0x0803216c   Section       28  lc_numeric_c.o(locale$$data)
    __lcnum_c_name                           0x08032170   Data           2  lc_numeric_c.o(locale$$data)
    __lcnum_c_start                          0x08032178   Data           0  lc_numeric_c.o(locale$$data)
    __lcnum_c_point                          0x08032184   Data           0  lc_numeric_c.o(locale$$data)
    __lcnum_c_thousands                      0x08032186   Data           0  lc_numeric_c.o(locale$$data)
    __lcnum_c_grouping                       0x08032187   Data           0  lc_numeric_c.o(locale$$data)
    __lcnum_c_end                            0x08032188   Data           0  lc_numeric_c.o(locale$$data)
    .data                                    0x20000000   Section       16  stm32f4xx_rcc.o(.data)
    APBAHBPrescTable                         0x20000000   Data          16  stm32f4xx_rcc.o(.data)
    .data                                    0x20000010   Section       20  system_stm32f4xx.o(.data)
    .data                                    0x20000024   Section        4  stm32_delay.o(.data)
    fac_us                                   0x20000024   Data           1  stm32_delay.o(.data)
    fac_ms                                   0x20000026   Data           2  stm32_delay.o(.data)
    .data                                    0x20000028   Section        6  stm32_usart.o(.data)
    .data                                    0x2000002e   Section        4  hnit_lcd.o(.data)
    .data                                    0x20000034   Section      136  hnit_jpeg.o(.data)
    .bss                                     0x200000bc   Section      200  stm32_usart.o(.bss)
    .bss                                     0x20000184   Section       14  hnit_lcd.o(.bss)
    .bss                                     0x20000194   Section       96  libspace.o(.bss)
    HEAP                                     0x200001f8   Section      512  startup_stm32f40_41xxx.o(HEAP)
    Heap_Mem                                 0x200001f8   Data         512  startup_stm32f40_41xxx.o(HEAP)
    STACK                                    0x200003f8   Section     1024  startup_stm32f40_41xxx.o(STACK)
    Stack_Mem                                0x200003f8   Data        1024  startup_stm32f40_41xxx.o(STACK)
    __initial_sp                             0x200007f8   Data           0  startup_stm32f40_41xxx.o(STACK)
    .ARM.__AT_0x68000000                     0x68000000   Section    153600  hnit_jpeg.o(.ARM.__AT_0x68000000)
    .ARM.__AT_0x68025800                     0x68025800   Section    153600  hnit_jpeg.o(.ARM.__AT_0x68025800)

    Global Symbols

    Symbol Name                              Value     Ov Type        Size  Object(Section)

    BuildAttributes$$THM_ISAv4$E$P$D$K$B$S$7EM$VFPi3$EXTD16$VFPS$VFMA$PE$A:L22UL41UL21$X:L11$S22US41US21$IEEE1$IW$USESV6$~STKCKD$USESV7$~SHL$OTIME$ROPI$IEEEX$EBA8$UX$STANDARDLIB$REQ8$PRES8$EABIv2 0x00000000   Number         0  anon$$obj.o ABSOLUTE
    __ARM_use_no_argv                        0x00000000   Number         0  main.o ABSOLUTE
    __ARM_exceptions_init                     - Undefined Weak Reference
    __alloca_initialize                       - Undefined Weak Reference
    __cpp_initialize__aeabi_                  - Undefined Weak Reference
    __cxa_finalize                            - Undefined Weak Reference
    __sigvec_lookup                           - Undefined Weak Reference
    _atexit_init                              - Undefined Weak Reference
    _call_atexit_fns                          - Undefined Weak Reference
    _clock_init                               - Undefined Weak Reference
    _fp_trap_init                             - Undefined Weak Reference
    _fp_trap_shutdown                         - Undefined Weak Reference
    _get_lc_collate                           - Undefined Weak Reference
    _get_lc_ctype                             - Undefined Weak Reference
    _get_lc_monetary                          - Undefined Weak Reference
    _get_lc_time                              - Undefined Weak Reference
    _getenv_init                              - Undefined Weak Reference
    _handle_redirection                       - Undefined Weak Reference
    _init_alloc                               - Undefined Weak Reference
    _init_user_alloc                          - Undefined Weak Reference
    _initio                                   - Undefined Weak Reference
    _mutex_acquire                            - Undefined Weak Reference
    _mutex_release                            - Undefined Weak Reference
    _printf_post_padding                      - Undefined Weak Reference
    _printf_pre_padding                       - Undefined Weak Reference
    _printf_truncate_signed                   - Undefined Weak Reference
    _printf_truncate_unsigned                 - Undefined Weak Reference
    _rand_init                                - Undefined Weak Reference
    _signal_finish                            - Undefined Weak Reference
    _signal_init                              - Undefined Weak Reference
    _terminate_alloc                          - Undefined Weak Reference
    _terminate_user_alloc                     - Undefined Weak Reference
    _terminateio                              - Undefined Weak Reference
    __Vectors_Size                           0x00000188   Number         0  startup_stm32f40_41xxx.o ABSOLUTE
    __Vectors                                0x08000000   Data           4  startup_stm32f40_41xxx.o(RESET)
    __Vectors_End                            0x08000188   Data           0  startup_stm32f40_41xxx.o(RESET)
    __main                                   0x08000189   Thumb Code     8  __main.o(!!!main)
    __scatterload                            0x08000191   Thumb Code     0  __scatter.o(!!!scatter)
    __scatterload_rt2                        0x08000191   Thumb Code    44  __scatter.o(!!!scatter)
    __scatterload_rt2_thumb_only             0x08000191   Thumb Code     0  __scatter.o(!!!scatter)
    __scatterload_null                       0x0800019f   Thumb Code     0  __scatter.o(!!!scatter)
    __scatterload_copy                       0x080001c5   Thumb Code    26  __scatter_copy.o(!!handler_copy)
    __scatterload_zeroinit                   0x080001e1   Thumb Code    28  __scatter_zi.o(!!handler_zi)
    _printf_f                                0x080001fd   Thumb Code     0  _printf_f.o(.ARM.Collect$$_printf_percent$$00000003)
    _printf_percent                          0x080001fd   Thumb Code     0  _printf_percent.o(.ARM.Collect$$_printf_percent$$00000000)
    _printf_d                                0x08000203   Thumb Code     0  _printf_d.o(.ARM.Collect$$_printf_percent$$00000009)
    _printf_x                                0x08000209   Thumb Code     0  _printf_x.o(.ARM.Collect$$_printf_percent$$0000000C)
    _printf_percent_end                      0x0800020f   Thumb Code     0  _printf_percent_end.o(.ARM.Collect$$_printf_percent$$00000017)
    __rt_lib_init                            0x08000213   Thumb Code     0  libinit.o(.ARM.Collect$$libinit$$00000000)
    __rt_lib_init_fp_1                       0x08000215   Thumb Code     0  libinit2.o(.ARM.Collect$$libinit$$00000001)
    __rt_lib_init_heap_1                     0x08000219   Thumb Code     0  libinit2.o(.ARM.Collect$$libinit$$00000008)
    __rt_lib_init_lc_common                  0x08000219   Thumb Code     0  libinit2.o(.ARM.Collect$$libinit$$0000000D)
    __rt_lib_init_rand_1                     0x08000219   Thumb Code     0  libinit2.o(.ARM.Collect$$libinit$$0000000C)
    __rt_lib_init_user_alloc_1               0x08000219   Thumb Code     0  libinit2.o(.ARM.Collect$$libinit$$0000000A)
    __rt_lib_init_lc_collate_1               0x0800021f   Thumb Code     0  libinit2.o(.ARM.Collect$$libinit$$0000000F)
    __rt_lib_init_lc_ctype_1                 0x0800021f   Thumb Code     0  libinit2.o(.ARM.Collect$$libinit$$00000011)
    __rt_lib_init_lc_monetary_1              0x0800021f   Thumb Code     0  libinit2.o(.ARM.Collect$$libinit$$00000013)
    __rt_lib_init_lc_numeric_2               0x0800021f   Thumb Code     0  libinit2.o(.ARM.Collect$$libinit$$00000014)
    __rt_lib_init_alloca_1                   0x08000229   Thumb Code     0  libinit2.o(.ARM.Collect$$libinit$$0000002C)
    __rt_lib_init_argv_1                     0x08000229   Thumb Code     0  libinit2.o(.ARM.Collect$$libinit$$0000002A)
    __rt_lib_init_atexit_1                   0x08000229   Thumb Code     0  libinit2.o(.ARM.Collect$$libinit$$00000019)
    __rt_lib_init_clock_1                    0x08000229   Thumb Code     0  libinit2.o(.ARM.Collect$$libinit$$0000001F)
    __rt_lib_init_cpp_1                      0x08000229   Thumb Code     0  libinit2.o(.ARM.Collect$$libinit$$00000030)
    __rt_lib_init_exceptions_1               0x08000229   Thumb Code     0  libinit2.o(.ARM.Collect$$libinit$$0000002E)
    __rt_lib_init_fp_trap_1                  0x08000229   Thumb Code     0  libinit2.o(.ARM.Collect$$libinit$$0000001D)
    __rt_lib_init_getenv_1                   0x08000229   Thumb Code     0  libinit2.o(.ARM.Collect$$libinit$$00000021)
    __rt_lib_init_lc_numeric_1               0x08000229   Thumb Code     0  libinit2.o(.ARM.Collect$$libinit$$00000015)
    __rt_lib_init_lc_time_1                  0x08000229   Thumb Code     0  libinit2.o(.ARM.Collect$$libinit$$00000017)
    __rt_lib_init_return                     0x08000229   Thumb Code     0  libinit2.o(.ARM.Collect$$libinit$$00000031)
    __rt_lib_init_signal_1                   0x08000229   Thumb Code     0  libinit2.o(.ARM.Collect$$libinit$$0000001B)
    __rt_lib_init_stdio_1                    0x08000229   Thumb Code     0  libinit2.o(.ARM.Collect$$libinit$$00000023)
    __rt_lib_shutdown                        0x0800022b   Thumb Code     0  libshutdown.o(.ARM.Collect$$libshutdown$$00000000)
    __rt_lib_shutdown_fp_trap_1              0x0800022d   Thumb Code     0  libshutdown2.o(.ARM.Collect$$libshutdown$$00000006)
    __rt_lib_shutdown_heap_1                 0x0800022d   Thumb Code     0  libshutdown2.o(.ARM.Collect$$libshutdown$$0000000E)
    __rt_lib_shutdown_return                 0x0800022d   Thumb Code     0  libshutdown2.o(.ARM.Collect$$libshutdown$$0000000F)
    __rt_lib_shutdown_signal_1               0x0800022d   Thumb Code     0  libshutdown2.o(.ARM.Collect$$libshutdown$$00000009)
    __rt_lib_shutdown_stdio_1                0x0800022d   Thumb Code     0  libshutdown2.o(.ARM.Collect$$libshutdown$$00000003)
    __rt_lib_shutdown_user_alloc_1           0x0800022d   Thumb Code     0  libshutdown2.o(.ARM.Collect$$libshutdown$$0000000B)
    __rt_entry                               0x0800022f   Thumb Code     0  rtentry.o(.ARM.Collect$$rtentry$$00000000)
    __rt_entry_presh_1                       0x0800022f   Thumb Code     0  rtentry2.o(.ARM.Collect$$rtentry$$00000002)
    __rt_entry_sh                            0x0800022f   Thumb Code     0  rtentry4.o(.ARM.Collect$$rtentry$$00000004)
    __rt_entry_li                            0x08000235   Thumb Code     0  rtentry2.o(.ARM.Collect$$rtentry$$0000000A)
    __rt_entry_postsh_1                      0x08000235   Thumb Code     0  rtentry2.o(.ARM.Collect$$rtentry$$00000009)
    __rt_entry_main                          0x08000239   Thumb Code     0  rtentry2.o(.ARM.Collect$$rtentry$$0000000D)
    __rt_entry_postli_1                      0x08000239   Thumb Code     0  rtentry2.o(.ARM.Collect$$rtentry$$0000000C)
    __rt_exit                                0x08000241   Thumb Code     0  rtexit.o(.ARM.Collect$$rtexit$$00000000)
    __rt_exit_ls                             0x08000243   Thumb Code     0  rtexit2.o(.ARM.Collect$$rtexit$$00000003)
    __rt_exit_prels_1                        0x08000243   Thumb Code     0  rtexit2.o(.ARM.Collect$$rtexit$$00000002)
    __rt_exit_exit                           0x08000247   Thumb Code     0  rtexit2.o(.ARM.Collect$$rtexit$$00000004)
    Reset_Handler                            0x0800024d   Thumb Code     8  startup_stm32f40_41xxx.o(.text)
    ADC_IRQHandler                           0x08000267   Thumb Code     0  startup_stm32f40_41xxx.o(.text)
    CAN1_RX0_IRQHandler                      0x08000267   Thumb Code     0  startup_stm32f40_41xxx.o(.text)
    CAN1_RX1_IRQHandler                      0x08000267   Thumb Code     0  startup_stm32f40_41xxx.o(.text)
    CAN1_SCE_IRQHandler                      0x08000267   Thumb Code     0  startup_stm32f40_41xxx.o(.text)
    CAN1_TX_IRQHandler                       0x08000267   Thumb Code     0  startup_stm32f40_41xxx.o(.text)
    CAN2_RX0_IRQHandler                      0x08000267   Thumb Code     0  startup_stm32f40_41xxx.o(.text)
    CAN2_RX1_IRQHandler                      0x08000267   Thumb Code     0  startup_stm32f40_41xxx.o(.text)
    CAN2_SCE_IRQHandler                      0x08000267   Thumb Code     0  startup_stm32f40_41xxx.o(.text)
    CAN2_TX_IRQHandler                       0x08000267   Thumb Code     0  startup_stm32f40_41xxx.o(.text)
    CRYP_IRQHandler                          0x08000267   Thumb Code     0  startup_stm32f40_41xxx.o(.text)
    DCMI_IRQHandler                          0x08000267   Thumb Code     0  startup_stm32f40_41xxx.o(.text)
    DMA1_Stream0_IRQHandler                  0x08000267   Thumb Code     0  startup_stm32f40_41xxx.o(.text)
    DMA1_Stream1_IRQHandler                  0x08000267   Thumb Code     0  startup_stm32f40_41xxx.o(.text)
    DMA1_Stream2_IRQHandler                  0x08000267   Thumb Code     0  startup_stm32f40_41xxx.o(.text)
    DMA1_Stream3_IRQHandler                  0x08000267   Thumb Code     0  startup_stm32f40_41xxx.o(.text)
    DMA1_Stream4_IRQHandler                  0x08000267   Thumb Code     0  startup_stm32f40_41xxx.o(.text)
    DMA1_Stream5_IRQHandler                  0x08000267   Thumb Code     0  startup_stm32f40_41xxx.o(.text)
    DMA1_Stream6_IRQHandler                  0x08000267   Thumb Code     0  startup_stm32f40_41xxx.o(.text)
    DMA1_Stream7_IRQHandler                  0x08000267   Thumb Code     0  startup_stm32f40_41xxx.o(.text)
    DMA2_Stream0_IRQHandler                  0x08000267   Thumb Code     0  startup_stm32f40_41xxx.o(.text)
    DMA2_Stream1_IRQHandler                  0x08000267   Thumb Code     0  startup_stm32f40_41xxx.o(.text)
    DMA2_Stream2_IRQHandler                  0x08000267   Thumb Code     0  startup_stm32f40_41xxx.o(.text)
    DMA2_Stream3_IRQHandler                  0x08000267   Thumb Code     0  startup_stm32f40_41xxx.o(.text)
    DMA2_Stream4_IRQHandler                  0x08000267   Thumb Code     0  startup_stm32f40_41xxx.o(.text)
    DMA2_Stream5_IRQHandler                  0x08000267   Thumb Code     0  startup_stm32f40_41xxx.o(.text)
    DMA2_Stream6_IRQHandler                  0x08000267   Thumb Code     0  startup_stm32f40_41xxx.o(.text)
    DMA2_Stream7_IRQHandler                  0x08000267   Thumb Code     0  startup_stm32f40_41xxx.o(.text)
    ETH_IRQHandler                           0x08000267   Thumb Code     0  startup_stm32f40_41xxx.o(.text)
    ETH_WKUP_IRQHandler                      0x08000267   Thumb Code     0  startup_stm32f40_41xxx.o(.text)
    EXTI0_IRQHandler                         0x08000267   Thumb Code     0  startup_stm32f40_41xxx.o(.text)
    EXTI15_10_IRQHandler                     0x08000267   Thumb Code     0  startup_stm32f40_41xxx.o(.text)
    EXTI1_IRQHandler                         0x08000267   Thumb Code     0  startup_stm32f40_41xxx.o(.text)
    EXTI2_IRQHandler                         0x08000267   Thumb Code     0  startup_stm32f40_41xxx.o(.text)
    EXTI3_IRQHandler                         0x08000267   Thumb Code     0  startup_stm32f40_41xxx.o(.text)
    EXTI4_IRQHandler                         0x08000267   Thumb Code     0  startup_stm32f40_41xxx.o(.text)
    EXTI9_5_IRQHandler                       0x08000267   Thumb Code     0  startup_stm32f40_41xxx.o(.text)
    FLASH_IRQHandler                         0x08000267   Thumb Code     0  startup_stm32f40_41xxx.o(.text)
    FPU_IRQHandler                           0x08000267   Thumb Code     0  startup_stm32f40_41xxx.o(.text)
    FSMC_IRQHandler                          0x08000267   Thumb Code     0  startup_stm32f40_41xxx.o(.text)
    HASH_RNG_IRQHandler                      0x08000267   Thumb Code     0  startup_stm32f40_41xxx.o(.text)
    I2C1_ER_IRQHandler                       0x08000267   Thumb Code     0  startup_stm32f40_41xxx.o(.text)
    I2C1_EV_IRQHandler                       0x08000267   Thumb Code     0  startup_stm32f40_41xxx.o(.text)
    I2C2_ER_IRQHandler                       0x08000267   Thumb Code     0  startup_stm32f40_41xxx.o(.text)
    I2C2_EV_IRQHandler                       0x08000267   Thumb Code     0  startup_stm32f40_41xxx.o(.text)
    I2C3_ER_IRQHandler                       0x08000267   Thumb Code     0  startup_stm32f40_41xxx.o(.text)
    I2C3_EV_IRQHandler                       0x08000267   Thumb Code     0  startup_stm32f40_41xxx.o(.text)
    OTG_FS_IRQHandler                        0x08000267   Thumb Code     0  startup_stm32f40_41xxx.o(.text)
    OTG_FS_WKUP_IRQHandler                   0x08000267   Thumb Code     0  startup_stm32f40_41xxx.o(.text)
    OTG_HS_EP1_IN_IRQHandler                 0x08000267   Thumb Code     0  startup_stm32f40_41xxx.o(.text)
    OTG_HS_EP1_OUT_IRQHandler                0x08000267   Thumb Code     0  startup_stm32f40_41xxx.o(.text)
    OTG_HS_IRQHandler                        0x08000267   Thumb Code     0  startup_stm32f40_41xxx.o(.text)
    OTG_HS_WKUP_IRQHandler                   0x08000267   Thumb Code     0  startup_stm32f40_41xxx.o(.text)
    PVD_IRQHandler                           0x08000267   Thumb Code     0  startup_stm32f40_41xxx.o(.text)
    RCC_IRQHandler                           0x08000267   Thumb Code     0  startup_stm32f40_41xxx.o(.text)
    RTC_Alarm_IRQHandler                     0x08000267   Thumb Code     0  startup_stm32f40_41xxx.o(.text)
    RTC_WKUP_IRQHandler                      0x08000267   Thumb Code     0  startup_stm32f40_41xxx.o(.text)
    SDIO_IRQHandler                          0x08000267   Thumb Code     0  startup_stm32f40_41xxx.o(.text)
    SPI1_IRQHandler                          0x08000267   Thumb Code     0  startup_stm32f40_41xxx.o(.text)
    SPI2_IRQHandler                          0x08000267   Thumb Code     0  startup_stm32f40_41xxx.o(.text)
    SPI3_IRQHandler                          0x08000267   Thumb Code     0  startup_stm32f40_41xxx.o(.text)
    TAMP_STAMP_IRQHandler                    0x08000267   Thumb Code     0  startup_stm32f40_41xxx.o(.text)
    TIM1_BRK_TIM9_IRQHandler                 0x08000267   Thumb Code     0  startup_stm32f40_41xxx.o(.text)
    TIM1_CC_IRQHandler                       0x08000267   Thumb Code     0  startup_stm32f40_41xxx.o(.text)
    TIM1_TRG_COM_TIM11_IRQHandler            0x08000267   Thumb Code     0  startup_stm32f40_41xxx.o(.text)
    TIM1_UP_TIM10_IRQHandler                 0x08000267   Thumb Code     0  startup_stm32f40_41xxx.o(.text)
    TIM2_IRQHandler                          0x08000267   Thumb Code     0  startup_stm32f40_41xxx.o(.text)
    TIM3_IRQHandler                          0x08000267   Thumb Code     0  startup_stm32f40_41xxx.o(.text)
    TIM4_IRQHandler                          0x08000267   Thumb Code     0  startup_stm32f40_41xxx.o(.text)
    TIM5_IRQHandler                          0x08000267   Thumb Code     0  startup_stm32f40_41xxx.o(.text)
    TIM6_DAC_IRQHandler                      0x08000267   Thumb Code     0  startup_stm32f40_41xxx.o(.text)
    TIM7_IRQHandler                          0x08000267   Thumb Code     0  startup_stm32f40_41xxx.o(.text)
    TIM8_BRK_TIM12_IRQHandler                0x08000267   Thumb Code     0  startup_stm32f40_41xxx.o(.text)
    TIM8_CC_IRQHandler                       0x08000267   Thumb Code     0  startup_stm32f40_41xxx.o(.text)
    TIM8_TRG_COM_TIM14_IRQHandler            0x08000267   Thumb Code     0  startup_stm32f40_41xxx.o(.text)
    TIM8_UP_TIM13_IRQHandler                 0x08000267   Thumb Code     0  startup_stm32f40_41xxx.o(.text)
    UART4_IRQHandler                         0x08000267   Thumb Code     0  startup_stm32f40_41xxx.o(.text)
    UART5_IRQHandler                         0x08000267   Thumb Code     0  startup_stm32f40_41xxx.o(.text)
    USART2_IRQHandler                        0x08000267   Thumb Code     0  startup_stm32f40_41xxx.o(.text)
    USART3_IRQHandler                        0x08000267   Thumb Code     0  startup_stm32f40_41xxx.o(.text)
    USART6_IRQHandler                        0x08000267   Thumb Code     0  startup_stm32f40_41xxx.o(.text)
    WWDG_IRQHandler                          0x08000267   Thumb Code     0  startup_stm32f40_41xxx.o(.text)
    __user_initial_stackheap                 0x08000269   Thumb Code     0  startup_stm32f40_41xxx.o(.text)
    NVIC_PriorityGroupConfig                 0x0800028d   Thumb Code    10  misc.o(.text)
    NVIC_Init                                0x08000297   Thumb Code   106  misc.o(.text)
    NVIC_SetVectorTable                      0x08000301   Thumb Code    14  misc.o(.text)
    NVIC_SystemLPConfig                      0x0800030f   Thumb Code    34  misc.o(.text)
    SysTick_CLKSourceConfig                  0x08000331   Thumb Code    40  misc.o(.text)
    FSMC_NORSRAMDeInit                       0x0800036d   Thumb Code    54  stm32f4xx_fsmc.o(.text)
    FSMC_NORSRAMInit                         0x080003a3   Thumb Code   230  stm32f4xx_fsmc.o(.text)
    FSMC_NORSRAMStructInit                   0x08000489   Thumb Code    48  stm32f4xx_fsmc.o(.text)
    FSMC_NORSRAMCmd                          0x080004b9   Thumb Code    46  stm32f4xx_fsmc.o(.text)
    FSMC_NANDDeInit                          0x080004e7   Thumb Code    62  stm32f4xx_fsmc.o(.text)
    FSMC_NANDInit                            0x08000525   Thumb Code   132  stm32f4xx_fsmc.o(.text)
    FSMC_NANDStructInit                      0x080005a9   Thumb Code    54  stm32f4xx_fsmc.o(.text)
    FSMC_NANDCmd                             0x080005df   Thumb Code    86  stm32f4xx_fsmc.o(.text)
    FSMC_NANDECCCmd                          0x08000635   Thumb Code    86  stm32f4xx_fsmc.o(.text)
    FSMC_GetECC                              0x0800068b   Thumb Code    24  stm32f4xx_fsmc.o(.text)
    FSMC_PCCARDDeInit                        0x080006a3   Thumb Code    36  stm32f4xx_fsmc.o(.text)
    FSMC_PCCARDInit                          0x080006c7   Thumb Code   130  stm32f4xx_fsmc.o(.text)
    FSMC_PCCARDStructInit                    0x08000749   Thumb Code    60  stm32f4xx_fsmc.o(.text)
    FSMC_PCCARDCmd                           0x08000785   Thumb Code    44  stm32f4xx_fsmc.o(.text)
    FSMC_ITConfig                            0x080007b1   Thumb Code   128  stm32f4xx_fsmc.o(.text)
    FSMC_GetFlagStatus                       0x08000831   Thumb Code    54  stm32f4xx_fsmc.o(.text)
    FSMC_ClearFlag                           0x08000867   Thumb Code    74  stm32f4xx_fsmc.o(.text)
    FSMC_GetITStatus                         0x080008b1   Thumb Code    62  stm32f4xx_fsmc.o(.text)
    FSMC_ClearITPendingBit                   0x080008ef   Thumb Code    66  stm32f4xx_fsmc.o(.text)
    GPIO_DeInit                              0x08000935   Thumb Code   268  stm32f4xx_gpio.o(.text)
    GPIO_Init                                0x08000a41   Thumb Code   144  stm32f4xx_gpio.o(.text)
    GPIO_StructInit                          0x08000ad1   Thumb Code    18  stm32f4xx_gpio.o(.text)
    GPIO_PinLockConfig                       0x08000ae3   Thumb Code    34  stm32f4xx_gpio.o(.text)
    GPIO_ReadInputDataBit                    0x08000b05   Thumb Code    18  stm32f4xx_gpio.o(.text)
    GPIO_ReadInputData                       0x08000b17   Thumb Code     8  stm32f4xx_gpio.o(.text)
    GPIO_ReadOutputDataBit                   0x08000b1f   Thumb Code    18  stm32f4xx_gpio.o(.text)
    GPIO_ReadOutputData                      0x08000b31   Thumb Code     8  stm32f4xx_gpio.o(.text)
    GPIO_SetBits                             0x08000b39   Thumb Code     4  stm32f4xx_gpio.o(.text)
    GPIO_ResetBits                           0x08000b3d   Thumb Code     4  stm32f4xx_gpio.o(.text)
    GPIO_WriteBit                            0x08000b41   Thumb Code    10  stm32f4xx_gpio.o(.text)
    GPIO_Write                               0x08000b4b   Thumb Code     4  stm32f4xx_gpio.o(.text)
    GPIO_ToggleBits                          0x08000b4f   Thumb Code     8  stm32f4xx_gpio.o(.text)
    GPIO_PinAFConfig                         0x08000b57   Thumb Code    70  stm32f4xx_gpio.o(.text)
    RCC_DeInit                               0x08000bc9   Thumb Code    82  stm32f4xx_rcc.o(.text)
    RCC_HSEConfig                            0x08000c1b   Thumb Code    14  stm32f4xx_rcc.o(.text)
    RCC_GetFlagStatus                        0x08000c29   Thumb Code    60  stm32f4xx_rcc.o(.text)
    RCC_WaitForHSEStartUp                    0x08000c65   Thumb Code    56  stm32f4xx_rcc.o(.text)
    RCC_AdjustHSICalibrationValue            0x08000c9d   Thumb Code    20  stm32f4xx_rcc.o(.text)
    RCC_HSICmd                               0x08000cb1   Thumb Code     6  stm32f4xx_rcc.o(.text)
    RCC_LSEConfig                            0x08000cb7   Thumb Code    46  stm32f4xx_rcc.o(.text)
    RCC_LSICmd                               0x08000ce5   Thumb Code     6  stm32f4xx_rcc.o(.text)
    RCC_PLLConfig                            0x08000ceb   Thumb Code    32  stm32f4xx_rcc.o(.text)
    RCC_PLLCmd                               0x08000d0b   Thumb Code     6  stm32f4xx_rcc.o(.text)
    RCC_PLLI2SConfig                         0x08000d11   Thumb Code    14  stm32f4xx_rcc.o(.text)
    RCC_PLLI2SCmd                            0x08000d1f   Thumb Code     6  stm32f4xx_rcc.o(.text)
    RCC_PLLSAIConfig                         0x08000d25   Thumb Code    20  stm32f4xx_rcc.o(.text)
    RCC_PLLSAICmd                            0x08000d39   Thumb Code     6  stm32f4xx_rcc.o(.text)
    RCC_ClockSecuritySystemCmd               0x08000d3f   Thumb Code     6  stm32f4xx_rcc.o(.text)
    RCC_MCO1Config                           0x08000d45   Thumb Code    28  stm32f4xx_rcc.o(.text)
    RCC_MCO2Config                           0x08000d61   Thumb Code    28  stm32f4xx_rcc.o(.text)
    RCC_SYSCLKConfig                         0x08000d7d   Thumb Code    20  stm32f4xx_rcc.o(.text)
    RCC_GetSYSCLKSource                      0x08000d91   Thumb Code    12  stm32f4xx_rcc.o(.text)
    RCC_HCLKConfig                           0x08000d9d   Thumb Code    20  stm32f4xx_rcc.o(.text)
    RCC_PCLK1Config                          0x08000db1   Thumb Code    20  stm32f4xx_rcc.o(.text)
    RCC_PCLK2Config                          0x08000dc5   Thumb Code    22  stm32f4xx_rcc.o(.text)
    RCC_GetClocksFreq                        0x08000ddb   Thumb Code   222  stm32f4xx_rcc.o(.text)
    RCC_RTCCLKConfig                         0x08000eb9   Thumb Code    54  stm32f4xx_rcc.o(.text)
    RCC_RTCCLKCmd                            0x08000eef   Thumb Code     8  stm32f4xx_rcc.o(.text)
    RCC_BackupResetCmd                       0x08000ef7   Thumb Code     8  stm32f4xx_rcc.o(.text)
    RCC_I2SCLKConfig                         0x08000eff   Thumb Code     6  stm32f4xx_rcc.o(.text)
    RCC_SAIPLLI2SClkDivConfig                0x08000f05   Thumb Code    26  stm32f4xx_rcc.o(.text)
    RCC_SAIPLLSAIClkDivConfig                0x08000f1f   Thumb Code    28  stm32f4xx_rcc.o(.text)
    RCC_SAIBlockACLKConfig                   0x08000f3b   Thumb Code    20  stm32f4xx_rcc.o(.text)
    RCC_SAIBlockBCLKConfig                   0x08000f4f   Thumb Code    20  stm32f4xx_rcc.o(.text)
    RCC_LTDCCLKDivConfig                     0x08000f63   Thumb Code    20  stm32f4xx_rcc.o(.text)
    RCC_TIMCLKPresConfig                     0x08000f77   Thumb Code     6  stm32f4xx_rcc.o(.text)
    RCC_AHB1PeriphClockCmd                   0x08000f7d   Thumb Code    34  stm32f4xx_rcc.o(.text)
    RCC_AHB2PeriphClockCmd                   0x08000f9f   Thumb Code    78  stm32f4xx_rcc.o(.text)
    RCC_AHB3PeriphClockCmd                   0x08000fed   Thumb Code    34  stm32f4xx_rcc.o(.text)
    RCC_APB1PeriphClockCmd                   0x0800100f   Thumb Code    34  stm32f4xx_rcc.o(.text)
    RCC_APB2PeriphClockCmd                   0x08001031   Thumb Code    34  stm32f4xx_rcc.o(.text)
    RCC_AHB1PeriphResetCmd                   0x08001053   Thumb Code    34  stm32f4xx_rcc.o(.text)
    RCC_AHB2PeriphResetCmd                   0x08001075   Thumb Code    34  stm32f4xx_rcc.o(.text)
    RCC_AHB3PeriphResetCmd                   0x08001097   Thumb Code    34  stm32f4xx_rcc.o(.text)
    RCC_APB1PeriphResetCmd                   0x080010b9   Thumb Code    34  stm32f4xx_rcc.o(.text)
    RCC_APB2PeriphResetCmd                   0x080010db   Thumb Code    34  stm32f4xx_rcc.o(.text)
    RCC_AHB1PeriphClockLPModeCmd             0x080010fd   Thumb Code    34  stm32f4xx_rcc.o(.text)
    RCC_AHB2PeriphClockLPModeCmd             0x0800111f   Thumb Code    34  stm32f4xx_rcc.o(.text)
    RCC_AHB3PeriphClockLPModeCmd             0x08001141   Thumb Code    34  stm32f4xx_rcc.o(.text)
    RCC_APB1PeriphClockLPModeCmd             0x08001163   Thumb Code    34  stm32f4xx_rcc.o(.text)
    RCC_APB2PeriphClockLPModeCmd             0x08001185   Thumb Code    34  stm32f4xx_rcc.o(.text)
    RCC_LSEModeConfig                        0x080011a7   Thumb Code    40  stm32f4xx_rcc.o(.text)
    RCC_ITConfig                             0x080011cf   Thumb Code    34  stm32f4xx_rcc.o(.text)
    RCC_ClearFlag                            0x080011f1   Thumb Code    18  stm32f4xx_rcc.o(.text)
    RCC_GetITStatus                          0x08001203   Thumb Code    22  stm32f4xx_rcc.o(.text)
    RCC_ClearITPendingBit                    0x08001219   Thumb Code     8  stm32f4xx_rcc.o(.text)
    USART_DeInit                             0x08001225   Thumb Code   206  stm32f4xx_usart.o(.text)
    USART_Init                               0x080012f3   Thumb Code   204  stm32f4xx_usart.o(.text)
    USART_StructInit                         0x080013bf   Thumb Code    24  stm32f4xx_usart.o(.text)
    USART_ClockInit                          0x080013d7   Thumb Code    32  stm32f4xx_usart.o(.text)
    USART_ClockStructInit                    0x080013f7   Thumb Code    12  stm32f4xx_usart.o(.text)
    USART_Cmd                                0x08001403   Thumb Code    24  stm32f4xx_usart.o(.text)
    USART_SetPrescaler                       0x0800141b   Thumb Code    16  stm32f4xx_usart.o(.text)
    USART_OverSampling8Cmd                   0x0800142b   Thumb Code    22  stm32f4xx_usart.o(.text)
    USART_OneBitMethodCmd                    0x08001441   Thumb Code    24  stm32f4xx_usart.o(.text)
    USART_SendData                           0x08001459   Thumb Code     8  stm32f4xx_usart.o(.text)
    USART_ReceiveData                        0x08001461   Thumb Code    10  stm32f4xx_usart.o(.text)
    USART_SetAddress                         0x0800146b   Thumb Code    18  stm32f4xx_usart.o(.text)
    USART_ReceiverWakeUpCmd                  0x0800147d   Thumb Code    24  stm32f4xx_usart.o(.text)
    USART_WakeUpConfig                       0x08001495   Thumb Code    18  stm32f4xx_usart.o(.text)
    USART_LINBreakDetectLengthConfig         0x080014a7   Thumb Code    18  stm32f4xx_usart.o(.text)
    USART_LINCmd                             0x080014b9   Thumb Code    24  stm32f4xx_usart.o(.text)
    USART_SendBreak                          0x080014d1   Thumb Code    10  stm32f4xx_usart.o(.text)
    USART_HalfDuplexCmd                      0x080014db   Thumb Code    24  stm32f4xx_usart.o(.text)
    USART_SetGuardTime                       0x080014f3   Thumb Code    16  stm32f4xx_usart.o(.text)
    USART_SmartCardCmd                       0x08001503   Thumb Code    24  stm32f4xx_usart.o(.text)
    USART_SmartCardNACKCmd                   0x0800151b   Thumb Code    24  stm32f4xx_usart.o(.text)
    USART_IrDAConfig                         0x08001533   Thumb Code    18  stm32f4xx_usart.o(.text)
    USART_IrDACmd                            0x08001545   Thumb Code    24  stm32f4xx_usart.o(.text)
    USART_DMACmd                             0x0800155d   Thumb Code    18  stm32f4xx_usart.o(.text)
    USART_ITConfig                           0x0800156f   Thumb Code    74  stm32f4xx_usart.o(.text)
    USART_GetFlagStatus                      0x080015b9   Thumb Code    26  stm32f4xx_usart.o(.text)
    USART_ClearFlag                          0x080015d3   Thumb Code    18  stm32f4xx_usart.o(.text)
    USART_GetITStatus                        0x080015e5   Thumb Code   118  stm32f4xx_usart.o(.text)
    USART_ClearITPendingBit                  0x0800165b   Thumb Code    30  stm32f4xx_usart.o(.text)
    NMI_Handler                              0x08001679   Thumb Code     2  stm32f4xx_it.o(.text)
    HardFault_Handler                        0x0800167b   Thumb Code     4  stm32f4xx_it.o(.text)
    MemManage_Handler                        0x0800167f   Thumb Code     4  stm32f4xx_it.o(.text)
    BusFault_Handler                         0x08001683   Thumb Code     4  stm32f4xx_it.o(.text)
    UsageFault_Handler                       0x08001687   Thumb Code     4  stm32f4xx_it.o(.text)
    SVC_Handler                              0x0800168b   Thumb Code     2  stm32f4xx_it.o(.text)
    DebugMon_Handler                         0x0800168d   Thumb Code     2  stm32f4xx_it.o(.text)
    PendSV_Handler                           0x0800168f   Thumb Code     2  stm32f4xx_it.o(.text)
    SysTick_Handler                          0x08001691   Thumb Code     2  stm32f4xx_it.o(.text)
    SystemInit                               0x08001771   Thumb Code    88  system_stm32f4xx.o(.text)
    SystemCoreClockUpdate                    0x080017c9   Thumb Code   174  system_stm32f4xx.o(.text)
    delay_init                               0x080018a5   Thumb Code    52  stm32_delay.o(.text)
    delay_us                                 0x080018d9   Thumb Code    72  stm32_delay.o(.text)
    delay_xms                                0x08001921   Thumb Code    72  stm32_delay.o(.text)
    delay_ms                                 0x08001969   Thumb Code    56  stm32_delay.o(.text)
    _sys_exit                                0x080019a9   Thumb Code     6  stm32_usart.o(.text)
    fputc                                    0x080019af   Thumb Code    22  stm32_usart.o(.text)
    usart1_init                              0x080019c5   Thumb Code   172  stm32_usart.o(.text)
    USART1_IRQHandler                        0x08001a71   Thumb Code   122  stm32_usart.o(.text)
    led_gpio_config                          0x08001afd   Thumb Code    60  hnit_led.o(.text)
    key_gpio_config                          0x08001b3d   Thumb Code    46  hnit_key.o(.text)
    lcd_write_ram_prepare                    0x08001b71   Thumb Code    10  hnit_lcd.o(.text)
    LCD_WriteReg                             0x08001b7b   Thumb Code    24  hnit_lcd.o(.text)
    LCD_WR_DATA                              0x08001b93   Thumb Code    20  hnit_lcd.o(.text)
    LCD_WR_REG                               0x08001ba7   Thumb Code    18  hnit_lcd.o(.text)
    lcd_set_cursor                           0x08001bb9   Thumb Code   262  hnit_lcd.o(.text)
    lcd_scan_dir                             0x08001cbf   Thumb Code   736  hnit_lcd.o(.text)
    lcd_show_image                           0x08001f9f   Thumb Code   118  hnit_lcd.o(.text)
    LCD_Fast_DrawPoint                       0x08002015   Thumb Code   282  hnit_lcd.o(.text)
    LCD_ShowChar                             0x0800212f   Thumb Code   272  hnit_lcd.o(.text)
    LCD_Pow                                  0x0800223f   Thumb Code    22  hnit_lcd.o(.text)
    lcd_show_num                             0x08002255   Thumb Code   226  hnit_lcd.o(.text)
    lcd_draw_point                           0x08002337   Thumb Code   188  hnit_lcd.o(.text)
    LCD_RD_DATA                              0x080023f3   Thumb Code    14  hnit_lcd.o(.text)
    LCD_ReadReg                              0x08002401   Thumb Code    22  hnit_lcd.o(.text)
    LCD_WriteRAM                             0x08002417   Thumb Code     6  hnit_lcd.o(.text)
    LCD_BGR2RGB                              0x0800241d   Thumb Code    26  hnit_lcd.o(.text)
    opt_delay                                0x08002437   Thumb Code    14  hnit_lcd.o(.text)
    LCD_ReadPoint                            0x08002445   Thumb Code   356  hnit_lcd.o(.text)
    LCD_DisplayOn                            0x080025a9   Thumb Code    80  hnit_lcd.o(.text)
    LCD_DisplayOff                           0x080025f9   Thumb Code    78  hnit_lcd.o(.text)
    LCD_DrawPoint                            0x08002647   Thumb Code    28  hnit_lcd.o(.text)
    LCD_Display_Dir                          0x08002663   Thumb Code   380  hnit_lcd.o(.text)
    LCD_Set_Window                           0x080027df   Thumb Code   382  hnit_lcd.o(.text)
    lcd_clear                                0x0800295d   Thumb Code   100  hnit_lcd.o(.text)
    fsmc_lcd_init                            0x080029c1   Thumb Code 14222  hnit_lcd.o(.text)
    LCD_Fill                                 0x0800614f   Thumb Code   180  hnit_lcd.o(.text)
    LCD_Color_Fill                           0x08006203   Thumb Code    92  hnit_lcd.o(.text)
    LCD_DrawLine                             0x0800625f   Thumb Code   176  hnit_lcd.o(.text)
    LCD_DrawRectangle                        0x0800630f   Thumb Code    60  hnit_lcd.o(.text)
    LCD_Draw_Circle                          0x0800634b   Thumb Code   166  hnit_lcd.o(.text)
    LCD_ShowNum                              0x080063f1   Thumb Code   148  hnit_lcd.o(.text)
    LCD_ShowxNum                             0x08006485   Thumb Code   190  hnit_lcd.o(.text)
    LCD_ShowString                           0x08006543   Thumb Code   102  hnit_lcd.o(.text)
    fsmc_sram_init                           0x080065a9   Thumb Code   700  hnit_sram.o(.text)
    sram_write_buffer                        0x08006865   Thumb Code    24  hnit_sram.o(.text)
    sram_read_buffer                         0x0800687d   Thumb Code    22  hnit_sram.o(.text)
    main                                     0x080068a9   Thumb Code    90  main.o(.text)
    rgb_to_yuv                               0x08006915   Thumb Code   122  hnit_jpeg.o(.text)
    rgb565_to_yuv                            0x0800698f   Thumb Code   108  hnit_jpeg.o(.text)
    yuv_to_rgb565                            0x080069fb   Thumb Code    60  hnit_jpeg.o(.text)
    printf_array_f                           0x08006a37   Thumb Code    88  hnit_jpeg.o(.text)
    printf_array_d                           0x08006a8f   Thumb Code    56  hnit_jpeg.o(.text)
    printf_array_u                           0x08006ac7   Thumb Code    58  hnit_jpeg.o(.text)
    printf_array_b                           0x08006b01   Thumb Code    86  hnit_jpeg.o(.text)
    jpeg_dct2                                0x08006b95   Thumb Code   362  hnit_jpeg.o(.text)
    jpeg_inv_dct2                            0x08006cff   Thumb Code   424  hnit_jpeg.o(.text)
    jpeg_quantify                            0x08006ea7   Thumb Code    78  hnit_jpeg.o(.text)
    jpeg_inv_quantify                        0x08006ef5   Thumb Code    76  hnit_jpeg.o(.text)
    jpeg_zigzag                              0x08006f41   Thumb Code    70  hnit_jpeg.o(.text)
    jpeg_inv_zigzag                          0x08006f87   Thumb Code    70  hnit_jpeg.o(.text)
    jpeg_rle                                 0x08006fcd   Thumb Code   262  hnit_jpeg.o(.text)
    jpeg_inv_rle                             0x080070d3   Thumb Code    82  hnit_jpeg.o(.text)
    jpeg_huffman                             0x08007125   Thumb Code   456  hnit_jpeg.o(.text)
    jpeg_inv_huffman                         0x080072ed   Thumb Code   440  hnit_jpeg.o(.text)
    jpeg_encode                              0x080074a5   Thumb Code   258  hnit_jpeg.o(.text)
    jpeg_decode                              0x080075a7   Thumb Code   230  hnit_jpeg.o(.text)
    lcd_show_image2                          0x0800768d   Thumb Code    44  hnit_jpeg.o(.text)
    jpeg_test                                0x080076b9   Thumb Code    52  hnit_jpeg.o(.text)
    __use_no_semihosting                     0x08007749   Thumb Code     2  use_no_semi_2.o(.text)
    __2printf                                0x0800774d   Thumb Code    20  noretval__2printf.o(.text)
    __printf                                 0x08007765   Thumb Code   104  __printf.o(.text)
    _printf_int_dec                          0x080077cd   Thumb Code   100  _printf_dec.o(.text)
    _printf_int_hex                          0x08007841   Thumb Code    84  _printf_hex_int.o(.text)
    _printf_longlong_hex                     0x08007841   Thumb Code     0  _printf_hex_int.o(.text)
    __aeabi_memclr                           0x08007899   Thumb Code     0  rt_memclr.o(.text)
    __rt_memclr                              0x08007899   Thumb Code    68  rt_memclr.o(.text)
    _memset                                  0x0800789d   Thumb Code     0  rt_memclr.o(.text)
    __aeabi_memclr4                          0x080078dd   Thumb Code     0  rt_memclr_w.o(.text)
    __aeabi_memclr8                          0x080078dd   Thumb Code     0  rt_memclr_w.o(.text)
    __rt_memclr_w                            0x080078dd   Thumb Code    78  rt_memclr_w.o(.text)
    _memset_w                                0x080078e1   Thumb Code     0  rt_memclr_w.o(.text)
    __use_two_region_memory                  0x0800792b   Thumb Code     2  heapauxi.o(.text)
    __rt_heap_escrow$2region                 0x0800792d   Thumb Code     2  heapauxi.o(.text)
    __rt_heap_expand$2region                 0x0800792f   Thumb Code     2  heapauxi.o(.text)
    __I$use$semihosting                      0x08007931   Thumb Code     0  use_no_semi.o(.text)
    __use_no_semihosting_swi                 0x08007931   Thumb Code     2  use_no_semi.o(.text)
    __read_errno                             0x08007933   Thumb Code    10  _rserrno.o(.text)
    __set_errno                              0x0800793d   Thumb Code    12  _rserrno.o(.text)
    _printf_int_common                       0x08007949   Thumb Code   178  _printf_intcommon.o(.text)
    __lib_sel_fp_printf                      0x080079fb   Thumb Code     2  _printf_fp_dec.o(.text)
    _printf_fp_dec_real                      0x08007ba9   Thumb Code   616  _printf_fp_dec.o(.text)
    _printf_char_file                        0x08007e11   Thumb Code    32  _printf_char_file.o(.text)
    __rt_locale                              0x08007e35   Thumb Code     8  rt_locale_intlibspace.o(.text)
    __aeabi_errno_addr                       0x08007e3d   Thumb Code     8  rt_errno_addr_intlibspace.o(.text)
    __errno$intlibspace                      0x08007e3d   Thumb Code     0  rt_errno_addr_intlibspace.o(.text)
    __rt_errno_addr$intlibspace              0x08007e3d   Thumb Code     0  rt_errno_addr_intlibspace.o(.text)
    _ll_udiv10                               0x08007e45   Thumb Code   138  lludiv10.o(.text)
    _printf_char_common                      0x08007edb   Thumb Code    32  _printf_char_common.o(.text)
    _printf_fp_infnan                        0x08007f01   Thumb Code   112  _printf_fp_infnan.o(.text)
    _btod_etento                             0x08007f81   Thumb Code   212  bigflt0.o(.text)
    ferror                                   0x08008059   Thumb Code     8  ferror.o(.text)
    __user_libspace                          0x08008061   Thumb Code     8  libspace.o(.text)
    __user_perproc_libspace                  0x08008061   Thumb Code     0  libspace.o(.text)
    __user_perthread_libspace                0x08008061   Thumb Code     0  libspace.o(.text)
    __user_setup_stackheap                   0x08008069   Thumb Code    74  sys_stackheap_outer.o(.text)
    exit                                     0x080080b3   Thumb Code    12  exit.o(.text)
    strcmp                                   0x080080c1   Thumb Code   128  strcmpv7m.o(.text)
    _btod_d2e                                0x08008141   Thumb Code    62  btod.o(CL$$btod_d2e)
    _d2e_denorm_low                          0x0800817f   Thumb Code    70  btod.o(CL$$btod_d2e_denorm_low)
    _d2e_norm_op1                            0x080081c5   Thumb Code    96  btod.o(CL$$btod_d2e_norm_op1)
    __btod_div_common                        0x08008225   Thumb Code   696  btod.o(CL$$btod_div_common)
    _e2e                                     0x0800855d   Thumb Code   198  btod.o(CL$$btod_e2e)
    _btod_ediv                               0x08008623   Thumb Code    40  btod.o(CL$$btod_ediv)
    _btod_emul                               0x0800864b   Thumb Code    40  btod.o(CL$$btod_emul)
    __btod_mult_common                       0x08008673   Thumb Code   580  btod.o(CL$$btod_mult_common)
    __ARM_fpclassify                         0x080088b7   Thumb Code    48  fpclassify.o(i.__ARM_fpclassify)
    __hardfp_cos                             0x080088e9   Thumb Code   200  cos.o(i.__hardfp_cos)
    __hardfp_sqrt                            0x080089c1   Thumb Code   122  sqrt.o(i.__hardfp_sqrt)
    __ieee754_rem_pio2                       0x08008a41   Thumb Code   938  rred.o(i.__ieee754_rem_pio2)
    __kernel_cos                             0x08008e79   Thumb Code   322  cos_i.o(i.__kernel_cos)
    __kernel_poly                            0x08008fe9   Thumb Code   248  poly.o(i.__kernel_poly)
    __kernel_sin                             0x080090e1   Thumb Code   280  sin_i.o(i.__kernel_sin)
    __mathlib_dbl_underflow                  0x08009211   Thumb Code    24  dunder.o(i.__mathlib_dbl_underflow)
    fabs                                     0x08009231   Thumb Code    24  fabs.o(i.fabs)
    _get_lc_numeric                          0x08009249   Thumb Code    44  lc_numeric_c.o(locale$$code)
    __aeabi_dneg                             0x08009275   Thumb Code     0  basic.o(x$fpl$basic)
    _dneg                                    0x08009275   Thumb Code     6  basic.o(x$fpl$basic)
    __aeabi_fneg                             0x0800927b   Thumb Code     0  basic.o(x$fpl$basic)
    _fneg                                    0x0800927b   Thumb Code     6  basic.o(x$fpl$basic)
    _dabs                                    0x08009281   Thumb Code     6  basic.o(x$fpl$basic)
    _fabs                                    0x08009287   Thumb Code     6  basic.o(x$fpl$basic)
    __aeabi_d2f                              0x0800928d   Thumb Code     0  d2f.o(x$fpl$d2f)
    _d2f                                     0x0800928d   Thumb Code    98  d2f.o(x$fpl$d2f)
    __aeabi_dadd                             0x080092f1   Thumb Code     0  daddsub_clz.o(x$fpl$dadd)
    _dadd                                    0x080092f1   Thumb Code   332  daddsub_clz.o(x$fpl$dadd)
    __aeabi_ddiv                             0x08009441   Thumb Code     0  ddiv.o(x$fpl$ddiv)
    _ddiv                                    0x08009441   Thumb Code   552  ddiv.o(x$fpl$ddiv)
    __aeabi_d2iz                             0x080096f1   Thumb Code     0  dfix.o(x$fpl$dfix)
    _dfix                                    0x080096f1   Thumb Code    94  dfix.o(x$fpl$dfix)
    __aeabi_i2d                              0x0800974f   Thumb Code     0  dflt_clz.o(x$fpl$dflt)
    _dflt                                    0x0800974f   Thumb Code    46  dflt_clz.o(x$fpl$dflt)
    __aeabi_ui2d                             0x0800977d   Thumb Code     0  dflt_clz.o(x$fpl$dfltu)
    _dfltu                                   0x0800977d   Thumb Code    38  dflt_clz.o(x$fpl$dfltu)
    __aeabi_dmul                             0x080097a5   Thumb Code     0  dmul.o(x$fpl$dmul)
    _dmul                                    0x080097a5   Thumb Code   332  dmul.o(x$fpl$dmul)
    __fpl_dnaninf                            0x080098f9   Thumb Code   156  dnaninf.o(x$fpl$dnaninf)
    __fpl_dretinf                            0x08009995   Thumb Code    12  dretinf.o(x$fpl$dretinf)
    __aeabi_drsub                            0x080099a1   Thumb Code     0  daddsub_clz.o(x$fpl$drsb)
    _drsb                                    0x080099a1   Thumb Code    22  daddsub_clz.o(x$fpl$drsb)
    _dsqrt                                   0x080099b9   Thumb Code   404  dsqrt_umaal.o(x$fpl$dsqrt)
    __aeabi_dsub                             0x08009b51   Thumb Code     0  daddsub_clz.o(x$fpl$dsub)
    _dsub                                    0x08009b51   Thumb Code   464  daddsub_clz.o(x$fpl$dsub)
    __aeabi_f2d                              0x08009d25   Thumb Code     0  f2d.o(x$fpl$f2d)
    _f2d                                     0x08009d25   Thumb Code    86  f2d.o(x$fpl$f2d)
    __fpl_fnaninf                            0x08009d7b   Thumb Code   140  fnaninf.o(x$fpl$fnaninf)
    _fp_init                                 0x08009e07   Thumb Code    10  fpinit.o(x$fpl$fpinit)
    __fplib_config_fpu_vfp                   0x08009e0f   Thumb Code     0  fpinit.o(x$fpl$fpinit)
    __fplib_config_pureend_doubles           0x08009e0f   Thumb Code     0  fpinit.o(x$fpl$fpinit)
    __fpl_fretinf                            0x08009e11   Thumb Code    10  fretinf.o(x$fpl$fretinf)
    _printf_fp_dec                           0x08009e1b   Thumb Code     4  printf1.o(x$fpl$printf1)
    __I$use$fp                               0x08009e1e   Number         0  usenofp.o(x$fpl$usenofp)
    FSMC_DefaultTimingStruct                 0x08009e20   Data          28  stm32f4xx_fsmc.o(.constdata)
    asc2_1206                                0x08009e3c   Data        1140  hnit_lcd.o(.constdata)
    asc2_1608                                0x0800a2b0   Data        1520  hnit_lcd.o(.constdata)
    asc2_2412                                0x0800a8a0   Data        3420  hnit_lcd.o(.constdata)
    test_image                               0x0800b5fc   Data       156800  hnit_jpeg.o(.constdata)
    bright_code                              0x08031a7c   Data         256  hnit_jpeg.o(.constdata)
    color_code                               0x08031b7c   Data         256  hnit_jpeg.o(.constdata)
    zigzag_code                              0x08031c7c   Data          64  hnit_jpeg.o(.constdata)
    huffman_dc_code                          0x08031cbc   Data          48  hnit_jpeg.o(.constdata)
    huffman_ac_code                          0x08031cec   Data         644  hnit_jpeg.o(.constdata)
    Region$$Table$$Base                      0x0803214c   Number         0  anon$$obj.o(Region$$Table)
    Region$$Table$$Limit                     0x0803216c   Number         0  anon$$obj.o(Region$$Table)
    SystemCoreClock                          0x20000010   Data           4  system_stm32f4xx.o(.data)
    AHBPrescTable                            0x20000014   Data          16  system_stm32f4xx.o(.data)
    __stdout                                 0x20000028   Data           4  stm32_usart.o(.data)
    USART_RX_STA                             0x2000002c   Data           2  stm32_usart.o(.data)
    POINT_COLOR                              0x2000002e   Data           2  hnit_lcd.o(.data)
    BACK_COLOR                               0x20000030   Data           2  hnit_lcd.o(.data)
    test_image1                              0x20000034   Data         128  hnit_jpeg.o(.data)
    size                                     0x200000b4   Data           4  hnit_jpeg.o(.data)
    i_size                                   0x200000b8   Data           4  hnit_jpeg.o(.data)
    USART_RX_BUF                             0x200000bc   Data         200  stm32_usart.o(.bss)
    lcddev                                   0x20000184   Data          14  hnit_lcd.o(.bss)
    __libspace_start                         0x20000194   Data          96  libspace.o(.bss)
    __temporary_stack_top$libspace           0x200001f4   Data           0  libspace.o(.bss)
    encode                                   0x68000000   Data       153600  hnit_jpeg.o(.ARM.__AT_0x68000000)
    image                                    0x68025800   Data       153600  hnit_jpeg.o(.ARM.__AT_0x68025800)



==============================================================================

Memory Map of the image

  Image Entry point : 0x08000189

  Load Region LR_IROM1 (Base: 0x08000000, Size: 0x00032244, Max: 0x00080000, ABSOLUTE)

    Execution Region ER_IROM1 (Base: 0x08000000, Size: 0x00032188, Max: 0x00080000, ABSOLUTE)

    Base Addr    Size         Type   Attr      Idx    E Section Name        Object

    0x08000000   0x00000188   Data   RO            3    RESET               startup_stm32f40_41xxx.o
    0x08000188   0x00000008   Code   RO         1210  * !!!main             c_w.l(__main.o)
    0x08000190   0x00000034   Code   RO         1520    !!!scatter          c_w.l(__scatter.o)
    0x080001c4   0x0000001a   Code   RO         1522    !!handler_copy      c_w.l(__scatter_copy.o)
    0x080001de   0x00000002   PAD
    0x080001e0   0x0000001c   Code   RO         1524    !!handler_zi        c_w.l(__scatter_zi.o)
    0x080001fc   0x00000000   Code   RO         1203    .ARM.Collect$$_printf_percent$$00000000  c_w.l(_printf_percent.o)
    0x080001fc   0x00000006   Code   RO         1202    .ARM.Collect$$_printf_percent$$00000003  c_w.l(_printf_f.o)
    0x08000202   0x00000006   Code   RO         1201    .ARM.Collect$$_printf_percent$$00000009  c_w.l(_printf_d.o)
    0x08000208   0x00000006   Code   RO         1200    .ARM.Collect$$_printf_percent$$0000000C  c_w.l(_printf_x.o)
    0x0800020e   0x00000004   Code   RO         1253    .ARM.Collect$$_printf_percent$$00000017  c_w.l(_printf_percent_end.o)
    0x08000212   0x00000002   Code   RO         1400    .ARM.Collect$$libinit$$00000000  c_w.l(libinit.o)
    0x08000214   0x00000004   Code   RO         1401    .ARM.Collect$$libinit$$00000001  c_w.l(libinit2.o)
    0x08000218   0x00000000   Code   RO         1405    .ARM.Collect$$libinit$$00000008  c_w.l(libinit2.o)
    0x08000218   0x00000000   Code   RO         1407    .ARM.Collect$$libinit$$0000000A  c_w.l(libinit2.o)
    0x08000218   0x00000000   Code   RO         1409    .ARM.Collect$$libinit$$0000000C  c_w.l(libinit2.o)
    0x08000218   0x00000006   Code   RO         1410    .ARM.Collect$$libinit$$0000000D  c_w.l(libinit2.o)
    0x0800021e   0x00000000   Code   RO         1412    .ARM.Collect$$libinit$$0000000F  c_w.l(libinit2.o)
    0x0800021e   0x00000000   Code   RO         1414    .ARM.Collect$$libinit$$00000011  c_w.l(libinit2.o)
    0x0800021e   0x00000000   Code   RO         1416    .ARM.Collect$$libinit$$00000013  c_w.l(libinit2.o)
    0x0800021e   0x0000000a   Code   RO         1417    .ARM.Collect$$libinit$$00000014  c_w.l(libinit2.o)
    0x08000228   0x00000000   Code   RO         1418    .ARM.Collect$$libinit$$00000015  c_w.l(libinit2.o)
    0x08000228   0x00000000   Code   RO         1420    .ARM.Collect$$libinit$$00000017  c_w.l(libinit2.o)
    0x08000228   0x00000000   Code   RO         1422    .ARM.Collect$$libinit$$00000019  c_w.l(libinit2.o)
    0x08000228   0x00000000   Code   RO         1424    .ARM.Collect$$libinit$$0000001B  c_w.l(libinit2.o)
    0x08000228   0x00000000   Code   RO         1426    .ARM.Collect$$libinit$$0000001D  c_w.l(libinit2.o)
    0x08000228   0x00000000   Code   RO         1428    .ARM.Collect$$libinit$$0000001F  c_w.l(libinit2.o)
    0x08000228   0x00000000   Code   RO         1430    .ARM.Collect$$libinit$$00000021  c_w.l(libinit2.o)
    0x08000228   0x00000000   Code   RO         1432    .ARM.Collect$$libinit$$00000023  c_w.l(libinit2.o)
    0x08000228   0x00000000   Code   RO         1436    .ARM.Collect$$libinit$$0000002A  c_w.l(libinit2.o)
    0x08000228   0x00000000   Code   RO         1438    .ARM.Collect$$libinit$$0000002C  c_w.l(libinit2.o)
    0x08000228   0x00000000   Code   RO         1440    .ARM.Collect$$libinit$$0000002E  c_w.l(libinit2.o)
    0x08000228   0x00000000   Code   RO         1442    .ARM.Collect$$libinit$$00000030  c_w.l(libinit2.o)
    0x08000228   0x00000002   Code   RO         1443    .ARM.Collect$$libinit$$00000031  c_w.l(libinit2.o)
    0x0800022a   0x00000002   Code   RO         1471    .ARM.Collect$$libshutdown$$00000000  c_w.l(libshutdown.o)
    0x0800022c   0x00000000   Code   RO         1481    .ARM.Collect$$libshutdown$$00000003  c_w.l(libshutdown2.o)
    0x0800022c   0x00000000   Code   RO         1484    .ARM.Collect$$libshutdown$$00000006  c_w.l(libshutdown2.o)
    0x0800022c   0x00000000   Code   RO         1487    .ARM.Collect$$libshutdown$$00000009  c_w.l(libshutdown2.o)
    0x0800022c   0x00000000   Code   RO         1489    .ARM.Collect$$libshutdown$$0000000B  c_w.l(libshutdown2.o)
    0x0800022c   0x00000000   Code   RO         1492    .ARM.Collect$$libshutdown$$0000000E  c_w.l(libshutdown2.o)
    0x0800022c   0x00000002   Code   RO         1493    .ARM.Collect$$libshutdown$$0000000F  c_w.l(libshutdown2.o)
    0x0800022e   0x00000000   Code   RO         1244    .ARM.Collect$$rtentry$$00000000  c_w.l(rtentry.o)
    0x0800022e   0x00000000   Code   RO         1294    .ARM.Collect$$rtentry$$00000002  c_w.l(rtentry2.o)
    0x0800022e   0x00000006   Code   RO         1306    .ARM.Collect$$rtentry$$00000004  c_w.l(rtentry4.o)
    0x08000234   0x00000000   Code   RO         1296    .ARM.Collect$$rtentry$$00000009  c_w.l(rtentry2.o)
    0x08000234   0x00000004   Code   RO         1297    .ARM.Collect$$rtentry$$0000000A  c_w.l(rtentry2.o)
    0x08000238   0x00000000   Code   RO         1299    .ARM.Collect$$rtentry$$0000000C  c_w.l(rtentry2.o)
    0x08000238   0x00000008   Code   RO         1300    .ARM.Collect$$rtentry$$0000000D  c_w.l(rtentry2.o)
    0x08000240   0x00000002   Code   RO         1444    .ARM.Collect$$rtexit$$00000000  c_w.l(rtexit.o)
    0x08000242   0x00000000   Code   RO         1451    .ARM.Collect$$rtexit$$00000002  c_w.l(rtexit2.o)
    0x08000242   0x00000004   Code   RO         1452    .ARM.Collect$$rtexit$$00000003  c_w.l(rtexit2.o)
    0x08000246   0x00000006   Code   RO         1453    .ARM.Collect$$rtexit$$00000004  c_w.l(rtexit2.o)
    0x0800024c   0x00000040   Code   RO            4    .text               startup_stm32f40_41xxx.o
    0x0800028c   0x000000e0   Code   RO           12    .text               misc.o
    0x0800036c   0x000005c8   Code   RO          443    .text               stm32f4xx_fsmc.o
    0x08000934   0x00000294   Code   RO          466    .text               stm32f4xx_gpio.o
    0x08000bc8   0x0000065c   Code   RO          629    .text               stm32f4xx_rcc.o
    0x08001224   0x00000454   Code   RO          794    .text               stm32f4xx_usart.o
    0x08001678   0x0000001a   Code   RO          834    .text               stm32f4xx_it.o
    0x08001692   0x00000002   PAD
    0x08001694   0x00000210   Code   RO          857    .text               system_stm32f4xx.o
    0x080018a4   0x00000104   Code   RO          883    .text               stm32_delay.o
    0x080019a8   0x00000154   Code   RO          929    .text               stm32_usart.o
    0x08001afc   0x00000040   Code   RO          960    .text               hnit_led.o
    0x08001b3c   0x00000034   Code   RO          983    .text               hnit_key.o
    0x08001b70   0x00004a38   Code   RO         1006    .text               hnit_lcd.o
    0x080065a8   0x00000300   Code   RO         1048    .text               hnit_sram.o
    0x080068a8   0x0000006c   Code   RO         1071    .text               main.o
    0x08006914   0x00000e34   Code   RO         1105    .text               hnit_jpeg.o
    0x08007748   0x00000002   Code   RO         1149    .text               c_w.l(use_no_semi_2.o)
    0x0800774a   0x00000002   PAD
    0x0800774c   0x00000018   Code   RO         1153    .text               c_w.l(noretval__2printf.o)
    0x08007764   0x00000068   Code   RO         1155    .text               c_w.l(__printf.o)
    0x080077cc   0x00000074   Code   RO         1157    .text               c_w.l(_printf_dec.o)
    0x08007840   0x00000058   Code   RO         1162    .text               c_w.l(_printf_hex_int.o)
    0x08007898   0x00000044   Code   RO         1204    .text               c_w.l(rt_memclr.o)
    0x080078dc   0x0000004e   Code   RO         1206    .text               c_w.l(rt_memclr_w.o)
    0x0800792a   0x00000006   Code   RO         1208    .text               c_w.l(heapauxi.o)
    0x08007930   0x00000002   Code   RO         1242    .text               c_w.l(use_no_semi.o)
    0x08007932   0x00000016   Code   RO         1245    .text               c_w.l(_rserrno.o)
    0x08007948   0x000000b2   Code   RO         1247    .text               c_w.l(_printf_intcommon.o)
    0x080079fa   0x00000416   Code   RO         1249    .text               c_w.l(_printf_fp_dec.o)
    0x08007e10   0x00000024   Code   RO         1251    .text               c_w.l(_printf_char_file.o)
    0x08007e34   0x00000008   Code   RO         1311    .text               c_w.l(rt_locale_intlibspace.o)
    0x08007e3c   0x00000008   Code   RO         1316    .text               c_w.l(rt_errno_addr_intlibspace.o)
    0x08007e44   0x0000008a   Code   RO         1318    .text               c_w.l(lludiv10.o)
    0x08007ece   0x00000002   PAD
    0x08007ed0   0x00000030   Code   RO         1320    .text               c_w.l(_printf_char_common.o)
    0x08007f00   0x00000080   Code   RO         1322    .text               c_w.l(_printf_fp_infnan.o)
    0x08007f80   0x000000d8   Code   RO         1324    .text               c_w.l(bigflt0.o)
    0x08008058   0x00000008   Code   RO         1349    .text               c_w.l(ferror.o)
    0x08008060   0x00000008   Code   RO         1384    .text               c_w.l(libspace.o)
    0x08008068   0x0000004a   Code   RO         1387    .text               c_w.l(sys_stackheap_outer.o)
    0x080080b2   0x0000000c   Code   RO         1391    .text               c_w.l(exit.o)
    0x080080be   0x00000002   PAD
    0x080080c0   0x00000080   Code   RO         1393    .text               c_w.l(strcmpv7m.o)
    0x08008140   0x0000003e   Code   RO         1327    CL$$btod_d2e        c_w.l(btod.o)
    0x0800817e   0x00000046   Code   RO         1329    CL$$btod_d2e_denorm_low  c_w.l(btod.o)
    0x080081c4   0x00000060   Code   RO         1328    CL$$btod_d2e_norm_op1  c_w.l(btod.o)
    0x08008224   0x00000338   Code   RO         1337    CL$$btod_div_common  c_w.l(btod.o)
    0x0800855c   0x000000c6   Code   RO         1334    CL$$btod_e2e        c_w.l(btod.o)
    0x08008622   0x00000028   Code   RO         1331    CL$$btod_ediv       c_w.l(btod.o)
    0x0800864a   0x00000028   Code   RO         1330    CL$$btod_emul       c_w.l(btod.o)
    0x08008672   0x00000244   Code   RO         1336    CL$$btod_mult_common  c_w.l(btod.o)
    0x080088b6   0x00000030   Code   RO         1380    i.__ARM_fpclassify  m_wm.l(fpclassify.o)
    0x080088e6   0x00000002   PAD
    0x080088e8   0x000000d8   Code   RO         1218    i.__hardfp_cos      m_wm.l(cos.o)
    0x080089c0   0x0000007a   Code   RO         1230    i.__hardfp_sqrt     m_wm.l(sqrt.o)
    0x08008a3a   0x00000006   PAD
    0x08008a40   0x00000438   Code   RO         1282    i.__ieee754_rem_pio2  m_wm.l(rred.o)
    0x08008e78   0x00000170   Code   RO         1279    i.__kernel_cos      m_wm.l(cos_i.o)
    0x08008fe8   0x000000f8   Code   RO         1382    i.__kernel_poly     m_wm.l(poly.o)
    0x080090e0   0x00000130   Code   RO         1287    i.__kernel_sin      m_wm.l(sin_i.o)
    0x08009210   0x00000020   Code   RO         1372    i.__mathlib_dbl_underflow  m_wm.l(dunder.o)
    0x08009230   0x00000018   Code   RO         1376    i.fabs              m_wm.l(fabs.o)
    0x08009248   0x0000002c   Code   RO         1354    locale$$code        c_w.l(lc_numeric_c.o)
    0x08009274   0x00000018   Code   RO         1254    x$fpl$basic         fz_wm.l(basic.o)
    0x0800928c   0x00000062   Code   RO         1212    x$fpl$d2f           fz_wm.l(d2f.o)
    0x080092ee   0x00000002   PAD
    0x080092f0   0x00000150   Code   RO         1256    x$fpl$dadd          fz_wm.l(daddsub_clz.o)
    0x08009440   0x000002b0   Code   RO         1263    x$fpl$ddiv          fz_wm.l(ddiv.o)
    0x080096f0   0x0000005e   Code   RO         1358    x$fpl$dfix          fz_wm.l(dfix.o)
    0x0800974e   0x0000002e   Code   RO         1363    x$fpl$dflt          fz_wm.l(dflt_clz.o)
    0x0800977c   0x00000026   Code   RO         1362    x$fpl$dfltu         fz_wm.l(dflt_clz.o)
    0x080097a2   0x00000002   PAD
    0x080097a4   0x00000154   Code   RO         1368    x$fpl$dmul          fz_wm.l(dmul.o)
    0x080098f8   0x0000009c   Code   RO         1268    x$fpl$dnaninf       fz_wm.l(dnaninf.o)
    0x08009994   0x0000000c   Code   RO         1270    x$fpl$dretinf       fz_wm.l(dretinf.o)
    0x080099a0   0x00000016   Code   RO         1257    x$fpl$drsb          fz_wm.l(daddsub_clz.o)
    0x080099b6   0x00000002   PAD
    0x080099b8   0x00000198   Code   RO         1272    x$fpl$dsqrt         fz_wm.l(dsqrt_umaal.o)
    0x08009b50   0x000001d4   Code   RO         1258    x$fpl$dsub          fz_wm.l(daddsub_clz.o)
    0x08009d24   0x00000056   Code   RO         1214    x$fpl$f2d           fz_wm.l(f2d.o)
    0x08009d7a   0x0000008c   Code   RO         1274    x$fpl$fnaninf       fz_wm.l(fnaninf.o)
    0x08009e06   0x0000000a   Code   RO         1448    x$fpl$fpinit        fz_wm.l(fpinit.o)
    0x08009e10   0x0000000a   Code   RO         1276    x$fpl$fretinf       fz_wm.l(fretinf.o)
    0x08009e1a   0x00000004   Code   RO         1216    x$fpl$printf1       fz_wm.l(printf1.o)
    0x08009e1e   0x00000000   Code   RO         1278    x$fpl$usenofp       fz_wm.l(usenofp.o)
    0x08009e1e   0x00000002   PAD
    0x08009e20   0x0000001c   Data   RO          444    .constdata          stm32f4xx_fsmc.o
    0x08009e3c   0x000017c0   Data   RO         1008    .constdata          hnit_lcd.o
    0x0800b5fc   0x00026974   Data   RO         1109    .constdata          hnit_jpeg.o
    0x08031f70   0x00000028   Data   RO         1163    .constdata          c_w.l(_printf_hex_int.o)
    0x08031f98   0x00000030   Data   RO         1280    .constdata          m_wm.l(cos_i.o)
    0x08031fc8   0x000000c8   Data   RO         1284    .constdata          m_wm.l(rred.o)
    0x08032090   0x00000028   Data   RO         1288    .constdata          m_wm.l(sin_i.o)
    0x080320b8   0x00000094   Data   RO         1325    .constdata          c_w.l(bigflt0.o)
    0x0803214c   0x00000020   Data   RO         1518    Region$$Table       anon$$obj.o
    0x0803216c   0x0000001c   Data   RO         1353    locale$$data        c_w.l(lc_numeric_c.o)


    Execution Region RW_IRAM1 (Base: 0x20000000, Size: 0x000007f8, Max: 0x00020000, ABSOLUTE)

    Base Addr    Size         Type   Attr      Idx    E Section Name        Object

    0x20000000   0x00000010   Data   RW          630    .data               stm32f4xx_rcc.o
    0x20000010   0x00000014   Data   RW          858    .data               system_stm32f4xx.o
    0x20000024   0x00000004   Data   RW          884    .data               stm32_delay.o
    0x20000028   0x00000006   Data   RW          931    .data               stm32_usart.o
    0x2000002e   0x00000004   Data   RW         1009    .data               hnit_lcd.o
    0x20000032   0x00000002   PAD
    0x20000034   0x00000088   Data   RW         1110    .data               hnit_jpeg.o
    0x200000bc   0x000000c8   Zero   RW          930    .bss                stm32_usart.o
    0x20000184   0x0000000e   Zero   RW         1007    .bss                hnit_lcd.o
    0x20000192   0x00000002   PAD
    0x20000194   0x00000060   Zero   RW         1385    .bss                c_w.l(libspace.o)
    0x200001f4   0x00000004   PAD
    0x200001f8   0x00000200   Zero   RW            2    HEAP                startup_stm32f40_41xxx.o
    0x200003f8   0x00000400   Zero   RW            1    STACK               startup_stm32f40_41xxx.o



  Load Region LR$$.ARM.__AT_0x68000000 (Base: 0x68000000, Size: 0x00000000, Max: 0x00025800, ABSOLUTE)

    Execution Region ER$$.ARM.__AT_0x68000000 (Base: 0x68000000, Size: 0x00025800, Max: 0x00025800, ABSOLUTE, UNINIT)

    Base Addr    Size         Type   Attr      Idx    E Section Name        Object

    0x68000000   0x00025800   Zero   RW         1106    .ARM.__AT_0x68000000  hnit_jpeg.o



  Load Region LR$$.ARM.__AT_0x68025800 (Base: 0x68025800, Size: 0x00000000, Max: 0x00025800, ABSOLUTE)

    Execution Region ER$$.ARM.__AT_0x68025800 (Base: 0x68025800, Size: 0x00025800, Max: 0x00025800, ABSOLUTE, UNINIT)

    Base Addr    Size         Type   Attr      Idx    E Section Name        Object

    0x68025800   0x00025800   Zero   RW         1107    .ARM.__AT_0x68025800  hnit_jpeg.o


==============================================================================

Image component sizes


      Code (inc. data)   RO Data    RW Data    ZI Data      Debug   Object Name

      3636        160     158068        136     307200      10588   hnit_jpeg.o
        52          6          0          0          0        554   hnit_key.o
     19000        162       6080          4         14      23415   hnit_lcd.o
        64          4          0          0          0        558   hnit_led.o
       768         22          0          0          0       1924   hnit_sram.o
       108         18          0          0          0        531   main.o
       224         20          0          0          0     271397   misc.o
        64         26        392          0       1536        872   startup_stm32f40_41xxx.o
       260          8          0          4          0       1469   stm32_delay.o
       340         18          0          6        200       3392   stm32_usart.o
      1480         18         28          0          0       5646   stm32f4xx_fsmc.o
       660         44          0          0          0       4113   stm32f4xx_gpio.o
        26          0          0          0          0       1254   stm32f4xx_it.o
      1628         52          0         16          0      12912   stm32f4xx_rcc.o
      1108         34          0          0          0       7816   stm32f4xx_usart.o
       528         46          0         20          0       1871   system_stm32f4xx.o

    ----------------------------------------------------------------------
     29948        638     164600        188     308952     348312   Object Totals
         0          0         32          0          0          0   (incl. Generated)
         2          0          0          2          2          0   (incl. Padding)

    ----------------------------------------------------------------------

      Code (inc. data)   RO Data    RW Data    ZI Data      Debug   Library Member Name

         8          0          0          0          0         68   __main.o
       104          0          0          0          0         84   __printf.o
        52          8          0          0          0          0   __scatter.o
        26          0          0          0          0          0   __scatter_copy.o
        28          0          0          0          0          0   __scatter_zi.o
        48          6          0          0          0         96   _printf_char_common.o
        36          4          0          0          0         80   _printf_char_file.o
         6          0          0          0          0          0   _printf_d.o
       116         16          0          0          0         92   _printf_dec.o
         6          0          0          0          0          0   _printf_f.o
      1046          0          0          0          0        216   _printf_fp_dec.o
       128         16          0          0          0         84   _printf_fp_infnan.o
        88          4         40          0          0         88   _printf_hex_int.o
       178          0          0          0          0         88   _printf_intcommon.o
         0          0          0          0          0          0   _printf_percent.o
         4          0          0          0          0          0   _printf_percent_end.o
         6          0          0          0          0          0   _printf_x.o
        22          0          0          0          0        100   _rserrno.o
       216          4        148          0          0         96   bigflt0.o
      1910        128          0          0          0        672   btod.o
        12          0          0          0          0         72   exit.o
         8          0          0          0          0         68   ferror.o
         6          0          0          0          0        152   heapauxi.o
        44         10         28          0          0         76   lc_numeric_c.o
         2          0          0          0          0          0   libinit.o
        22          0          0          0          0          0   libinit2.o
         2          0          0          0          0          0   libshutdown.o
         2          0          0          0          0          0   libshutdown2.o
         8          4          0          0         96         68   libspace.o
       138          0          0          0          0         80   lludiv10.o
        24          4          0          0          0         84   noretval__2printf.o
         8          4          0          0          0         68   rt_errno_addr_intlibspace.o
         8          4          0          0          0         68   rt_locale_intlibspace.o
        68          0          0          0          0         68   rt_memclr.o
        78          0          0          0          0         80   rt_memclr_w.o
         0          0          0          0          0          0   rtentry.o
        12          0          0          0          0          0   rtentry2.o
         6          0          0          0          0          0   rtentry4.o
         2          0          0          0          0          0   rtexit.o
        10          0          0          0          0          0   rtexit2.o
       128          0          0          0          0         68   strcmpv7m.o
        74          0          0          0          0         80   sys_stackheap_outer.o
         2          0          0          0          0         68   use_no_semi.o
         2          0          0          0          0         68   use_no_semi_2.o
        24          0          0          0          0        164   basic.o
        98          4          0          0          0        140   d2f.o
       826         16          0          0          0        492   daddsub_clz.o
       688        140          0          0          0        256   ddiv.o
        94          4          0          0          0        140   dfix.o
        84          0          0          0          0        232   dflt_clz.o
       340         12          0          0          0        152   dmul.o
       156          4          0          0          0        140   dnaninf.o
        12          0          0          0          0        116   dretinf.o
       408         56          0          0          0        168   dsqrt_umaal.o
        86          4          0          0          0        132   f2d.o
       140          4          0          0          0        132   fnaninf.o
        10          0          0          0          0        116   fpinit.o
        10          0          0          0          0        116   fretinf.o
         4          0          0          0          0        116   printf1.o
         0          0          0          0          0          0   usenofp.o
       216         16          0          0          0        152   cos.o
       368         46         48          0          0        200   cos_i.o
        32          8          0          0          0        124   dunder.o
        24          0          0          0          0        124   fabs.o
        48          0          0          0          0        124   fpclassify.o
       248          0          0          0          0        152   poly.o
      1080        142        200          0          0        188   rred.o
       304         24         40          0          0        208   sin_i.o
       122          0          0          0          0        148   sqrt.o

    ----------------------------------------------------------------------
     10140        692        504          0        100       6964   Library Totals
        24          0          0          0          4          0   (incl. Padding)

    ----------------------------------------------------------------------

      Code (inc. data)   RO Data    RW Data    ZI Data      Debug   Library Name

      4694        212        216          0         96       2932   c_w.l
      2980        244          0          0          0       2612   fz_wm.l
      2442        236        288          0          0       1420   m_wm.l

    ----------------------------------------------------------------------
     10140        692        504          0        100       6964   Library Totals

    ----------------------------------------------------------------------

==============================================================================


      Code (inc. data)   RO Data    RW Data    ZI Data      Debug   

     40088       1330     165104        188     309052     348064   Grand Totals
     40088       1330     165104        188     309052     348064   ELF Image Totals
     40088       1330     165104        188          0          0   ROM Totals

==============================================================================

    Total RO  Size (Code + RO Data)               205192 ( 200.38kB)
    Total RW  Size (RW Data + ZI Data)            309240 ( 301.99kB)
    Total ROM Size (Code + RO Data + RW Data)     205380 ( 200.57kB)

==============================================================================

