Product: MDK-ARM Professional 5.10
Component: ARM Compiler 5.04 update 1 (build 49)
Tool: armlink [5040049]

==============================================================================

Section Cross References

    startup_stm32f40_41xxx.o(STACK) refers (Special) to heapauxi.o(.text) for __use_two_region_memory
    startup_stm32f40_41xxx.o(HEAP) refers (Special) to heapauxi.o(.text) for __use_two_region_memory
    startup_stm32f40_41xxx.o(RESET) refers (Special) to heapauxi.o(.text) for __use_two_region_memory
    startup_stm32f40_41xxx.o(RESET) refers to startup_stm32f40_41xxx.o(STACK) for __initial_sp
    startup_stm32f40_41xxx.o(RESET) refers to startup_stm32f40_41xxx.o(.text) for Reset_Handler
    startup_stm32f40_41xxx.o(RESET) refers to stm32f4xx_it.o(.text) for NMI_Handler
    startup_stm32f40_41xxx.o(RESET) refers to stm32_usart.o(.text) for USART1_IRQHandler
    startup_stm32f40_41xxx.o(.text) refers (Special) to heapauxi.o(.text) for __use_two_region_memory
    startup_stm32f40_41xxx.o(.text) refers to system_stm32f4xx.o(.text) for SystemInit
    startup_stm32f40_41xxx.o(.text) refers to __main.o(!!!main) for __main
    startup_stm32f40_41xxx.o(.text) refers to startup_stm32f40_41xxx.o(HEAP) for Heap_Mem
    startup_stm32f40_41xxx.o(.text) refers to startup_stm32f40_41xxx.o(STACK) for Stack_Mem
    stm32f4xx_adc.o(.text) refers to stm32f4xx_rcc.o(.text) for RCC_APB2PeriphResetCmd
    stm32f4xx_can.o(.text) refers to stm32f4xx_rcc.o(.text) for RCC_APB1PeriphResetCmd
    stm32f4xx_cryp.o(.text) refers to stm32f4xx_rcc.o(.text) for RCC_AHB2PeriphResetCmd
    stm32f4xx_cryp_aes.o(.text) refers to stm32f4xx_cryp.o(.text) for CRYP_KeyStructInit
    stm32f4xx_cryp_des.o(.text) refers to stm32f4xx_cryp.o(.text) for CRYP_KeyStructInit
    stm32f4xx_cryp_tdes.o(.text) refers to stm32f4xx_cryp.o(.text) for CRYP_KeyStructInit
    stm32f4xx_dac.o(.text) refers to stm32f4xx_rcc.o(.text) for RCC_APB1PeriphResetCmd
    stm32f4xx_dma2d.o(.text) refers to stm32f4xx_rcc.o(.text) for RCC_AHB1PeriphResetCmd
    stm32f4xx_fsmc.o(.text) refers to stm32f4xx_fsmc.o(.constdata) for FSMC_DefaultTimingStruct
    stm32f4xx_gpio.o(.text) refers to stm32f4xx_rcc.o(.text) for RCC_AHB1PeriphResetCmd
    stm32f4xx_hash.o(.text) refers to stm32f4xx_rcc.o(.text) for RCC_AHB2PeriphResetCmd
    stm32f4xx_hash_md5.o(.text) refers to stm32f4xx_hash.o(.text) for HASH_DeInit
    stm32f4xx_hash_sha1.o(.text) refers to stm32f4xx_hash.o(.text) for HASH_DeInit
    stm32f4xx_i2c.o(.text) refers to stm32f4xx_rcc.o(.text) for RCC_APB1PeriphResetCmd
    stm32f4xx_ltdc.o(.text) refers to stm32f4xx_rcc.o(.text) for RCC_APB2PeriphResetCmd
    stm32f4xx_pwr.o(.text) refers to stm32f4xx_rcc.o(.text) for RCC_APB1PeriphResetCmd
    stm32f4xx_rcc.o(.text) refers to stm32f4xx_rcc.o(.data) for APBAHBPrescTable
    stm32f4xx_rng.o(.text) refers to stm32f4xx_rcc.o(.text) for RCC_AHB2PeriphResetCmd
    stm32f4xx_sai.o(.text) refers to stm32f4xx_rcc.o(.text) for RCC_APB2PeriphResetCmd
    stm32f4xx_sdio.o(.text) refers to stm32f4xx_rcc.o(.text) for RCC_APB2PeriphResetCmd
    stm32f4xx_spi.o(.text) refers to stm32f4xx_rcc.o(.text) for RCC_APB2PeriphResetCmd
    stm32f4xx_syscfg.o(.text) refers to stm32f4xx_rcc.o(.text) for RCC_APB2PeriphResetCmd
    stm32f4xx_tim.o(.text) refers to stm32f4xx_rcc.o(.text) for RCC_APB2PeriphResetCmd
    stm32f4xx_usart.o(.text) refers to stm32f4xx_rcc.o(.text) for RCC_APB2PeriphResetCmd
    stm32f4xx_wwdg.o(.text) refers to stm32f4xx_rcc.o(.text) for RCC_APB1PeriphResetCmd
    system_stm32f4xx.o(.text) refers to system_stm32f4xx.o(.data) for SystemCoreClock
    stm32_delay.o(.text) refers to misc.o(.text) for SysTick_CLKSourceConfig
    stm32_delay.o(.text) refers to stm32_delay.o(.data) for fac_us
    stm32_usart.o(.rev16_text) refers (Special) to use_no_semi_2.o(.text) for __use_no_semihosting
    stm32_usart.o(.revsh_text) refers (Special) to use_no_semi_2.o(.text) for __use_no_semihosting
    stm32_usart.o(.text) refers (Special) to use_no_semi_2.o(.text) for __use_no_semihosting
    stm32_usart.o(.text) refers to stm32f4xx_rcc.o(.text) for RCC_AHB1PeriphClockCmd
    stm32_usart.o(.text) refers to stm32f4xx_gpio.o(.text) for GPIO_PinAFConfig
    stm32_usart.o(.text) refers to stm32f4xx_usart.o(.text) for USART_Init
    stm32_usart.o(.text) refers to misc.o(.text) for NVIC_Init
    stm32_usart.o(.text) refers to stm32_usart.o(.data) for USART_RX_STA
    stm32_usart.o(.text) refers to stm32_usart.o(.bss) for USART_RX_BUF
    stm32_usart.o(.bss) refers (Special) to use_no_semi_2.o(.text) for __use_no_semihosting
    stm32_usart.o(.data) refers (Special) to use_no_semi_2.o(.text) for __use_no_semihosting
    hnit_led.o(.text) refers to stm32f4xx_rcc.o(.text) for RCC_AHB1PeriphClockCmd
    hnit_led.o(.text) refers to stm32f4xx_gpio.o(.text) for GPIO_Init
    hnit_key.o(.text) refers to stm32f4xx_rcc.o(.text) for RCC_AHB1PeriphClockCmd
    hnit_key.o(.text) refers to stm32f4xx_gpio.o(.text) for GPIO_Init
[...]
    ..\\FWLIB\\src\\stm32f4xx_hash_sha1.c    0x00000000   Number         0  stm32f4xx_hash_sha1.o ABSOLUTE
    ..\\FWLIB\\src\\stm32f4xx_i2c.c          0x00000000   Number         0  stm32f4xx_i2c.o ABSOLUTE
    ..\\FWLIB\\src\\stm32f4xx_iwdg.c         0x00000000   Number         0  stm32f4xx_iwdg.o ABSOLUTE
    ..\\FWLIB\\src\\stm32f4xx_ltdc.c         0x00000000   Number         0  stm32f4xx_ltdc.o ABSOLUTE
    ..\\FWLIB\\src\\stm32f4xx_pwr.c          0x00000000   Number         0  stm32f4xx_pwr.o ABSOLUTE
    ..\\FWLIB\\src\\stm32f4xx_rcc.c          0x00000000   Number         0  stm32f4xx_rcc.o ABSOLUTE
    ..\\FWLIB\\src\\stm32f4xx_rng.c          0x00000000   Number         0  stm32f4xx_rng.o ABSOLUTE
    ..\\FWLIB\\src\\stm32f4xx_rtc.c          0x00000000   Number         0  stm32f4xx_rtc.o ABSOLUTE
    ..\\FWLIB\\src\\stm32f4xx_sai.c          0x00000000   Number         0  stm32f4xx_sai.o ABSOLUTE
    ..\\FWLIB\\src\\stm32f4xx_sdio.c         0x00000000   Number         0  stm32f4xx_sdio.o ABSOLUTE
    ..\\FWLIB\\src\\stm32f4xx_spi.c          0x00000000   Number         0  stm32f4xx_spi.o ABSOLUTE
    ..\\FWLIB\\src\\stm32f4xx_syscfg.c       0x00000000   Number         0  stm32f4xx_syscfg.o ABSOLUTE
    ..\\FWLIB\\src\\stm32f4xx_tim.c          0x00000000   Number         0  stm32f4xx_tim.o ABSOLUTE
    ..\\FWLIB\\src\\stm32f4xx_usart.c        0x00000000   Number         0  stm32f4xx_usart.o ABSOLUTE
    ..\\FWLIB\\src\\stm32f4xx_wwdg.c         0x00000000   Number         0  stm32f4xx_wwdg.o ABSOLUTE
    ..\\System\\delay\\stm32_delay.c         0x00000000   Number         0  stm32_delay.o ABSOLUTE
    ..\\System\\stm32f4xx_it.c               0x00000000   Number         0  stm32f4xx_it.o ABSOLUTE
    ..\\System\\sys\\stm32_sys.c             0x00000000   Number         0  stm32_sys.o ABSOLUTE
    ..\\System\\system_stm32f4xx.c           0x00000000   Number         0  system_stm32f4xx.o ABSOLUTE
    ..\\System\\usart\\stm32_usart.c         0x00000000   Number         0  stm32_usart.o ABSOLUTE
    ..\\USER\\main.c                         0x00000000   Number         0  main.o ABSOLUTE
    ..\\User\\JPEG\\hnit_jpeg.c              0x00000000   Number         0  hnit_jpeg.o ABSOLUTE
    dc.s                                     0x00000000   Number         0  dc.o ABSOLUTE
    RESET                                    0x08000000   Section      392  startup_stm32f40_41xxx.o(RESET)
    !!!main                                  0x08000188   Section        8  __main.o(!!!main)
    !!!scatter                               0x08000190   Section       52  __scatter.o(!!!scatter)
    !!handler_copy                           0x080001c4   Section       26  __scatter_copy.o(!!handler_copy)
    !!handler_zi                             0x080001e0   Section       28  __scatter_zi.o(!!handler_zi)
    .ARM.Collect$$_printf_percent$$00000000  0x080001fc   Section        0  _printf_percent.o(.ARM.Collect$$_printf_percent$$00000000)
    .ARM.Collect$$_printf_percent$$00000003  0x080001fc   Section        6  _printf_f.o(.ARM.Collect$$_printf_percent$$00000003)
    .ARM.Collect$$_printf_percent$$00000009  0x08000202   Section        6  _printf_d.o(.ARM.Collect$$_printf_percent$$00000009)
    .ARM.Collect$$_printf_percent$$00000017  0x08000208   Section        4  _printf_percent_end.o(.ARM.Collect$$_printf_percent$$00000017)
    .ARM.Collect$$libinit$$00000000          0x0800020c   Section        2  libinit.o(.ARM.Collect$$libinit$$00000000)
    .ARM.Collect$$libinit$$00000001          0x0800020e   Section        4  libinit2.o(.ARM.Collect$$libinit$$00000001)
    .ARM.Collect$$libinit$$00000008          0x08000212   Section        0  libinit2.o(.ARM.Collect$$libinit$$00000008)
    .ARM.Collect$$libinit$$0000000A          0x08000212   Section        0  libinit2.o(.ARM.Collect$$libinit$$0000000A)
    .ARM.Collect$$libinit$$0000000C          0x08000212   Section        0  libinit2.o(.ARM.Collect$$libinit$$0000000C)
    .ARM.Collect$$libinit$$0000000D          0x08000212   Section        6  libinit2.o(.ARM.Collect$$libinit$$0000000D)
    .ARM.Collect$$libinit$$0000000F          0x08000218   Section        0  libinit2.o(.ARM.Collect$$libinit$$0000000F)
    .ARM.Collect$$libinit$$00000011          0x08000218   Section        0  libinit2.o(.ARM.Collect$$libinit$$00000011)
    .ARM.Collect$$libinit$$00000013          0x08000218   Section        0  libinit2.o(.ARM.Collect$$libinit$$00000013)
    .ARM.Collect$$libinit$$00000014          0x08000218   Section       10  libinit2.o(.ARM.Collect$$libinit$$00000014)
    .ARM.Collect$$libinit$$00000015          0x08000222   Section        0  libinit2.o(.ARM.Collect$$libinit$$00000015)
    .ARM.Collect$$libinit$$00000017          0x08000222   Section        0  libinit2.o(.ARM.Collect$$libinit$$00000017)
    .ARM.Collect$$libinit$$00000019          0x08000222   Section        0  libinit2.o(.ARM.Collect$$libinit$$00000019)
    .ARM.Collect$$libinit$$0000001B          0x08000222   Section        0  libinit2.o(.ARM.Collect$$libinit$$0000001B)
    .ARM.Collect$$libinit$$0000001D          0x08000222   Section        0  libinit2.o(.ARM.Collect$$libinit$$0000001D)
    .ARM.Collect$$libinit$$0000001F          0x08000222   Section        0  libinit2.o(.ARM.Collect$$libinit$$0000001F)
    .ARM.Collect$$libinit$$00000021          0x08000222   Section        0  libinit2.o(.ARM.Collect$$libinit$$00000021)
    .ARM.Collect$$libinit$$00000023          0x08000222   Section        0  libinit2.o(.ARM.Collect$$libinit$$00000023)
    .ARM.Collect$$libinit$$0000002A          0x08000222   Section        0  libinit2.o(.ARM.Collect$$libinit$$0000002A)
    .ARM.Collect$$libinit$$0000002C          0x08000222   Section        0  libinit2.o(.ARM.Collect$$libinit$$0000002C)
    .ARM.Collect$$libinit$$0000002E          0x08000222   Section        0  libinit2.o(.ARM.Collect$$libinit$$0000002E)
    .ARM.Collect$$libinit$$00000030          0x08000222   Section        0  libinit2.o(.ARM.Collect$$libinit$$00000030)
    .ARM.Collect$$libinit$$00000031          0x08000222   Section        2  libinit2.o(.ARM.Collect$$libinit$$00000031)
    .ARM.Collect$$libshutdown$$00000000      0x08000224   Section        2  libshutdown.o(.ARM.Collect$$libshutdown$$00000000)
    .ARM.Collect$$libshutdown$$00000003      0x08000226   Section        0  libshutdown2.o(.ARM.Collect$$libshutdown$$00000003)
    .ARM.Collect$$libshutdown$$00000006      0x08000226   Section        0  libshutdown2.o(.ARM.Collect$$libshutdown$$00000006)
    .ARM.Collect$$libshutdown$$00000009      0x08000226   Section        0  libshutdown2.o(.ARM.Collect$$libshutdown$$00000009)
    .ARM.Collect$$libshutdown$$0000000B      0x08000226   Section        0  libshutdown2.o(.ARM.Collect$$libshutdown$$0000000B)
    .ARM.Collect$$libshutdown$$0000000E      0x08000226   Section        0  libshutdown2.o(.ARM.Collect$$libshutdown$$0000000E)
    .ARM.Collect$$libshutdown$$0000000F      0x08000226   Section        2  libshutdown2.o(.ARM.Collect$$libshutdown$$0000000F)
    .ARM.Collect$$rtentry$$00000000          0x08000228   Section        0  rtentry.o(.ARM.Collect$$rtentry$$00000000)
    .ARM.Collect$$rtentry$$00000002          0x08000228   Section        0  rtentry2.o(.ARM.Collect$$rtentry$$00000002)
    .ARM.Collect$$rtentry$$00000004          0x08000228   Section        6  rtentry4.o(.ARM.Collect$$rtentry$$00000004)
    .ARM.Collect$$rtentry$$00000009          0x0800022e   Section        0  rtentry2.o(.ARM.Collect$$rtentry$$00000009)
    .ARM.Collect$$rtentry$$0000000A          0x0800022e   Section        4  rtentry2.o(.ARM.Collect$$rtentry$$0000000A)
    .ARM.Collect$$rtentry$$0000000C          0x08000232   Section        0  rtentry2.o(.ARM.Collect$$rtentry$$0000000C)
    .ARM.Collect$$rtentry$$0000000D          0x08000232   Section        8  rtentry2.o(.ARM.Collect$$rtentry$$0000000D)
    .ARM.Collect$$rtexit$$00000000           0x0800023a   Section        2  rtexit.o(.ARM.Collect$$rtexit$$00000000)
    .ARM.Collect$$rtexit$$00000002           0x0800023c   Section        0  rtexit2.o(.ARM.Collect$$rtexit$$00000002)
    .ARM.Collect$$rtexit$$00000003           0x0800023c   Section        4  rtexit2.o(.ARM.Collect$$rtexit$$00000003)
    .ARM.Collect$$rtexit$$00000004           0x08000240   Section        6  rtexit2.o(.ARM.Collect$$rtexit$$00000004)
    .text                                    0x08000248   Section       64  startup_stm32f40_41xxx.o(.text)
    $v0                                      0x08000248   Number         0  startup_stm32f40_41xxx.o(.text)
    .text                                    0x08000288   Section        0  misc.o(.text)
    .text                                    0x08000368   Section        0  stm32f4xx_fsmc.o(.text)
    .text                                    0x08000930   Section        0  stm32f4xx_gpio.o(.text)
    .text                                    0x08000bc4   Section        0  stm32f4xx_rcc.o(.text)
    .text                                    0x08001220   Section        0  stm32f4xx_usart.o(.text)
    .text                                    0x08001674   Section        0  stm32f4xx_it.o(.text)
    .text                                    0x08001690   Section        0  system_stm32f4xx.o(.text)
    SetSysClock                              0x08001691   Thumb Code   220  system_stm32f4xx.o(.text)
    .text                                    0x080018a0   Section        0  stm32_delay.o(.text)
    .text                                    0x080019a4   Section        0  stm32_usart.o(.text)
    .text                                    0x08001af8   Section        0  hnit_led.o(.text)
    .text                                    0x08001b38   Section        0  hnit_key.o(.text)
    .text                                    0x08001b6c   Section        0  hnit_lcd.o(.text)
    .text                                    0x0800650c   Section        0  hnit_sram.o(.text)
    .text                                    0x0800680c   Section        0  main.o(.text)
    .text                                    0x08006878   Section        0  hnit_jpeg.o(.text)
    alpha                                    0x08006a33   Thumb Code    62  hnit_jpeg.o(.text)
    .text                                    0x08007454   Section        2  use_no_semi_2.o(.text)
    .text                                    0x08007458   Section        0  noretval__2printf.o(.text)
    .text                                    0x08007470   Section        0  __printf.o(.text)
    .text                                    0x080074d8   Section        0  _printf_dec.o(.text)
    .text                                    0x0800754c   Section        0  heapauxi.o(.text)
    .text                                    0x08007552   Section        2  use_no_semi.o(.text)
    .text                                    0x08007554   Section        0  _rserrno.o(.text)
    .text                                    0x0800756a   Section        0  _printf_intcommon.o(.text)
    .text                                    0x0800761c   Section        0  _printf_fp_dec.o(.text)
    _fp_digits                               0x0800761f   Thumb Code   428  _printf_fp_dec.o(.text)
    .text                                    0x08007a34   Section        0  _printf_char_file.o(.text)
    .text                                    0x08007a58   Section        8  rt_locale_intlibspace.o(.text)
    .text                                    0x08007a60   Section        8  rt_errno_addr_intlibspace.o(.text)
    .text                                    0x08007a68   Section      138  lludiv10.o(.text)
    .text                                    0x08007af4   Section        0  _printf_char_common.o(.text)
    _printf_input_char                       0x08007af5   Thumb Code    10  _printf_char_common.o(.text)
    .text                                    0x08007b24   Section        0  _printf_fp_infnan.o(.text)
    .text                                    0x08007ba4   Section        0  bigflt0.o(.text)
    .text                                    0x08007c7c   Section        0  ferror.o(.text)
    .text                                    0x08007c84   Section        8  libspace.o(.text)
    .text                                    0x08007c8c   Section       74  sys_stackheap_outer.o(.text)
    .text                                    0x08007cd6   Section        0  exit.o(.text)
    .text                                    0x08007ce4   Section      128  strcmpv7m.o(.text)
    CL$$btod_d2e                             0x08007d64   Section       62  btod.o(CL$$btod_d2e)
    CL$$btod_d2e_denorm_low                  0x08007da2   Section       70  btod.o(CL$$btod_d2e_denorm_low)
    CL$$btod_d2e_norm_op1                    0x08007de8   Section       96  btod.o(CL$$btod_d2e_norm_op1)
    CL$$btod_div_common                      0x08007e48   Section      824  btod.o(CL$$btod_div_common)
    CL$$btod_e2e                             0x08008180   Section      198  btod.o(CL$$btod_e2e)
    CL$$btod_ediv                            0x08008246   Section       40  btod.o(CL$$btod_ediv)
    CL$$btod_emul                            0x0800826e   Section       40  btod.o(CL$$btod_emul)
    CL$$btod_mult_common                     0x08008296   Section      580  btod.o(CL$$btod_mult_common)
    i.__ARM_fpclassify                       0x080084da   Section        0  fpclassify.o(i.__ARM_fpclassify)
    i.__hardfp_cos                           0x08008510   Section        0  cos.o(i.__hardfp_cos)
    i.__hardfp_sqrt                          0x080085e8   Section        0  sqrt.o(i.__hardfp_sqrt)
    i.__ieee754_rem_pio2                     0x08008668   Section        0  rred.o(i.__ieee754_rem_pio2)
    i.__kernel_cos                           0x08008aa0   Section        0  cos_i.o(i.__kernel_cos)
    i.__kernel_poly                          0x08008c10   Section        0  poly.o(i.__kernel_poly)
    i.__kernel_sin                           0x08008d08   Section        0  sin_i.o(i.__kernel_sin)
    i.__mathlib_dbl_underflow                0x08008e38   Section        0  dunder.o(i.__mathlib_dbl_underflow)
    i.fabs                                   0x08008e58   Section        0  fabs.o(i.fabs)
    locale$$code                             0x08008e70   Section       44  lc_numeric_c.o(locale$$code)
    x$fpl$basic                              0x08008e9c   Section       24  basic.o(x$fpl$basic)
    $v0                                      0x08008e9c   Number         0  basic.o(x$fpl$basic)
    x$fpl$d2f                                0x08008eb4   Section       98  d2f.o(x$fpl$d2f)
    $v0                                      0x08008eb4   Number         0  d2f.o(x$fpl$d2f)
    x$fpl$dadd                               0x08008f18   Section      336  daddsub_clz.o(x$fpl$dadd)
    $v0                                      0x08008f18   Number         0  daddsub_clz.o(x$fpl$dadd)
    _dadd1                                   0x08008f29   Thumb Code     0  daddsub_clz.o(x$fpl$dadd)
    x$fpl$ddiv                               0x08009068   Section      688  ddiv.o(x$fpl$ddiv)
    $v0                                      0x08009068   Number         0  ddiv.o(x$fpl$ddiv)
    ddiv_entry                               0x0800906f   Thumb Code     0  ddiv.o(x$fpl$ddiv)
    x$fpl$dfix                               0x08009318   Section       94  dfix.o(x$fpl$dfix)
    $v0                                      0x08009318   Number         0  dfix.o(x$fpl$dfix)
    x$fpl$dflt                               0x08009376   Section       46  dflt_clz.o(x$fpl$dflt)
    $v0                                      0x08009376   Number         0  dflt_clz.o(x$fpl$dflt)
    x$fpl$dfltu                              0x080093a4   Section       38  dflt_clz.o(x$fpl$dfltu)
    $v0                                      0x080093a4   Number         0  dflt_clz.o(x$fpl$dfltu)
    x$fpl$dmul                               0x080093cc   Section      340  dmul.o(x$fpl$dmul)
    $v0                                      0x080093cc   Number         0  dmul.o(x$fpl$dmul)
    x$fpl$dnaninf                            0x08009520   Section      156  dnaninf.o(x$fpl$dnaninf)
    $v0                                      0x08009520   Number         0  dnaninf.o(x$fpl$dnaninf)
    x$fpl$dretinf                            0x080095bc   Section       12  dretinf.o(x$fpl$dretinf)
    $v0                                      0x080095bc   Number         0  dretinf.o(x$fpl$dretinf)
    x$fpl$drsb                               0x080095c8   Section       22  daddsub_clz.o(x$fpl$drsb)
    $v0                                      0x080095c8   Number         0  daddsub_clz.o(x$fpl$drsb)
    x$fpl$dsqrt                              0x080095e0   Section      408  dsqrt_umaal.o(x$fpl$dsqrt)
    $v0                                      0x080095e0   Number         0  dsqrt_umaal.o(x$fpl$dsqrt)
    x$fpl$dsub                               0x08009778   Section      468  daddsub_clz.o(x$fpl$dsub)
    $v0                                      0x08009778   Number         0  daddsub_clz.o(x$fpl$dsub)
    _dsub1                                   0x08009789   Thumb Code     0  daddsub_clz.o(x$fpl$dsub)
    x$fpl$f2d                                0x0800994c   Section       86  f2d.o(x$fpl$f2d)
    $v0                                      0x0800994c   Number         0  f2d.o(x$fpl$f2d)
    x$fpl$fnaninf                            0x080099a2   Section      140  fnaninf.o(x$fpl$fnaninf)
    $v0                                      0x080099a2   Number         0  fnaninf.o(x$fpl$fnaninf)
    x$fpl$fpinit                             0x08009a2e   Section       10  fpinit.o(x$fpl$fpinit)
    $v0                                      0x08009a2e   Number         0  fpinit.o(x$fpl$fpinit)
    x$fpl$fretinf                            0x08009a38   Section       10  fretinf.o(x$fpl$fretinf)
    $v0                                      0x08009a38   Number         0  fretinf.o(x$fpl$fretinf)
    x$fpl$printf1                            0x08009a42   Section        4  printf1.o(x$fpl$printf1)
    $v0                                      0x08009a42   Number         0  printf1.o(x$fpl$printf1)
    x$fpl$usenofp                            0x08009a46   Section        0  usenofp.o(x$fpl$usenofp)
    .constdata                               0x08009a48   Section       28  stm32f4xx_fsmc.o(.constdata)
    .constdata                               0x08009a64   Section     6080  hnit_lcd.o(.constdata)
    .constdata                               0x0800b224   Section     1268  hnit_jpeg.o(.constdata)
    .constdata                               0x0800b718   Section       48  cos_i.o(.constdata)
    C                                        0x0800b718   Data          48  cos_i.o(.constdata)
    .constdata                               0x0800b748   Section      200  rred.o(.constdata)
    pio2s                                    0x0800b748   Data          48  rred.o(.constdata)
    twooverpi                                0x0800b778   Data         152  rred.o(.constdata)
    .constdata                               0x0800b810   Section       40  sin_i.o(.constdata)
    S                                        0x0800b810   Data          40  sin_i.o(.constdata)
    .constdata                               0x0800b838   Section      148  bigflt0.o(.constdata)
    tenpwrs_x                                0x0800b838   Data          60  bigflt0.o(.constdata)
    tenpwrs_i                                0x0800b874   Data          64  bigflt0.o(.constdata)
    locale$$data                             0x0800b8ec   Section       28  lc_numeric_c.o(locale$$data)
    __lcnum_c_name                           0x0800b8f0   Data           2  lc_numeric_c.o(locale$$data)
    __lcnum_c_start                          0x0800b8f8   Data           0  lc_numeric_c.o(locale$$data)
    __lcnum_c_point                          0x0800b904   Data           0  lc_numeric_c.o(locale$$data)
    __lcnum_c_thousands                      0x0800b906   Data           0  lc_numeric_c.o(locale$$data)
    __lcnum_c_grouping                       0x0800b907   Data           0  lc_numeric_c.o(locale$$data)
    __lcnum_c_end                            0x0800b908   Data           0  lc_numeric_c.o(locale$$data)
    .data                                    0x20000000   Section       16  stm32f4xx_rcc.o(.data)
    APBAHBPrescTable                         0x20000000   Data          16  stm32f4xx_rcc.o(.data)
    .data                                    0x20000010   Section       20  system_stm32f4xx.o(.data)
    .data                                    0x20000024   Section        4  stm32_delay.o(.data)
    fac_us                                   0x20000024   Data           1  stm32_delay.o(.data)
    fac_ms                                   0x20000026   Data           2  stm32_delay.o(.data)
    .data                                    0x20000028   Section        6  stm32_usart.o(.data)
    .data                                    0x2000002e   Section        4  hnit_lcd.o(.data)
    .data                                    0x20000032   Section      132  hnit_jpeg.o(.data)
    .bss                                     0x200000b8   Section      200  stm32_usart.o(.bss)
    .bss                                     0x20000180   Section       14  hnit_lcd.o(.bss)
    .bss                                     0x20000190   Section     1372  hnit_jpeg.o(.bss)
    .bss                                     0x200006ec   Section       96  libspace.o(.bss)
    HEAP                                     0x20000750   Section      512  startup_stm32f40_41xxx.o(HEAP)
    Heap_Mem                                 0x20000750   Data         512  startup_stm32f40_41xxx.o(HEAP)
    STACK                                    0x20000950   Section     1024  startup_stm32f40_41xxx.o(STACK)
    Stack_Mem                                0x20000950   Data        1024  startup_stm32f40_41xxx.o(STACK)
    __initial_sp                             0x20000d50   Data           0  startup_stm32f40_41xxx.o(STACK)

    Global Symbols

    Symbol Name                              Value     Ov Type        Size  Object(Section)

    BuildAttributes$$THM_ISAv4$E$P$D$K$B$S$7EM$VFPi3$EXTD16$VFPS$VFMA$PE$A:L22UL41UL21$X:L11$S22US41US21$IEEE1$IW$USESV6$~STKCKD$USESV7$~SHL$OTIME$ROPI$IEEEX$EBA8$UX$STANDARDLIB$REQ8$PRES8$EABIv2 0x00000000   Number         0  anon$$obj.o ABSOLUTE
    __ARM_use_no_argv                        0x00000000   Number         0  main.o ABSOLUTE
    __ARM_exceptions_init                     - Undefined Weak Reference
    __alloca_initialize                       - Undefined Weak Reference
    __cpp_initialize__aeabi_                  - Undefined Weak Reference
    __cxa_finalize                            - Undefined Weak Reference
    __sigvec_lookup                           - Undefined Weak Reference
    _atexit_init                              - Undefined Weak Reference
    _call_atexit_fns                          - Undefined Weak Reference
    _clock_init                               - Undefined Weak Reference
    _fp_trap_init                             - Undefined Weak Reference
    _fp_trap_shutdown                         - Undefined Weak Reference
    _get_lc_collate                           - Undefined Weak Reference
    _get_lc_ctype                             - Undefined Weak Reference
    _get_lc_monetary                          - Undefined Weak Reference
    _get_lc_time                              - Undefined Weak Reference
    _getenv_init                              - Undefined Weak Reference
    _handle_redirection                       - Undefined Weak Reference
    _init_alloc                               - Undefined Weak Reference
    _init_user_alloc                          - Undefined Weak Reference
    _initio                                   - Undefined Weak Reference
    _mutex_acquire                            - Undefined Weak Reference
    _mutex_release                            - Undefined Weak Reference
    _printf_post_padding                      - Undefined Weak Reference
    _printf_pre_padding                       - Undefined Weak Reference
    _printf_truncate_signed                   - Undefined Weak Reference
    _printf_truncate_unsigned                 - Undefined Weak Reference
    _rand_init                                - Undefined Weak Reference
    _signal_finish                            - Undefined Weak Reference
    _signal_init                              - Undefined Weak Reference
    _terminate_alloc                          - Undefined Weak Reference
    _terminate_user_alloc                     - Undefined Weak Reference
    _terminateio                              - Undefined Weak Reference
    __Vectors_Size                           0x00000188   Number         0  startup_stm32f40_41xxx.o ABSOLUTE
    __Vectors                                0x08000000   Data           4  startup_stm32f40_41xxx.o(RESET)
    __Vectors_End                            0x08000188   Data           0  startup_stm32f40_41xxx.o(RESET)
    __main                                   0x08000189   Thumb Code     8  __main.o(!!!main)
    __scatterload                            0x08000191   Thumb Code     0  __scatter.o(!!!scatter)
    __scatterload_rt2                        0x08000191   Thumb Code    44  __scatter.o(!!!scatter)
    __scatterload_rt2_thumb_only             0x08000191   Thumb Code     0  __scatter.o(!!!scatter)
    __scatterload_null                       0x0800019f   Thumb Code     0  __scatter.o(!!!scatter)
    __scatterload_copy                       0x080001c5   Thumb Code    26  __scatter_copy.o(!!handler_copy)
    __scatterload_zeroinit                   0x080001e1   Thumb Code    28  __scatter_zi.o(!!handler_zi)
    _printf_f                                0x080001fd   Thumb Code     0  _printf_f.o(.ARM.Collect$$_printf_percent$$00000003)
    _printf_percent                          0x080001fd   Thumb Code     0  _printf_percent.o(.ARM.Collect$$_printf_percent$$00000000)
    _printf_d                                0x08000203   Thumb Code     0  _printf_d.o(.ARM.Collect$$_printf_percent$$00000009)
    _printf_percent_end                      0x08000209   Thumb Code     0  _printf_percent_end.o(.ARM.Collect$$_printf_percent$$00000017)
    __rt_lib_init                            0x0800020d   Thumb Code     0  libinit.o(.ARM.Collect$$libinit$$00000000)
    __rt_lib_init_fp_1                       0x0800020f   Thumb Code     0  libinit2.o(.ARM.Collect$$libinit$$00000001)
    __rt_lib_init_heap_1                     0x08000213   Thumb Code     0  libinit2.o(.ARM.Collect$$libinit$$00000008)
    __rt_lib_init_lc_common                  0x08000213   Thumb Code     0  libinit2.o(.ARM.Collect$$libinit$$0000000D)
    __rt_lib_init_rand_1                     0x08000213   Thumb Code     0  libinit2.o(.ARM.Collect$$libinit$$0000000C)
    __rt_lib_init_user_alloc_1               0x08000213   Thumb Code     0  libinit2.o(.ARM.Collect$$libinit$$0000000A)
    __rt_lib_init_lc_collate_1               0x08000219   Thumb Code     0  libinit2.o(.ARM.Collect$$libinit$$0000000F)
    __rt_lib_init_lc_ctype_1                 0x08000219   Thumb Code     0  libinit2.o(.ARM.Collect$$libinit$$00000011)
    __rt_lib_init_lc_monetary_1              0x08000219   Thumb Code     0  libinit2.o(.ARM.Collect$$libinit$$00000013)
    __rt_lib_init_lc_numeric_2               0x08000219   Thumb Code     0  libinit2.o(.ARM.Collect$$libinit$$00000014)
    __rt_lib_init_alloca_1                   0x08000223   Thumb Code     0  libinit2.o(.ARM.Collect$$libinit$$0000002C)
    __rt_lib_init_argv_1                     0x08000223   Thumb Code     0  libinit2.o(.ARM.Collect$$libinit$$0000002A)
    __rt_lib_init_atexit_1                   0x08000223   Thumb Code     0  libinit2.o(.ARM.Collect$$libinit$$00000019)
    __rt_lib_init_clock_1                    0x08000223   Thumb Code     0  libinit2.o(.ARM.Collect$$libinit$$0000001F)
    __rt_lib_init_cpp_1                      0x08000223   Thumb Code     0  libinit2.o(.ARM.Collect$$libinit$$00000030)
    __rt_lib_init_exceptions_1               0x08000223   Thumb Code     0  libinit2.o(.ARM.Collect$$libinit$$0000002E)
    __rt_lib_init_fp_trap_1                  0x08000223   Thumb Code     0  libinit2.o(.ARM.Collect$$libinit$$0000001D)
    __rt_lib_init_getenv_1                   0x08000223   Thumb Code     0  libinit2.o(.ARM.Collect$$libinit$$00000021)
    __rt_lib_init_lc_numeric_1               0x08000223   Thumb Code     0  libinit2.o(.ARM.Collect$$libinit$$00000015)
    __rt_lib_init_lc_time_1                  0x08000223   Thumb Code     0  libinit2.o(.ARM.Collect$$libinit$$00000017)
    __rt_lib_init_return                     0x08000223   Thumb Code     0  libinit2.o(.ARM.Collect$$libinit$$00000031)
    __rt_lib_init_signal_1                   0x08000223   Thumb Code     0  libinit2.o(.ARM.Collect$$libinit$$0000001B)
    __rt_lib_init_stdio_1                    0x08000223   Thumb Code     0  libinit2.o(.ARM.Collect$$libinit$$00000023)
    __rt_lib_shutdown                        0x08000225   Thumb Code     0  libshutdown.o(.ARM.Collect$$libshutdown$$00000000)
    __rt_lib_shutdown_fp_trap_1              0x08000227   Thumb Code     0  libshutdown2.o(.ARM.Collect$$libshutdown$$00000006)
    __rt_lib_shutdown_heap_1                 0x08000227   Thumb Code     0  libshutdown2.o(.ARM.Collect$$libshutdown$$0000000E)
    __rt_lib_shutdown_return                 0x08000227   Thumb Code     0  libshutdown2.o(.ARM.Collect$$libshutdown$$0000000F)
    __rt_lib_shutdown_signal_1               0x08000227   Thumb Code     0  libshutdown2.o(.ARM.Collect$$libshutdown$$00000009)
    __rt_lib_shutdown_stdio_1                0x08000227   Thumb Code     0  libshutdown2.o(.ARM.Collect$$libshutdown$$00000003)
    __rt_lib_shutdown_user_alloc_1           0x08000227   Thumb Code     0  libshutdown2.o(.ARM.Collect$$libshutdown$$0000000B)
    __rt_entry                               0x08000229   Thumb Code     0  rtentry.o(.ARM.Collect$$rtentry$$00000000)
    __rt_entry_presh_1                       0x08000229   Thumb Code     0  rtentry2.o(.ARM.Collect$$rtentry$$00000002)
    __rt_entry_sh                            0x08000229   Thumb Code     0  rtentry4.o(.ARM.Collect$$rtentry$$00000004)
    __rt_entry_li                            0x0800022f   Thumb Code     0  rtentry2.o(.ARM.Collect$$rtentry$$0000000A)
    __rt_entry_postsh_1                      0x0800022f   Thumb Code     0  rtentry2.o(.ARM.Collect$$rtentry$$00000009)
    __rt_entry_main                          0x08000233   Thumb Code     0  rtentry2.o(.ARM.Collect$$rtentry$$0000000D)
    __rt_entry_postli_1                      0x08000233   Thumb Code     0  rtentry2.o(.ARM.Collect$$rtentry$$0000000C)
    __rt_exit                                0x0800023b   Thumb Code     0  rtexit.o(.ARM.Collect$$rtexit$$00000000)
    __rt_exit_ls                             0x0800023d   Thumb Code     0  rtexit2.o(.ARM.Collect$$rtexit$$00000003)
    __rt_exit_prels_1                        0x0800023d   Thumb Code     0  rtexit2.o(.ARM.Collect$$rtexit$$00000002)
    __rt_exit_exit                           0x08000241   Thumb Code     0  rtexit2.o(.ARM.Collect$$rtexit$$00000004)
    Reset_Handler                            0x08000249   Thumb Code     8  startup_stm32f40_41xxx.o(.text)
    ADC_IRQHandler                           0x08000263   Thumb Code     0  startup_stm32f40_41xxx.o(.text)
    CAN1_RX0_IRQHandler                      0x08000263   Thumb Code     0  startup_stm32f40_41xxx.o(.text)
    CAN1_RX1_IRQHandler                      0x08000263   Thumb Code     0  startup_stm32f40_41xxx.o(.text)
    CAN1_SCE_IRQHandler                      0x08000263   Thumb Code     0  startup_stm32f40_41xxx.o(.text)
    CAN1_TX_IRQHandler                       0x08000263   Thumb Code     0  startup_stm32f40_41xxx.o(.text)
    CAN2_RX0_IRQHandler                      0x08000263   Thumb Code     0  startup_stm32f40_41xxx.o(.text)
    CAN2_RX1_IRQHandler                      0x08000263   Thumb Code     0  startup_stm32f40_41xxx.o(.text)
    CAN2_SCE_IRQHandler                      0x08000263   Thumb Code     0  startup_stm32f40_41xxx.o(.text)
    CAN2_TX_IRQHandler                       0x08000263   Thumb Code     0  startup_stm32f40_41xxx.o(.text)
    CRYP_IRQHandler                          0x08000263   Thumb Code     0  startup_stm32f40_41xxx.o(.text)
    DCMI_IRQHandler                          0x08000263   Thumb Code     0  startup_stm32f40_41xxx.o(.text)
    DMA1_Stream0_IRQHandler                  0x08000263   Thumb Code     0  startup_stm32f40_41xxx.o(.text)
    DMA1_Stream1_IRQHandler                  0x08000263   Thumb Code     0  startup_stm32f40_41xxx.o(.text)
    DMA1_Stream2_IRQHandler                  0x08000263   Thumb Code     0  startup_stm32f40_41xxx.o(.text)
    DMA1_Stream3_IRQHandler                  0x08000263   Thumb Code     0  startup_stm32f40_41xxx.o(.text)
    DMA1_Stream4_IRQHandler                  0x08000263   Thumb Code     0  startup_stm32f40_41xxx.o(.text)
    DMA1_Stream5_IRQHandler                  0x08000263   Thumb Code     0  startup_stm32f40_41xxx.o(.text)
    DMA1_Stream6_IRQHandler                  0x08000263   Thumb Code     0  startup_stm32f40_41xxx.o(.text)
    DMA1_Stream7_IRQHandler                  0x08000263   Thumb Code     0  startup_stm32f40_41xxx.o(.text)
    DMA2_Stream0_IRQHandler                  0x08000263   Thumb Code     0  startup_stm32f40_41xxx.o(.text)
    DMA2_Stream1_IRQHandler                  0x08000263   Thumb Code     0  startup_stm32f40_41xxx.o(.text)
    DMA2_Stream2_IRQHandler                  0x08000263   Thumb Code     0  startup_stm32f40_41xxx.o(.text)
    DMA2_Stream3_IRQHandler                  0x08000263   Thumb Code     0  startup_stm32f40_41xxx.o(.text)
    DMA2_Stream4_IRQHandler                  0x08000263   Thumb Code     0  startup_stm32f40_41xxx.o(.text)
    DMA2_Stream5_IRQHandler                  0x08000263   Thumb Code     0  startup_stm32f40_41xxx.o(.text)
    DMA2_Stream6_IRQHandler                  0x08000263   Thumb Code     0  startup_stm32f40_41xxx.o(.text)
    DMA2_Stream7_IRQHandler                  0x08000263   Thumb Code     0  startup_stm32f40_41xxx.o(.text)
    ETH_IRQHandler                           0x08000263   Thumb Code     0  startup_stm32f40_41xxx.o(.text)
    ETH_WKUP_IRQHandler                      0x08000263   Thumb Code     0  startup_stm32f40_41xxx.o(.text)
    EXTI0_IRQHandler                         0x08000263   Thumb Code     0  startup_stm32f40_41xxx.o(.text)
    EXTI15_10_IRQHandler                     0x08000263   Thumb Code     0  startup_stm32f40_41xxx.o(.text)
    EXTI1_IRQHandler                         0x08000263   Thumb Code     0  startup_stm32f40_41xxx.o(.text)
    EXTI2_IRQHandler                         0x08000263   Thumb Code     0  startup_stm32f40_41xxx.o(.text)
    EXTI3_IRQHandler                         0x08000263   Thumb Code     0  startup_stm32f40_41xxx.o(.text)
    EXTI4_IRQHandler                         0x08000263   Thumb Code     0  startup_stm32f40_41xxx.o(.text)
    EXTI9_5_IRQHandler                       0x08000263   Thumb Code     0  startup_stm32f40_41xxx.o(.text)
    FLASH_IRQHandler                         0x08000263   Thumb Code     0  startup_stm32f40_41xxx.o(.text)
    FPU_IRQHandler                           0x08000263   Thumb Code     0  startup_stm32f40_41xxx.o(.text)
    FSMC_IRQHandler                          0x08000263   Thumb Code     0  startup_stm32f40_41xxx.o(.text)
    HASH_RNG_IRQHandler                      0x08000263   Thumb Code     0  startup_stm32f40_41xxx.o(.text)
    I2C1_ER_IRQHandler                       0x08000263   Thumb Code     0  startup_stm32f40_41xxx.o(.text)
    I2C1_EV_IRQHandler                       0x08000263   Thumb Code     0  startup_stm32f40_41xxx.o(.text)
    I2C2_ER_IRQHandler                       0x08000263   Thumb Code     0  startup_stm32f40_41xxx.o(.text)
    I2C2_EV_IRQHandler                       0x08000263   Thumb Code     0  startup_stm32f40_41xxx.o(.text)
    I2C3_ER_IRQHandler                       0x08000263   Thumb Code     0  startup_stm32f40_41xxx.o(.text)
    I2C3_EV_IRQHandler                       0x08000263   Thumb Code     0  startup_stm32f40_41xxx.o(.text)
    OTG_FS_IRQHandler                        0x08000263   Thumb Code     0  startup_stm32f40_41xxx.o(.text)
    OTG_FS_WKUP_IRQHandler                   0x08000263   Thumb Code     0  startup_stm32f40_41xxx.o(.text)
    OTG_HS_EP1_IN_IRQHandler                 0x08000263   Thumb Code     0  startup_stm32f40_41xxx.o(.text)
    OTG_HS_EP1_OUT_IRQHandler                0x08000263   Thumb Code     0  startup_stm32f40_41xxx.o(.text)
    OTG_HS_IRQHandler                        0x08000263   Thumb Code     0  startup_stm32f40_41xxx.o(.text)
    OTG_HS_WKUP_IRQHandler                   0x08000263   Thumb Code     0  startup_stm32f40_41xxx.o(.text)
    PVD_IRQHandler                           0x08000263   Thumb Code     0  startup_stm32f40_41xxx.o(.text)
    RCC_IRQHandler                           0x08000263   Thumb Code     0  startup_stm32f40_41xxx.o(.text)
    RTC_Alarm_IRQHandler                     0x08000263   Thumb Code     0  startup_stm32f40_41xxx.o(.text)
    RTC_WKUP_IRQHandler                      0x08000263   Thumb Code     0  startup_stm32f40_41xxx.o(.text)
    SDIO_IRQHandler                          0x08000263   Thumb Code     0  startup_stm32f40_41xxx.o(.text)
    SPI1_IRQHandler                          0x08000263   Thumb Code     0  startup_stm32f40_41xxx.o(.text)
    SPI2_IRQHandler                          0x08000263   Thumb Code     0  startup_stm32f40_41xxx.o(.text)
    SPI3_IRQHandler                          0x08000263   Thumb Code     0  startup_stm32f40_41xxx.o(.text)
    TAMP_STAMP_IRQHandler                    0x08000263   Thumb Code     0  startup_stm32f40_41xxx.o(.text)
    TIM1_BRK_TIM9_IRQHandler                 0x08000263   Thumb Code     0  startup_stm32f40_41xxx.o(.text)
    TIM1_CC_IRQHandler                       0x08000263   Thumb Code     0  startup_stm32f40_41xxx.o(.text)
    TIM1_TRG_COM_TIM11_IRQHandler            0x08000263   Thumb Code     0  startup_stm32f40_41xxx.o(.text)
    TIM1_UP_TIM10_IRQHandler                 0x08000263   Thumb Code     0  startup_stm32f40_41xxx.o(.text)
    TIM2_IRQHandler                          0x08000263   Thumb Code     0  startup_stm32f40_41xxx.o(.text)
    TIM3_IRQHandler                          0x08000263   Thumb Code     0  startup_stm32f40_41xxx.o(.text)
    TIM4_IRQHandler                          0x08000263   Thumb Code     0  startup_stm32f40_41xxx.o(.text)
    TIM5_IRQHandler                          0x08000263   Thumb Code     0  startup_stm32f40_41xxx.o(.text)
    TIM6_DAC_IRQHandler                      0x08000263   Thumb Code     0  startup_stm32f40_41xxx.o(.text)
    TIM7_IRQHandler                          0x08000263   Thumb Code     0  startup_stm32f40_41xxx.o(.text)
    TIM8_BRK_TIM12_IRQHandler                0x08000263   Thumb Code     0  startup_stm32f40_41xxx.o(.text)
    TIM8_CC_IRQHandler                       0x08000263   Thumb Code     0  startup_stm32f40_41xxx.o(.text)
    TIM8_TRG_COM_TIM14_IRQHandler            0x08000263   Thumb Code     0  startup_stm32f40_41xxx.o(.text)
    TIM8_UP_TIM13_IRQHandler                 0x08000263   Thumb Code     0  startup_stm32f40_41xxx.o(.text)
    UART4_IRQHandler                         0x08000263   Thumb Code     0  startup_stm32f40_41xxx.o(.text)
    UART5_IRQHandler                         0x08000263   Thumb Code     0  startup_stm32f40_41xxx.o(.text)
    USART2_IRQHandler                        0x08000263   Thumb Code     0  startup_stm32f40_41xxx.o(.text)
    USART3_IRQHandler                        0x08000263   Thumb Code     0  startup_stm32f40_41xxx.o(.text)
    USART6_IRQHandler                        0x08000263   Thumb Code     0  startup_stm32f40_41xxx.o(.text)
    WWDG_IRQHandler                          0x08000263   Thumb Code     0  startup_stm32f40_41xxx.o(.text)
    __user_initial_stackheap                 0x08000265   Thumb Code     0  startup_stm32f40_41xxx.o(.text)
    NVIC_PriorityGroupConfig                 0x08000289   Thumb Code    10  misc.o(.text)
    NVIC_Init                                0x08000293   Thumb Code   106  misc.o(.text)
    NVIC_SetVectorTable                      0x080002fd   Thumb Code    14  misc.o(.text)
    NVIC_SystemLPConfig                      0x0800030b   Thumb Code    34  misc.o(.text)
    SysTick_CLKSourceConfig                  0x0800032d   Thumb Code    40  misc.o(.text)
    FSMC_NORSRAMDeInit                       0x08000369   Thumb Code    54  stm32f4xx_fsmc.o(.text)
    FSMC_NORSRAMInit                         0x0800039f   Thumb Code   230  stm32f4xx_fsmc.o(.text)
    FSMC_NORSRAMStructInit                   0x08000485   Thumb Code    48  stm32f4xx_fsmc.o(.text)
    FSMC_NORSRAMCmd                          0x080004b5   Thumb Code    46  stm32f4xx_fsmc.o(.text)
    FSMC_NANDDeInit                          0x080004e3   Thumb Code    62  stm32f4xx_fsmc.o(.text)
    FSMC_NANDInit                            0x08000521   Thumb Code   132  stm32f4xx_fsmc.o(.text)
    FSMC_NANDStructInit                      0x080005a5   Thumb Code    54  stm32f4xx_fsmc.o(.text)
    FSMC_NANDCmd                             0x080005db   Thumb Code    86  stm32f4xx_fsmc.o(.text)
    FSMC_NANDECCCmd                          0x08000631   Thumb Code    86  stm32f4xx_fsmc.o(.text)
    FSMC_GetECC                              0x08000687   Thumb Code    24  stm32f4xx_fsmc.o(.text)
    FSMC_PCCARDDeInit                        0x0800069f   Thumb Code    36  stm32f4xx_fsmc.o(.text)
    FSMC_PCCARDInit                          0x080006c3   Thumb Code   130  stm32f4xx_fsmc.o(.text)
    FSMC_PCCARDStructInit                    0x08000745   Thumb Code    60  stm32f4xx_fsmc.o(.text)
    FSMC_PCCARDCmd                           0x08000781   Thumb Code    44  stm32f4xx_fsmc.o(.text)
    FSMC_ITConfig                            0x080007ad   Thumb Code   128  stm32f4xx_fsmc.o(.text)
    FSMC_GetFlagStatus                       0x0800082d   Thumb Code    54  stm32f4xx_fsmc.o(.text)
    FSMC_ClearFlag                           0x08000863   Thumb Code    74  stm32f4xx_fsmc.o(.text)
    FSMC_GetITStatus                         0x080008ad   Thumb Code    62  stm32f4xx_fsmc.o(.text)
    FSMC_ClearITPendingBit                   0x080008eb   Thumb Code    66  stm32f4xx_fsmc.o(.text)
    GPIO_DeInit                              0x08000931   Thumb Code   268  stm32f4xx_gpio.o(.text)
    GPIO_Init                                0x08000a3d   Thumb Code   144  stm32f4xx_gpio.o(.text)
    GPIO_StructInit                          0x08000acd   Thumb Code    18  stm32f4xx_gpio.o(.text)
    GPIO_PinLockConfig                       0x08000adf   Thumb Code    34  stm32f4xx_gpio.o(.text)
    GPIO_ReadInputDataBit                    0x08000b01   Thumb Code    18  stm32f4xx_gpio.o(.text)
    GPIO_ReadInputData                       0x08000b13   Thumb Code     8  stm32f4xx_gpio.o(.text)
    GPIO_ReadOutputDataBit                   0x08000b1b   Thumb Code    18  stm32f4xx_gpio.o(.text)
    GPIO_ReadOutputData                      0x08000b2d   Thumb Code     8  stm32f4xx_gpio.o(.text)
    GPIO_SetBits                             0x08000b35   Thumb Code     4  stm32f4xx_gpio.o(.text)
    GPIO_ResetBits                           0x08000b39   Thumb Code     4  stm32f4xx_gpio.o(.text)
    GPIO_WriteBit                            0x08000b3d   Thumb Code    10  stm32f4xx_gpio.o(.text)
    GPIO_Write                               0x08000b47   Thumb Code     4  stm32f4xx_gpio.o(.text)
    GPIO_ToggleBits                          0x08000b4b   Thumb Code     8  stm32f4xx_gpio.o(.text)
    GPIO_PinAFConfig                         0x08000b53   Thumb Code    70  stm32f4xx_gpio.o(.text)
    RCC_DeInit                               0x08000bc5   Thumb Code    82  stm32f4xx_rcc.o(.text)
    RCC_HSEConfig                            0x08000c17   Thumb Code    14  stm32f4xx_rcc.o(.text)
    RCC_GetFlagStatus                        0x08000c25   Thumb Code    60  stm32f4xx_rcc.o(.text)
    RCC_WaitForHSEStartUp                    0x08000c61   Thumb Code    56  stm32f4xx_rcc.o(.text)
    RCC_AdjustHSICalibrationValue            0x08000c99   Thumb Code    20  stm32f4xx_rcc.o(.text)
    RCC_HSICmd                               0x08000cad   Thumb Code     6  stm32f4xx_rcc.o(.text)
    RCC_LSEConfig                            0x08000cb3   Thumb Code    46  stm32f4xx_rcc.o(.text)
    RCC_LSICmd                               0x08000ce1   Thumb Code     6  stm32f4xx_rcc.o(.text)
    RCC_PLLConfig                            0x08000ce7   Thumb Code    32  stm32f4xx_rcc.o(.text)
    RCC_PLLCmd                               0x08000d07   Thumb Code     6  stm32f4xx_rcc.o(.text)
    RCC_PLLI2SConfig                         0x08000d0d   Thumb Code    14  stm32f4xx_rcc.o(.text)
    RCC_PLLI2SCmd                            0x08000d1b   Thumb Code     6  stm32f4xx_rcc.o(.text)
    RCC_PLLSAIConfig                         0x08000d21   Thumb Code    20  stm32f4xx_rcc.o(.text)
    RCC_PLLSAICmd                            0x08000d35   Thumb Code     6  stm32f4xx_rcc.o(.text)
    RCC_ClockSecuritySystemCmd               0x08000d3b   Thumb Code     6  stm32f4xx_rcc.o(.text)
    RCC_MCO1Config                           0x08000d41   Thumb Code    28  stm32f4xx_rcc.o(.text)
    RCC_MCO2Config                           0x08000d5d   Thumb Code    28  stm32f4xx_rcc.o(.text)
    RCC_SYSCLKConfig                         0x08000d79   Thumb Code    20  stm32f4xx_rcc.o(.text)
    RCC_GetSYSCLKSource                      0x08000d8d   Thumb Code    12  stm32f4xx_rcc.o(.text)
    RCC_HCLKConfig                           0x08000d99   Thumb Code    20  stm32f4xx_rcc.o(.text)
    RCC_PCLK1Config                          0x08000dad   Thumb Code    20  stm32f4xx_rcc.o(.text)
    RCC_PCLK2Config                          0x08000dc1   Thumb Code    22  stm32f4xx_rcc.o(.text)
    RCC_GetClocksFreq                        0x08000dd7   Thumb Code   222  stm32f4xx_rcc.o(.text)
    RCC_RTCCLKConfig                         0x08000eb5   Thumb Code    54  stm32f4xx_rcc.o(.text)
    RCC_RTCCLKCmd                            0x08000eeb   Thumb Code     8  stm32f4xx_rcc.o(.text)
    RCC_BackupResetCmd                       0x08000ef3   Thumb Code     8  stm32f4xx_rcc.o(.text)
    RCC_I2SCLKConfig                         0x08000efb   Thumb Code     6  stm32f4xx_rcc.o(.text)
    RCC_SAIPLLI2SClkDivConfig                0x08000f01   Thumb Code    26  stm32f4xx_rcc.o(.text)
    RCC_SAIPLLSAIClkDivConfig                0x08000f1b   Thumb Code    28  stm32f4xx_rcc.o(.text)
    RCC_SAIBlockACLKConfig                   0x08000f37   Thumb Code    20  stm32f4xx_rcc.o(.text)
    RCC_SAIBlockBCLKConfig                   0x08000f4b   Thumb Code    20  stm32f4xx_rcc.o(.text)
    RCC_LTDCCLKDivConfig                     0x08000f5f   Thumb Code    20  stm32f4xx_rcc.o(.text)
    RCC_TIMCLKPresConfig                     0x08000f73   Thumb Code     6  stm32f4xx_rcc.o(.text)
    RCC_AHB1PeriphClockCmd                   0x08000f79   Thumb Code    34  stm32f4xx_rcc.o(.text)
    RCC_AHB2PeriphClockCmd                   0x08000f9b   Thumb Code    78  stm32f4xx_rcc.o(.text)
    RCC_AHB3PeriphClockCmd                   0x08000fe9   Thumb Code    34  stm32f4xx_rcc.o(.text)
    RCC_APB1PeriphClockCmd                   0x0800100b   Thumb Code    34  stm32f4xx_rcc.o(.text)
    RCC_APB2PeriphClockCmd                   0x0800102d   Thumb Code    34  stm32f4xx_rcc.o(.text)
    RCC_AHB1PeriphResetCmd                   0x0800104f   Thumb Code    34  stm32f4xx_rcc.o(.text)
    RCC_AHB2PeriphResetCmd                   0x08001071   Thumb Code    34  stm32f4xx_rcc.o(.text)
    RCC_AHB3PeriphResetCmd                   0x08001093   Thumb Code    34  stm32f4xx_rcc.o(.text)
    RCC_APB1PeriphResetCmd                   0x080010b5   Thumb Code    34  stm32f4xx_rcc.o(.text)
    RCC_APB2PeriphResetCmd                   0x080010d7   Thumb Code    34  stm32f4xx_rcc.o(.text)
    RCC_AHB1PeriphClockLPModeCmd             0x080010f9   Thumb Code    34  stm32f4xx_rcc.o(.text)
    RCC_AHB2PeriphClockLPModeCmd             0x0800111b   Thumb Code    34  stm32f4xx_rcc.o(.text)
    RCC_AHB3PeriphClockLPModeCmd             0x0800113d   Thumb Code    34  stm32f4xx_rcc.o(.text)
    RCC_APB1PeriphClockLPModeCmd             0x0800115f   Thumb Code    34  stm32f4xx_rcc.o(.text)
    RCC_APB2PeriphClockLPModeCmd             0x08001181   Thumb Code    34  stm32f4xx_rcc.o(.text)
    RCC_LSEModeConfig                        0x080011a3   Thumb Code    40  stm32f4xx_rcc.o(.text)
    RCC_ITConfig                             0x080011cb   Thumb Code    34  stm32f4xx_rcc.o(.text)
    RCC_ClearFlag                            0x080011ed   Thumb Code    18  stm32f4xx_rcc.o(.text)
    RCC_GetITStatus                          0x080011ff   Thumb Code    22  stm32f4xx_rcc.o(.text)
    RCC_ClearITPendingBit                    0x08001215   Thumb Code     8  stm32f4xx_rcc.o(.text)
    USART_DeInit                             0x08001221   Thumb Code   206  stm32f4xx_usart.o(.text)
    USART_Init                               0x080012ef   Thumb Code   204  stm32f4xx_usart.o(.text)
    USART_StructInit                         0x080013bb   Thumb Code    24  stm32f4xx_usart.o(.text)
    USART_ClockInit                          0x080013d3   Thumb Code    32  stm32f4xx_usart.o(.text)
    USART_ClockStructInit                    0x080013f3   Thumb Code    12  stm32f4xx_usart.o(.text)
    USART_Cmd                                0x080013ff   Thumb Code    24  stm32f4xx_usart.o(.text)
    USART_SetPrescaler                       0x08001417   Thumb Code    16  stm32f4xx_usart.o(.text)
    USART_OverSampling8Cmd                   0x08001427   Thumb Code    22  stm32f4xx_usart.o(.text)
    USART_OneBitMethodCmd                    0x0800143d   Thumb Code    24  stm32f4xx_usart.o(.text)
    USART_SendData                           0x08001455   Thumb Code     8  stm32f4xx_usart.o(.text)
    USART_ReceiveData                        0x0800145d   Thumb Code    10  stm32f4xx_usart.o(.text)
    USART_SetAddress                         0x08001467   Thumb Code    18  stm32f4xx_usart.o(.text)
    USART_ReceiverWakeUpCmd                  0x08001479   Thumb Code    24  stm32f4xx_usart.o(.text)
    USART_WakeUpConfig                       0x08001491   Thumb Code    18  stm32f4xx_usart.o(.text)
    USART_LINBreakDetectLengthConfig         0x080014a3   Thumb Code    18  stm32f4xx_usart.o(.text)
    USART_LINCmd                             0x080014b5   Thumb Code    24  stm32f4xx_usart.o(.text)
    USART_SendBreak                          0x080014cd   Thumb Code    10  stm32f4xx_usart.o(.text)
    USART_HalfDuplexCmd                      0x080014d7   Thumb Code    24  stm32f4xx_usart.o(.text)
    USART_SetGuardTime                       0x080014ef   Thumb Code    16  stm32f4xx_usart.o(.text)
    USART_SmartCardCmd                       0x080014ff   Thumb Code    24  stm32f4xx_usart.o(.text)
    USART_SmartCardNACKCmd                   0x08001517   Thumb Code    24  stm32f4xx_usart.o(.text)
    USART_IrDAConfig                         0x0800152f   Thumb Code    18  stm32f4xx_usart.o(.text)
    USART_IrDACmd                            0x08001541   Thumb Code    24  stm32f4xx_usart.o(.text)
    USART_DMACmd                             0x08001559   Thumb Code    18  stm32f4xx_usart.o(.text)
    USART_ITConfig                           0x0800156b   Thumb Code    74  stm32f4xx_usart.o(.text)
    USART_GetFlagStatus                      0x080015b5   Thumb Code    26  stm32f4xx_usart.o(.text)
    USART_ClearFlag                          0x080015cf   Thumb Code    18  stm32f4xx_usart.o(.text)
    USART_GetITStatus                        0x080015e1   Thumb Code   118  stm32f4xx_usart.o(.text)
    USART_ClearITPendingBit                  0x08001657   Thumb Code    30  stm32f4xx_usart.o(.text)
    NMI_Handler                              0x08001675   Thumb Code     2  stm32f4xx_it.o(.text)
    HardFault_Handler                        0x08001677   Thumb Code     4  stm32f4xx_it.o(.text)
    MemManage_Handler                        0x0800167b   Thumb Code     4  stm32f4xx_it.o(.text)
    BusFault_Handler                         0x0800167f   Thumb Code     4  stm32f4xx_it.o(.text)
    UsageFault_Handler                       0x08001683   Thumb Code     4  stm32f4xx_it.o(.text)
    SVC_Handler                              0x08001687   Thumb Code     2  stm32f4xx_it.o(.text)
    DebugMon_Handler                         0x08001689   Thumb Code     2  stm32f4xx_it.o(.text)
    PendSV_Handler                           0x0800168b   Thumb Code     2  stm32f4xx_it.o(.text)
    SysTick_Handler                          0x0800168d   Thumb Code     2  stm32f4xx_it.o(.text)
    SystemInit                               0x0800176d   Thumb Code    88  system_stm32f4xx.o(.text)
    SystemCoreClockUpdate                    0x080017c5   Thumb Code   174  system_stm32f4xx.o(.text)
    delay_init                               0x080018a1   Thumb Code    52  stm32_delay.o(.text)
    delay_us                                 0x080018d5   Thumb Code    72  stm32_delay.o(.text)
    delay_xms                                0x0800191d   Thumb Code    72  stm32_delay.o(.text)
    delay_ms                                 0x08001965   Thumb Code    56  stm32_delay.o(.text)
    _sys_exit                                0x080019a5   Thumb Code     6  stm32_usart.o(.text)
    fputc                                    0x080019ab   Thumb Code    22  stm32_usart.o(.text)
    usart1_init                              0x080019c1   Thumb Code   172  stm32_usart.o(.text)
    USART1_IRQHandler                        0x08001a6d   Thumb Code   122  stm32_usart.o(.text)
    led_gpio_config                          0x08001af9   Thumb Code    60  hnit_led.o(.text)
    key_gpio_config                          0x08001b39   Thumb Code    46  hnit_key.o(.text)
    lcd_write_ram_prepare                    0x08001b6d   Thumb Code    10  hnit_lcd.o(.text)
    LCD_WriteReg                             0x08001b77   Thumb Code    24  hnit_lcd.o(.text)
    LCD_WR_DATA                              0x08001b8f   Thumb Code    20  hnit_lcd.o(.text)
    LCD_WR_REG                               0x08001ba3   Thumb Code    18  hnit_lcd.o(.text)
    lcd_set_cursor                           0x08001bb5   Thumb Code   262  hnit_lcd.o(.text)
    lcd_show_image                           0x08001cbb   Thumb Code   120  hnit_lcd.o(.text)
    lcd_scan_dir                             0x08001d33   Thumb Code   736  hnit_lcd.o(.text)
    lcd_show_image565                        0x08002013   Thumb Code    66  hnit_lcd.o(.text)
    LCD_Fast_DrawPoint                       0x08002055   Thumb Code   282  hnit_lcd.o(.text)
    LCD_ShowChar                             0x0800216f   Thumb Code   272  hnit_lcd.o(.text)
    LCD_Pow                                  0x0800227f   Thumb Code    22  hnit_lcd.o(.text)
    lcd_show_num                             0x08002295   Thumb Code   224  hnit_lcd.o(.text)
    LCD_RD_DATA                              0x08002375   Thumb Code    14  hnit_lcd.o(.text)
    LCD_ReadReg                              0x08002383   Thumb Code    22  hnit_lcd.o(.text)
    LCD_WriteRAM                             0x08002399   Thumb Code     6  hnit_lcd.o(.text)
    LCD_BGR2RGB                              0x0800239f   Thumb Code    26  hnit_lcd.o(.text)
    opt_delay                                0x080023b9   Thumb Code    14  hnit_lcd.o(.text)
    LCD_ReadPoint                            0x080023c7   Thumb Code   356  hnit_lcd.o(.text)
    LCD_DisplayOn                            0x0800252b   Thumb Code    80  hnit_lcd.o(.text)
    LCD_DisplayOff                           0x0800257b   Thumb Code    78  hnit_lcd.o(.text)
    LCD_DrawPoint                            0x080025c9   Thumb Code    28  hnit_lcd.o(.text)
    LCD_Display_Dir                          0x080025e5   Thumb Code   376  hnit_lcd.o(.text)
    LCD_Set_Window                           0x0800275d   Thumb Code   382  hnit_lcd.o(.text)
    lcd_clear                                0x080028db   Thumb Code   100  hnit_lcd.o(.text)
    fsmc_lcd_init                            0x0800293f   Thumb Code 14196  hnit_lcd.o(.text)
    LCD_Fill                                 0x080060b3   Thumb Code   180  hnit_lcd.o(.text)
    LCD_Color_Fill                           0x08006167   Thumb Code    92  hnit_lcd.o(.text)
    LCD_DrawLine                             0x080061c3   Thumb Code   176  hnit_lcd.o(.text)
    LCD_DrawRectangle                        0x08006273   Thumb Code    60  hnit_lcd.o(.text)
    LCD_Draw_Circle                          0x080062af   Thumb Code   166  hnit_lcd.o(.text)
    LCD_ShowNum                              0x08006355   Thumb Code   148  hnit_lcd.o(.text)
    LCD_ShowxNum                             0x080063e9   Thumb Code   190  hnit_lcd.o(.text)
    LCD_ShowString                           0x080064a7   Thumb Code   102  hnit_lcd.o(.text)
    fsmc_sram_init                           0x0800650d   Thumb Code   700  hnit_sram.o(.text)
    sram_write_buffer                        0x080067c9   Thumb Code    24  hnit_sram.o(.text)
    sram_read_buffer                         0x080067e1   Thumb Code    22  hnit_sram.o(.text)
    main                                     0x0800680d   Thumb Code    90  main.o(.text)
    rgb565_to_yuv                            0x08006879   Thumb Code   212  hnit_jpeg.o(.text)
    printf_array_f                           0x0800694d   Thumb Code    88  hnit_jpeg.o(.text)
    printf_array_d                           0x080069a5   Thumb Code    56  hnit_jpeg.o(.text)
    printf_array_b                           0x080069dd   Thumb Code    86  hnit_jpeg.o(.text)
    fdct2_8x8                                0x08006a71   Thumb Code   362  hnit_jpeg.o(.text)
    idct2_8x8                                0x08006bdb   Thumb Code   440  hnit_jpeg.o(.text)
    jpeg_quantify                            0x08006d93   Thumb Code    78  hnit_jpeg.o(.text)
    jpeg_inv_quantify                        0x08006de1   Thumb Code    76  hnit_jpeg.o(.text)
    jpeg_zigzag                              0x08006e2d   Thumb Code    70  hnit_jpeg.o(.text)
    jpeg_inv_zigzag                          0x08006e73   Thumb Code    70  hnit_jpeg.o(.text)
    jpeg_rle                                 0x08006eb9   Thumb Code   170  hnit_jpeg.o(.text)
    jpeg_inv_rle                             0x08006f63   Thumb Code    66  hnit_jpeg.o(.text)
    jpeg_huffman                             0x08006fa5   Thumb Code   470  hnit_jpeg.o(.text)
    jpeg_inv_huffman                         0x0800717b   Thumb Code   472  hnit_jpeg.o(.text)
    jpeg_test                                0x08007353   Thumb Code   150  hnit_jpeg.o(.text)
    __use_no_semihosting                     0x08007455   Thumb Code     2  use_no_semi_2.o(.text)
    __2printf                                0x08007459   Thumb Code    20  noretval__2printf.o(.text)
    __printf                                 0x08007471   Thumb Code   104  __printf.o(.text)
    _printf_int_dec                          0x080074d9   Thumb Code   100  _printf_dec.o(.text)
    __use_two_region_memory                  0x0800754d   Thumb Code     2  heapauxi.o(.text)
    __rt_heap_escrow$2region                 0x0800754f   Thumb Code     2  heapauxi.o(.text)
    __rt_heap_expand$2region                 0x08007551   Thumb Code     2  heapauxi.o(.text)
    __I$use$semihosting                      0x08007553   Thumb Code     0  use_no_semi.o(.text)
    __use_no_semihosting_swi                 0x08007553   Thumb Code     2  use_no_semi.o(.text)
    __read_errno                             0x08007555   Thumb Code    10  _rserrno.o(.text)
    __set_errno                              0x0800755f   Thumb Code    12  _rserrno.o(.text)
    _printf_int_common                       0x0800756b   Thumb Code   178  _printf_intcommon.o(.text)
    __lib_sel_fp_printf                      0x0800761d   Thumb Code     2  _printf_fp_dec.o(.text)
    _printf_fp_dec_real                      0x080077cb   Thumb Code   616  _printf_fp_dec.o(.text)
    _printf_char_file                        0x08007a35   Thumb Code    32  _printf_char_file.o(.text)
    __rt_locale                              0x08007a59   Thumb Code     8  rt_locale_intlibspace.o(.text)
    __aeabi_errno_addr                       0x08007a61   Thumb Code     8  rt_errno_addr_intlibspace.o(.text)
    __errno$intlibspace                      0x08007a61   Thumb Code     0  rt_errno_addr_intlibspace.o(.text)
    __rt_errno_addr$intlibspace              0x08007a61   Thumb Code     0  rt_errno_addr_intlibspace.o(.text)
    _ll_udiv10                               0x08007a69   Thumb Code   138  lludiv10.o(.text)
    _printf_char_common                      0x08007aff   Thumb Code    32  _printf_char_common.o(.text)
    _printf_fp_infnan                        0x08007b25   Thumb Code   112  _printf_fp_infnan.o(.text)
    _btod_etento                             0x08007ba5   Thumb Code   212  bigflt0.o(.text)
    ferror                                   0x08007c7d   Thumb Code     8  ferror.o(.text)
    __user_libspace                          0x08007c85   Thumb Code     8  libspace.o(.text)
    __user_perproc_libspace                  0x08007c85   Thumb Code     0  libspace.o(.text)
    __user_perthread_libspace                0x08007c85   Thumb Code     0  libspace.o(.text)
    __user_setup_stackheap                   0x08007c8d   Thumb Code    74  sys_stackheap_outer.o(.text)
    exit                                     0x08007cd7   Thumb Code    12  exit.o(.text)
    strcmp                                   0x08007ce5   Thumb Code   128  strcmpv7m.o(.text)
    _btod_d2e                                0x08007d65   Thumb Code    62  btod.o(CL$$btod_d2e)
    _d2e_denorm_low                          0x08007da3   Thumb Code    70  btod.o(CL$$btod_d2e_denorm_low)
    _d2e_norm_op1                            0x08007de9   Thumb Code    96  btod.o(CL$$btod_d2e_norm_op1)
    __btod_div_common                        0x08007e49   Thumb Code   696  btod.o(CL$$btod_div_common)
    _e2e                                     0x08008181   Thumb Code   198  btod.o(CL$$btod_e2e)
    _btod_ediv                               0x08008247   Thumb Code    40  btod.o(CL$$btod_ediv)
    _btod_emul                               0x0800826f   Thumb Code    40  btod.o(CL$$btod_emul)
    __btod_mult_common                       0x08008297   Thumb Code   580  btod.o(CL$$btod_mult_common)
    __ARM_fpclassify                         0x080084db   Thumb Code    48  fpclassify.o(i.__ARM_fpclassify)
    __hardfp_cos                             0x08008511   Thumb Code   200  cos.o(i.__hardfp_cos)
    __hardfp_sqrt                            0x080085e9   Thumb Code   122  sqrt.o(i.__hardfp_sqrt)
    __ieee754_rem_pio2                       0x08008669   Thumb Code   938  rred.o(i.__ieee754_rem_pio2)
    __kernel_cos                             0x08008aa1   Thumb Code   322  cos_i.o(i.__kernel_cos)
    __kernel_poly                            0x08008c11   Thumb Code   248  poly.o(i.__kernel_poly)
    __kernel_sin                             0x08008d09   Thumb Code   280  sin_i.o(i.__kernel_sin)
    __mathlib_dbl_underflow                  0x08008e39   Thumb Code    24  dunder.o(i.__mathlib_dbl_underflow)
    fabs                                     0x08008e59   Thumb Code    24  fabs.o(i.fabs)
    _get_lc_numeric                          0x08008e71   Thumb Code    44  lc_numeric_c.o(locale$$code)
    __aeabi_dneg                             0x08008e9d   Thumb Code     0  basic.o(x$fpl$basic)
    _dneg                                    0x08008e9d   Thumb Code     6  basic.o(x$fpl$basic)
    __aeabi_fneg                             0x08008ea3   Thumb Code     0  basic.o(x$fpl$basic)
    _fneg                                    0x08008ea3   Thumb Code     6  basic.o(x$fpl$basic)
    _dabs                                    0x08008ea9   Thumb Code     6  basic.o(x$fpl$basic)
    _fabs                                    0x08008eaf   Thumb Code     6  basic.o(x$fpl$basic)
    __aeabi_d2f                              0x08008eb5   Thumb Code     0  d2f.o(x$fpl$d2f)
    _d2f                                     0x08008eb5   Thumb Code    98  d2f.o(x$fpl$d2f)
    __aeabi_dadd                             0x08008f19   Thumb Code     0  daddsub_clz.o(x$fpl$dadd)
    _dadd                                    0x08008f19   Thumb Code   332  daddsub_clz.o(x$fpl$dadd)
    __aeabi_ddiv                             0x08009069   Thumb Code     0  ddiv.o(x$fpl$ddiv)
    _ddiv                                    0x08009069   Thumb Code   552  ddiv.o(x$fpl$ddiv)
    __aeabi_d2iz                             0x08009319   Thumb Code     0  dfix.o(x$fpl$dfix)
    _dfix                                    0x08009319   Thumb Code    94  dfix.o(x$fpl$dfix)
    __aeabi_i2d                              0x08009377   Thumb Code     0  dflt_clz.o(x$fpl$dflt)
    _dflt                                    0x08009377   Thumb Code    46  dflt_clz.o(x$fpl$dflt)
    __aeabi_ui2d                             0x080093a5   Thumb Code     0  dflt_clz.o(x$fpl$dfltu)
    _dfltu                                   0x080093a5   Thumb Code    38  dflt_clz.o(x$fpl$dfltu)
    __aeabi_dmul                             0x080093cd   Thumb Code     0  dmul.o(x$fpl$dmul)
    _dmul                                    0x080093cd   Thumb Code   332  dmul.o(x$fpl$dmul)
    __fpl_dnaninf                            0x08009521   Thumb Code   156  dnaninf.o(x$fpl$dnaninf)
    __fpl_dretinf                            0x080095bd   Thumb Code    12  dretinf.o(x$fpl$dretinf)
    __aeabi_drsub                            0x080095c9   Thumb Code     0  daddsub_clz.o(x$fpl$drsb)
    _drsb                                    0x080095c9   Thumb Code    22  daddsub_clz.o(x$fpl$drsb)
    _dsqrt                                   0x080095e1   Thumb Code   404  dsqrt_umaal.o(x$fpl$dsqrt)
    __aeabi_dsub                             0x08009779   Thumb Code     0  daddsub_clz.o(x$fpl$dsub)
    _dsub                                    0x08009779   Thumb Code   464  daddsub_clz.o(x$fpl$dsub)
    __aeabi_f2d                              0x0800994d   Thumb Code     0  f2d.o(x$fpl$f2d)
    _f2d                                     0x0800994d   Thumb Code    86  f2d.o(x$fpl$f2d)
    __fpl_fnaninf                            0x080099a3   Thumb Code   140  fnaninf.o(x$fpl$fnaninf)
    _fp_init                                 0x08009a2f   Thumb Code    10  fpinit.o(x$fpl$fpinit)
    __fplib_config_fpu_vfp                   0x08009a37   Thumb Code     0  fpinit.o(x$fpl$fpinit)
    __fplib_config_pureend_doubles           0x08009a37   Thumb Code     0  fpinit.o(x$fpl$fpinit)
    __fpl_fretinf                            0x08009a39   Thumb Code    10  fretinf.o(x$fpl$fretinf)
    _printf_fp_dec                           0x08009a43   Thumb Code     4  printf1.o(x$fpl$printf1)
    __I$use$fp                               0x08009a46   Number         0  usenofp.o(x$fpl$usenofp)
    FSMC_DefaultTimingStruct                 0x08009a48   Data          28  stm32f4xx_fsmc.o(.constdata)
    asc2_1206                                0x08009a64   Data        1140  hnit_lcd.o(.constdata)
    asc2_1608                                0x08009ed8   Data        1520  hnit_lcd.o(.constdata)
    asc2_2412                                0x0800a4c8   Data        3420  hnit_lcd.o(.constdata)
    bright_code                              0x0800b224   Data         256  hnit_jpeg.o(.constdata)
    color_code                               0x0800b324   Data         256  hnit_jpeg.o(.constdata)
    zigzag_code                              0x0800b424   Data          64  hnit_jpeg.o(.constdata)
    huffman_dc_code                          0x0800b464   Data          48  hnit_jpeg.o(.constdata)
    huffman_ac_code                          0x0800b494   Data         644  hnit_jpeg.o(.constdata)
    Region$$Table$$Base                      0x0800b8cc   Number         0  anon$$obj.o(Region$$Table)
    Region$$Table$$Limit                     0x0800b8ec   Number         0  anon$$obj.o(Region$$Table)
    SystemCoreClock                          0x20000010   Data           4  system_stm32f4xx.o(.data)
    AHBPrescTable                            0x20000014   Data          16  system_stm32f4xx.o(.data)
    __stdout                                 0x20000028   Data           4  stm32_usart.o(.data)
    USART_RX_STA                             0x2000002c   Data           2  stm32_usart.o(.data)
    POINT_COLOR                              0x2000002e   Data           2  hnit_lcd.o(.data)
    BACK_COLOR                               0x20000030   Data           2  hnit_lcd.o(.data)
    test_image                               0x20000032   Data         128  hnit_jpeg.o(.data)
    ans_m                                    0x200000b2   Data           2  hnit_jpeg.o(.data)
    ans_n                                    0x200000b4   Data           2  hnit_jpeg.o(.data)
    USART_RX_BUF                             0x200000b8   Data         200  stm32_usart.o(.bss)
    lcddev                                   0x20000180   Data          14  hnit_lcd.o(.bss)
    yuv_y                                    0x20000190   Data         256  hnit_jpeg.o(.bss)
    yuv_u                                    0x20000290   Data         256  hnit_jpeg.o(.bss)
    yuv_v                                    0x20000390   Data         256  hnit_jpeg.o(.bss)
    dct                                      0x20000490   Data          64  hnit_jpeg.o(.bss)
    rle                                      0x200004d0   Data          30  hnit_jpeg.o(.bss)
    ans                                      0x200004ee   Data         160  hnit_jpeg.o(.bss)
    i_rle                                    0x2000058e   Data          30  hnit_jpeg.o(.bss)
    i_dct                                    0x200005ac   Data          64  hnit_jpeg.o(.bss)
    i_yuv_y                                  0x200005ec   Data         256  hnit_jpeg.o(.bss)
    __libspace_start                         0x200006ec   Data          96  libspace.o(.bss)
    __temporary_stack_top$libspace           0x2000074c   Data           0  libspace.o(.bss)



==============================================================================

Memory Map of the image

  Image Entry point : 0x08000189

  Load Region LR_IROM1 (Base: 0x08000000, Size: 0x0000b9c0, Max: 0x00080000, ABSOLUTE)

    Execution Region ER_IROM1 (Base: 0x08000000, Size: 0x0000b908, Max: 0x00080000, ABSOLUTE)

    Base Addr    Size         Type   Attr      Idx    E Section Name        Object

    0x08000000   0x00000188   Data   RO            3    RESET               startup_stm32f40_41xxx.o
    0x08000188   0x00000008   Code   RO         1179  * !!!main             c_w.l(__main.o)
    0x08000190   0x00000034   Code   RO         1489    !!!scatter          c_w.l(__scatter.o)
    0x080001c4   0x0000001a   Code   RO         1491    !!handler_copy      c_w.l(__scatter_copy.o)
    0x080001de   0x00000002   PAD
    0x080001e0   0x0000001c   Code   RO         1493    !!handler_zi        c_w.l(__scatter_zi.o)
    0x080001fc   0x00000000   Code   RO         1176    .ARM.Collect$$_printf_percent$$00000000  c_w.l(_printf_percent.o)
    0x080001fc   0x00000006   Code   RO         1175    .ARM.Collect$$_printf_percent$$00000003  c_w.l(_printf_f.o)
    0x08000202   0x00000006   Code   RO         1174    .ARM.Collect$$_printf_percent$$00000009  c_w.l(_printf_d.o)
    0x08000208   0x00000004   Code   RO         1222    .ARM.Collect$$_printf_percent$$00000017  c_w.l(_printf_percent_end.o)
    0x0800020c   0x00000002   Code   RO         1369    .ARM.Collect$$libinit$$00000000  c_w.l(libinit.o)
    0x0800020e   0x00000004   Code   RO         1370    .ARM.Collect$$libinit$$00000001  c_w.l(libinit2.o)
    0x08000212   0x00000000   Code   RO         1374    .ARM.Collect$$libinit$$00000008  c_w.l(libinit2.o)
    0x08000212   0x00000000   Code   RO         1376    .ARM.Collect$$libinit$$0000000A  c_w.l(libinit2.o)
    0x08000212   0x00000000   Code   RO         1378    .ARM.Collect$$libinit$$0000000C  c_w.l(libinit2.o)
    0x08000212   0x00000006   Code   RO         1379    .ARM.Collect$$libinit$$0000000D  c_w.l(libinit2.o)
    0x08000218   0x00000000   Code   RO         1381    .ARM.Collect$$libinit$$0000000F  c_w.l(libinit2.o)
    0x08000218   0x00000000   Code   RO         1383    .ARM.Collect$$libinit$$00000011  c_w.l(libinit2.o)
    0x08000218   0x00000000   Code   RO         1385    .ARM.Collect$$libinit$$00000013  c_w.l(libinit2.o)
    0x08000218   0x0000000a   Code   RO         1386    .ARM.Collect$$libinit$$00000014  c_w.l(libinit2.o)
    0x08000222   0x00000000   Code   RO         1387    .ARM.Collect$$libinit$$00000015  c_w.l(libinit2.o)
    0x08000222   0x00000000   Code   RO         1389    .ARM.Collect$$libinit$$00000017  c_w.l(libinit2.o)
    0x08000222   0x00000000   Code   RO         1391    .ARM.Collect$$libinit$$00000019  c_w.l(libinit2.o)
    0x08000222   0x00000000   Code   RO         1393    .ARM.Collect$$libinit$$0000001B  c_w.l(libinit2.o)
    0x08000222   0x00000000   Code   RO         1395    .ARM.Collect$$libinit$$0000001D  c_w.l(libinit2.o)
    0x08000222   0x00000000   Code   RO         1397    .ARM.Collect$$libinit$$0000001F  c_w.l(libinit2.o)
    0x08000222   0x00000000   Code   RO         1399    .ARM.Collect$$libinit$$00000021  c_w.l(libinit2.o)
    0x08000222   0x00000000   Code   RO         1401    .ARM.Collect$$libinit$$00000023  c_w.l(libinit2.o)
    0x08000222   0x00000000   Code   RO         1405    .ARM.Collect$$libinit$$0000002A  c_w.l(libinit2.o)
    0x08000222   0x00000000   Code   RO         1407    .ARM.Collect$$libinit$$0000002C  c_w.l(libinit2.o)
    0x08000222   0x00000000   Code   RO         1409    .ARM.Collect$$libinit$$0000002E  c_w.l(libinit2.o)
    0x08000222   0x00000000   Code   RO         1411    .ARM.Collect$$libinit$$00000030  c_w.l(libinit2.o)
    0x08000222   0x00000002   Code   RO         1412    .ARM.Collect$$libinit$$00000031  c_w.l(libinit2.o)
    0x08000224   0x00000002   Code   RO         1440    .ARM.Collect$$libshutdown$$00000000  c_w.l(libshutdown.o)
    0x08000226   0x00000000   Code   RO         1450    .ARM.Collect$$libshutdown$$00000003  c_w.l(libshutdown2.o)
    0x08000226   0x00000000   Code   RO         1453    .ARM.Collect$$libshutdown$$00000006  c_w.l(libshutdown2.o)
    0x08000226   0x00000000   Code   RO         1456    .ARM.Collect$$libshutdown$$00000009  c_w.l(libshutdown2.o)
    0x08000226   0x00000000   Code   RO         1458    .ARM.Collect$$libshutdown$$0000000B  c_w.l(libshutdown2.o)
    0x08000226   0x00000000   Code   RO         1461    .ARM.Collect$$libshutdown$$0000000E  c_w.l(libshutdown2.o)
    0x08000226   0x00000002   Code   RO         1462    .ARM.Collect$$libshutdown$$0000000F  c_w.l(libshutdown2.o)
    0x08000228   0x00000000   Code   RO         1213    .ARM.Collect$$rtentry$$00000000  c_w.l(rtentry.o)
    0x08000228   0x00000000   Code   RO         1263    .ARM.Collect$$rtentry$$00000002  c_w.l(rtentry2.o)
    0x08000228   0x00000006   Code   RO         1275    .ARM.Collect$$rtentry$$00000004  c_w.l(rtentry4.o)
    0x0800022e   0x00000000   Code   RO         1265    .ARM.Collect$$rtentry$$00000009  c_w.l(rtentry2.o)
    0x0800022e   0x00000004   Code   RO         1266    .ARM.Collect$$rtentry$$0000000A  c_w.l(rtentry2.o)
    0x08000232   0x00000000   Code   RO         1268    .ARM.Collect$$rtentry$$0000000C  c_w.l(rtentry2.o)
    0x08000232   0x00000008   Code   RO         1269    .ARM.Collect$$rtentry$$0000000D  c_w.l(rtentry2.o)
    0x0800023a   0x00000002   Code   RO         1413    .ARM.Collect$$rtexit$$00000000  c_w.l(rtexit.o)
    0x0800023c   0x00000000   Code   RO         1420    .ARM.Collect$$rtexit$$00000002  c_w.l(rtexit2.o)
    0x0800023c   0x00000004   Code   RO         1421    .ARM.Collect$$rtexit$$00000003  c_w.l(rtexit2.o)
    0x08000240   0x00000006   Code   RO         1422    .ARM.Collect$$rtexit$$00000004  c_w.l(rtexit2.o)
    0x08000246   0x00000002   PAD
    0x08000248   0x00000040   Code   RO            4    .text               startup_stm32f40_41xxx.o
    0x08000288   0x000000e0   Code   RO           12    .text               misc.o
    0x08000368   0x000005c8   Code   RO          443    .text               stm32f4xx_fsmc.o
    0x08000930   0x00000294   Code   RO          466    .text               stm32f4xx_gpio.o
    0x08000bc4   0x0000065c   Code   RO          629    .text               stm32f4xx_rcc.o
    0x08001220   0x00000454   Code   RO          794    .text               stm32f4xx_usart.o
    0x08001674   0x0000001a   Code   RO          834    .text               stm32f4xx_it.o
    0x0800168e   0x00000002   PAD
    0x08001690   0x00000210   Code   RO          857    .text               system_stm32f4xx.o
    0x080018a0   0x00000104   Code   RO          883    .text               stm32_delay.o
    0x080019a4   0x00000154   Code   RO          929    .text               stm32_usart.o
    0x08001af8   0x00000040   Code   RO          960    .text               hnit_led.o
    0x08001b38   0x00000034   Code   RO          983    .text               hnit_key.o
    0x08001b6c   0x000049a0   Code   RO         1006    .text               hnit_lcd.o
    0x0800650c   0x00000300   Code   RO         1048    .text               hnit_sram.o
    0x0800680c   0x0000006c   Code   RO         1071    .text               main.o
    0x08006878   0x00000bdc   Code   RO         1105    .text               hnit_jpeg.o
    0x08007454   0x00000002   Code   RO         1144    .text               c_w.l(use_no_semi_2.o)
    0x08007456   0x00000002   PAD
    0x08007458   0x00000018   Code   RO         1148    .text               c_w.l(noretval__2printf.o)
    0x08007470   0x00000068   Code   RO         1150    .text               c_w.l(__printf.o)
    0x080074d8   0x00000074   Code   RO         1152    .text               c_w.l(_printf_dec.o)
    0x0800754c   0x00000006   Code   RO         1177    .text               c_w.l(heapauxi.o)
    0x08007552   0x00000002   Code   RO         1211    .text               c_w.l(use_no_semi.o)
    0x08007554   0x00000016   Code   RO         1214    .text               c_w.l(_rserrno.o)
    0x0800756a   0x000000b2   Code   RO         1216    .text               c_w.l(_printf_intcommon.o)
    0x0800761c   0x00000416   Code   RO         1218    .text               c_w.l(_printf_fp_dec.o)
    0x08007a32   0x00000002   PAD
    0x08007a34   0x00000024   Code   RO         1220    .text               c_w.l(_printf_char_file.o)
    0x08007a58   0x00000008   Code   RO         1280    .text               c_w.l(rt_locale_intlibspace.o)
    0x08007a60   0x00000008   Code   RO         1285    .text               c_w.l(rt_errno_addr_intlibspace.o)
    0x08007a68   0x0000008a   Code   RO         1287    .text               c_w.l(lludiv10.o)
    0x08007af2   0x00000002   PAD
    0x08007af4   0x00000030   Code   RO         1289    .text               c_w.l(_printf_char_common.o)
    0x08007b24   0x00000080   Code   RO         1291    .text               c_w.l(_printf_fp_infnan.o)
    0x08007ba4   0x000000d8   Code   RO         1293    .text               c_w.l(bigflt0.o)
    0x08007c7c   0x00000008   Code   RO         1318    .text               c_w.l(ferror.o)
    0x08007c84   0x00000008   Code   RO         1353    .text               c_w.l(libspace.o)
    0x08007c8c   0x0000004a   Code   RO         1356    .text               c_w.l(sys_stackheap_outer.o)
    0x08007cd6   0x0000000c   Code   RO         1360    .text               c_w.l(exit.o)
    0x08007ce2   0x00000002   PAD
    0x08007ce4   0x00000080   Code   RO         1362    .text               c_w.l(strcmpv7m.o)
    0x08007d64   0x0000003e   Code   RO         1296    CL$$btod_d2e        c_w.l(btod.o)
    0x08007da2   0x00000046   Code   RO         1298    CL$$btod_d2e_denorm_low  c_w.l(btod.o)
    0x08007de8   0x00000060   Code   RO         1297    CL$$btod_d2e_norm_op1  c_w.l(btod.o)
    0x08007e48   0x00000338   Code   RO         1306    CL$$btod_div_common  c_w.l(btod.o)
    0x08008180   0x000000c6   Code   RO         1303    CL$$btod_e2e        c_w.l(btod.o)
    0x08008246   0x00000028   Code   RO         1300    CL$$btod_ediv       c_w.l(btod.o)
    0x0800826e   0x00000028   Code   RO         1299    CL$$btod_emul       c_w.l(btod.o)
    0x08008296   0x00000244   Code   RO         1305    CL$$btod_mult_common  c_w.l(btod.o)
    0x080084da   0x00000030   Code   RO         1349    i.__ARM_fpclassify  m_wm.l(fpclassify.o)
    0x0800850a   0x00000006   PAD
    0x08008510   0x000000d8   Code   RO         1187    i.__hardfp_cos      m_wm.l(cos.o)
    0x080085e8   0x0000007a   Code   RO         1199    i.__hardfp_sqrt     m_wm.l(sqrt.o)
    0x08008662   0x00000006   PAD
    0x08008668   0x00000438   Code   RO         1251    i.__ieee754_rem_pio2  m_wm.l(rred.o)
    0x08008aa0   0x00000170   Code   RO         1248    i.__kernel_cos      m_wm.l(cos_i.o)
    0x08008c10   0x000000f8   Code   RO         1351    i.__kernel_poly     m_wm.l(poly.o)
    0x08008d08   0x00000130   Code   RO         1256    i.__kernel_sin      m_wm.l(sin_i.o)
    0x08008e38   0x00000020   Code   RO         1341    i.__mathlib_dbl_underflow  m_wm.l(dunder.o)
    0x08008e58   0x00000018   Code   RO         1345    i.fabs              m_wm.l(fabs.o)
    0x08008e70   0x0000002c   Code   RO         1323    locale$$code        c_w.l(lc_numeric_c.o)
    0x08008e9c   0x00000018   Code   RO         1223    x$fpl$basic         fz_wm.l(basic.o)
    0x08008eb4   0x00000062   Code   RO         1181    x$fpl$d2f           fz_wm.l(d2f.o)
    0x08008f16   0x00000002   PAD
    0x08008f18   0x00000150   Code   RO         1225    x$fpl$dadd          fz_wm.l(daddsub_clz.o)
    0x08009068   0x000002b0   Code   RO         1232    x$fpl$ddiv          fz_wm.l(ddiv.o)
    0x08009318   0x0000005e   Code   RO         1327    x$fpl$dfix          fz_wm.l(dfix.o)
    0x08009376   0x0000002e   Code   RO         1332    x$fpl$dflt          fz_wm.l(dflt_clz.o)
    0x080093a4   0x00000026   Code   RO         1331    x$fpl$dfltu         fz_wm.l(dflt_clz.o)
    0x080093ca   0x00000002   PAD
    0x080093cc   0x00000154   Code   RO         1337    x$fpl$dmul          fz_wm.l(dmul.o)
    0x08009520   0x0000009c   Code   RO         1237    x$fpl$dnaninf       fz_wm.l(dnaninf.o)
    0x080095bc   0x0000000c   Code   RO         1239    x$fpl$dretinf       fz_wm.l(dretinf.o)
    0x080095c8   0x00000016   Code   RO         1226    x$fpl$drsb          fz_wm.l(daddsub_clz.o)
    0x080095de   0x00000002   PAD
    0x080095e0   0x00000198   Code   RO         1241    x$fpl$dsqrt         fz_wm.l(dsqrt_umaal.o)
    0x08009778   0x000001d4   Code   RO         1227    x$fpl$dsub          fz_wm.l(daddsub_clz.o)
    0x0800994c   0x00000056   Code   RO         1183    x$fpl$f2d           fz_wm.l(f2d.o)
    0x080099a2   0x0000008c   Code   RO         1243    x$fpl$fnaninf       fz_wm.l(fnaninf.o)
    0x08009a2e   0x0000000a   Code   RO         1417    x$fpl$fpinit        fz_wm.l(fpinit.o)
    0x08009a38   0x0000000a   Code   RO         1245    x$fpl$fretinf       fz_wm.l(fretinf.o)
    0x08009a42   0x00000004   Code   RO         1185    x$fpl$printf1       fz_wm.l(printf1.o)
    0x08009a46   0x00000000   Code   RO         1247    x$fpl$usenofp       fz_wm.l(usenofp.o)
    0x08009a46   0x00000002   PAD
    0x08009a48   0x0000001c   Data   RO          444    .constdata          stm32f4xx_fsmc.o
    0x08009a64   0x000017c0   Data   RO         1008    .constdata          hnit_lcd.o
    0x0800b224   0x000004f4   Data   RO         1107    .constdata          hnit_jpeg.o
    0x0800b718   0x00000030   Data   RO         1249    .constdata          m_wm.l(cos_i.o)
    0x0800b748   0x000000c8   Data   RO         1253    .constdata          m_wm.l(rred.o)
    0x0800b810   0x00000028   Data   RO         1257    .constdata          m_wm.l(sin_i.o)
    0x0800b838   0x00000094   Data   RO         1294    .constdata          c_w.l(bigflt0.o)
    0x0800b8cc   0x00000020   Data   RO         1487    Region$$Table       anon$$obj.o
    0x0800b8ec   0x0000001c   Data   RO         1322    locale$$data        c_w.l(lc_numeric_c.o)


    Execution Region RW_IRAM1 (Base: 0x20000000, Size: 0x00000d50, Max: 0x00020000, ABSOLUTE)

    Base Addr    Size         Type   Attr      Idx    E Section Name        Object

    0x20000000   0x00000010   Data   RW          630    .data               stm32f4xx_rcc.o
    0x20000010   0x00000014   Data   RW          858    .data               system_stm32f4xx.o
    0x20000024   0x00000004   Data   RW          884    .data               stm32_delay.o
    0x20000028   0x00000006   Data   RW          931    .data               stm32_usart.o
    0x2000002e   0x00000004   Data   RW         1009    .data               hnit_lcd.o
    0x20000032   0x00000084   Data   RW         1108    .data               hnit_jpeg.o
    0x200000b6   0x00000002   PAD
    0x200000b8   0x000000c8   Zero   RW          930    .bss                stm32_usart.o
    0x20000180   0x0000000e   Zero   RW         1007    .bss                hnit_lcd.o
    0x2000018e   0x00000002   PAD
    0x20000190   0x0000055c   Zero   RW         1106    .bss                hnit_jpeg.o
    0x200006ec   0x00000060   Zero   RW         1354    .bss                c_w.l(libspace.o)
    0x2000074c   0x00000004   PAD
    0x20000750   0x00000200   Zero   RW            2    HEAP                startup_stm32f40_41xxx.o
    0x20000950   0x00000400   Zero   RW            1    STACK               startup_stm32f40_41xxx.o


==============================================================================

Image component sizes


      Code (inc. data)   RO Data    RW Data    ZI Data      Debug   Object Name

      3036        192       1268        132       1372       8229   hnit_jpeg.o
        52          6          0          0          0        554   hnit_key.o
     18848        142       6080          4         14      23226   hnit_lcd.o
        64          4          0          0          0        558   hnit_led.o
       768         22          0          0          0       1924   hnit_sram.o
       108         18          0          0          0        531   main.o
       224         20          0          0          0     271397   misc.o
        64         26        392          0       1536        872   startup_stm32f40_41xxx.o
       260          8          0          4          0       1469   stm32_delay.o
       340         18          0          6        200       3392   stm32_usart.o
      1480         18         28          0          0       5646   stm32f4xx_fsmc.o
       660         44          0          0          0       4113   stm32f4xx_gpio.o
        26          0          0          0          0       1254   stm32f4xx_it.o
      1628         52          0         16          0      12912   stm32f4xx_rcc.o
      1108         34          0          0          0       7816   stm32f4xx_usart.o
       528         46          0         20          0       1871   system_stm32f4xx.o

    ----------------------------------------------------------------------
     29196        650       7800        184       3124     345764   Object Totals
         0          0         32          0          0          0   (incl. Generated)
         2          0          0          2          2          0   (incl. Padding)

    ----------------------------------------------------------------------

      Code (inc. data)   RO Data    RW Data    ZI Data      Debug   Library Member Name

         8          0          0          0          0         68   __main.o
       104          0          0          0          0         84   __printf.o
        52          8          0          0          0          0   __scatter.o
        26          0          0          0          0          0   __scatter_copy.o
        28          0          0          0          0          0   __scatter_zi.o
        48          6          0          0          0         96   _printf_char_common.o
        36          4          0          0          0         80   _printf_char_file.o
         6          0          0          0          0          0   _printf_d.o
       116         16          0          0          0         92   _printf_dec.o
         6          0          0          0          0          0   _printf_f.o
      1046          0          0          0          0        216   _printf_fp_dec.o
       128         16          0          0          0         84   _printf_fp_infnan.o
       178          0          0          0          0         88   _printf_intcommon.o
         0          0          0          0          0          0   _printf_percent.o
         4          0          0          0          0          0   _printf_percent_end.o
        22          0          0          0          0        100   _rserrno.o
       216          4        148          0          0         96   bigflt0.o
      1910        128          0          0          0        672   btod.o
        12          0          0          0          0         72   exit.o
         8          0          0          0          0         68   ferror.o
         6          0          0          0          0        152   heapauxi.o
        44         10         28          0          0         76   lc_numeric_c.o
         2          0          0          0          0          0   libinit.o
        22          0          0          0          0          0   libinit2.o
         2          0          0          0          0          0   libshutdown.o
         2          0          0          0          0          0   libshutdown2.o
         8          4          0          0         96         68   libspace.o
       138          0          0          0          0         80   lludiv10.o
        24          4          0          0          0         84   noretval__2printf.o
         8          4          0          0          0         68   rt_errno_addr_intlibspace.o
         8          4          0          0          0         68   rt_locale_intlibspace.o
         0          0          0          0          0          0   rtentry.o
        12          0          0          0          0          0   rtentry2.o
         6          0          0          0          0          0   rtentry4.o
         2          0          0          0          0          0   rtexit.o
        10          0          0          0          0          0   rtexit2.o
       128          0          0          0          0         68   strcmpv7m.o
        74          0          0          0          0         80   sys_stackheap_outer.o
         2          0          0          0          0         68   use_no_semi.o
         2          0          0          0          0         68   use_no_semi_2.o
        24          0          0          0          0        164   basic.o
        98          4          0          0          0        140   d2f.o
       826         16          0          0          0        492   daddsub_clz.o
       688        140          0          0          0        256   ddiv.o
        94          4          0          0          0        140   dfix.o
        84          0          0          0          0        232   dflt_clz.o
       340         12          0          0          0        152   dmul.o
       156          4          0          0          0        140   dnaninf.o
        12          0          0          0          0        116   dretinf.o
       408         56          0          0          0        168   dsqrt_umaal.o
        86          4          0          0          0        132   f2d.o
       140          4          0          0          0        132   fnaninf.o
        10          0          0          0          0        116   fpinit.o
        10          0          0          0          0        116   fretinf.o
         4          0          0          0          0        116   printf1.o
         0          0          0          0          0          0   usenofp.o
       216         16          0          0          0        152   cos.o
       368         46         48          0          0        200   cos_i.o
        32          8          0          0          0        124   dunder.o
        24          0          0          0          0        124   fabs.o
        48          0          0          0          0        124   fpclassify.o
       248          0          0          0          0        152   poly.o
      1080        142        200          0          0        188   rred.o
       304         24         40          0          0        208   sin_i.o
       122          0          0          0          0        148   sqrt.o

    ----------------------------------------------------------------------
      9908        688        464          0        100       6728   Library Totals
        32          0          0          0          4          0   (incl. Padding)

    ----------------------------------------------------------------------

      Code (inc. data)   RO Data    RW Data    ZI Data      Debug   Library Name

      4454        208        176          0         96       2696   c_w.l
      2980        244          0          0          0       2612   fz_wm.l
      2442        236        288          0          0       1420   m_wm.l

    ----------------------------------------------------------------------
      9908        688        464          0        100       6728   Library Totals

    ----------------------------------------------------------------------

==============================================================================


      Code (inc. data)   RO Data    RW Data    ZI Data      Debug   

     39104       1338       8264        184       3224     345436   Grand Totals
     39104       1338       8264        184       3224     345436   ELF Image Totals
     39104       1338       8264        184          0          0   ROM Totals

==============================================================================

    Total RO  Size (Code + RO Data)                47368 (  46.26kB)
    Total RW  Size (RW Data + ZI Data)              3408 (   3.33kB)
    Total ROM Size (Code + RO Data + RW Data)      47552 (  46.44kB)

==============================================================================

