<html>
<body>
<pre>
<h1>礦ision Build Log</h1>
<h2>Project:</h2>
E:\3-我的程序\HNIT-STM32F4\7 - JEPG\JPEG\Project\HNIT-STM32.uvprojx
Project File Date:  05/06/2016

<h2>Output:</h2>
Build target 'HNIT-STM32'
compiling hnit_jpeg.c...
linking...
Program Size: Code=40088 RO-data=165104 RW-data=188 ZI-data=309052  
FromELF: creating hex file...
"..\OBJ\STM32-HNIT.axf" - 0 Error(s), 0 Warning(s).
Load "..\\OBJ\\STM32-HNIT.axf" 
Set JLink Project File to "E:\3-我的程序\HNIT-STM32F4\7 - JEPG\JPEG\Project\JLinkSettings.ini"
* JLink Info: Device "STM32F407ZE" selected (512 KB flash, 128 KB RAM).
 
JLink info:
------------
DLL: V4.80g, compiled Feb 13 2014 20:50:02
Firmware: J-Link ARM V8 compiled Nov 25 2013 19:20:08
Hardware: V8.00
S/N : 308622870 
Feature(s) : RDI,FlashDL,FlashBP,JFlash,GDBFULL 
 
* JLink Info: Found SWD-DP with ID 0x2BA01477
* JLink Info: Found SWD-DP with ID 0x2BA01477
* JLink Info: Found Cortex-M4 r0p1, Little endian.
* JLink Info: FPUnit: 6 code (BP) slots and 2 literal slots
* JLink Info: TPIU fitted.
* JLink Info: ETM fitted.
ROMTableAddr = 0xE00FF003
 
Target info:
------------
Device: STM32F407ZE
VTarget = 3.215V
State of Pins: 
TCK: 0, TDI: 1, TDO: 1, TMS: 1, TRES: 1, TRST: 1
Hardware-Breakpoints: 6
Software-Breakpoints: 8192
Watchpoints:          4
JTAG speed: 2000 kHz
 
Erase Done.
Programming Done.
Verify OK.
Application running ...
</pre>
</body>
</html>
reakpoints: 8192
Watchpoints:          4
JTAG speed: 2000 kHz
 
Erase Done.
Programming Done.
Verify OK.
Application running ...
*JLink Error: Can not read register 1 (R1) while CPU is running
***JLink Error: Can not read register 2 (R2) while CPU is running
***JLink Error: Can not read register 3 (R3) while CPU is running
***JLink Error: Can not read register 4 (R4) while CPU is running
***JLink Error: Can not read register 5 (R5) while CPU is running
***JLink Error: Can not read register 6 (R6) while CPU is running
***JLink Error: Can not read register 7 (R7) while CPU is running
***JLink Error: Can not read register 8 (R8) while CPU is running
***JLink Error: Can not read register 9 (R9) while CPU is running
***JLink Error: Can not read register 10 (R10) while CPU is running
***JLink Error: Can not read register 11 (R11) while CPU is running
***JLink Error: Can not read register 12 (R12) while CPU is running
***JLink Error: Can not read register 13 (R13) while CPU is running
***JLink Error: Can not read register 14 (R14) while CPU is running
***JLink Error: Can not read register 15 (R15) while CPU is running
***JLink Error: Can not read register 16 (XPSR) while CPU is running
***JLink Error: Can not read register 17 (MSP) while CPU is running
***JLink Error: Can not read register 18 (PSP) while CPU is running
***JLink Error: Can not read register 20 (CFBP) while CPU is running
***JLink Error: Can not read register 32 (FPSCR) while CPU is running
***JLink Error: Can not read register 33 (FPS0) while CPU is running
***JLink Error: Can not read register 34 (FPS1) while CPU is running
***JLink Error: Can not read register 35 (FPS2) while CPU is running
***JLink Error: Can not read register 36 (FPS3) while CPU is running
***JLink Error: Can not read register 37 (FPS4) while CPU is running
***JLink Error: Can not read register 38 (FPS5) while CPU is running
***JLink Error: Can not read register 39 (FPS6) while CPU is running
***JLink Error: Can not read register 40 (FPS7) while CPU is running
***JLink Error: Can not read register 41 (FPS8) while CPU is running
***JLink Error: Can not read register 42 (FPS9) while CPU is running
***JLink Error: Can not read register 43 (FPS10) while CPU is running
***JLink Error: Can not read register 44 (FPS11) while CPU is running
***JLink Error: Can not read register 45 (FPS12) while CPU is running
***JLink Error: Can not read register 46 (FPS13) while CPU is running
***JLink Error: Can not read register 47 (FPS14) while CPU is running
***JLink Error: Can not read register 48 (FPS15) while CPU is running
***JLink Error: Can not read register 49 (FPS16) while CPU is running
***JLink Error: Can not read register 50 (FPS17) while CPU is running
***JLink Error: Can not read register 51 (FPS18) while CPU is running
***JLink Error: Can not read register 52 (FPS19) while CPU is running
***JLink Error: Can not read register 53 (FPS20) while CPU is running
***JLink Error: Can not read register 64 (FPS31) while CPU is running
***JLink Error: Can not read register 40 (FPS7) while CPU is running
***JLink Error: Can not read register 41 (FPS8) while CPU is running
***JLink Error: Can not read register 42 (FPS9) while CPU is running
***JLink Error: Can not read register 43 (FPS10) while CPU is running
***JLink Error: Can not read register 44 (FPS11) while CPU is running
***JLink Error: Can not read register 45 (FPS12) while CPU is running
***JLink Error: Can not read register 46 (FPS13) while CPU is running
***JLink Error: Can not read register 47 (FPS14) while CPU is running
***JLink Error: Can not read register 48 (FPS15) while CPU is running
***JLink Error: Can not read register 49 (FPS16) while CPU is running
Erase Done.
Programming Done.
Verify OK.
Application running ...
